******************************************************************************
               TMS320C6x Linker PC v7.4.4                      
******************************************************************************
>> Linked Mon May 31 14:58:15 2021

OUTPUT FILE NAME:   <GTZ_all_freq.out>
ENTRY POINT SYMBOL: "_c_int00"  address: 0080f140


MEMORY CONFIGURATION

         name            origin    length      used     unused   attr    fill
----------------------  --------  ---------  --------  --------  ----  --------
  L2SRAM                00800000   00080000  0001ca8e  00063572  RW X
  MSMCSRAM              0c000000   00400000  00000000  00400000  RW X
  DDR2                  80000000   10000000  00000000  10000000  RWIX


SEGMENT ALLOCATION MAP

run origin  load origin   length   init length attrs members
----------  ----------- ---------- ----------- ----- -------
00800000    00800000    00016976   00016976    r-x
  00800000    00800000    000131e0   000131e0    r-x .text
  008131e0    008131e0    00003796   00003796    r-- .const
00816978    00816978    00004778   00000000    rw-
  00816978    00816978    00003778   00000000    rw- .far
  0081a0f0    0081a0f0    00001000   00000000    rw- .stack
0081b0f0    0081b0f0    00000dac   00000dac    rw-
  0081b0f0    0081b0f0    00000dac   00000dac    rw- .fardata
0081bea0    0081bea0    00000120   00000000    rw-
  0081bea0    0081bea0    00000120   00000000    rw- .cio
0081c000    0081c000    00000200   00000200    r-x
  0081c000    0081c000    00000200   00000200    r-x .vecs
0081c200    0081c200    00000034   00000000    rw-
  0081c200    0081c200    00000034   00000000    rw- .bss
0081c234    0081c234    00000068   00000068    rw-
  0081c234    0081c234    00000068   00000068    rw- .neardata
0081c29c    0081c29c    00000838   00000838    r--
  0081c29c    0081c29c    00000838   00000838    r-- .cinit


SECTION ALLOCATION MAP

 output                                  attributes/
section   page    origin      length       input sections
--------  ----  ----------  ----------   ----------------
.init_array 
*          0    00800000    00000000     UNINITIALIZED

xdc.meta   0    00800000    00000118     COPY SECTION
                  00800000    00000118     Sys_BIOs_config_pe66.oe66 (xdc.meta)

.text      0    00800000    000131e0     
                  00800000    00000b60     main_gtz.obj (.text)
                  00800b60    00000a20     util.obj (.text)
                  00801580    000008a0     sysbios.ae66 : BIOS.obj (.text:ti_sysbios_family_c64p_Exception_handler__I)
                  00801e20    000008a0     ti.targets.rts6000.ae66 : System.oe66 (.text:xdc_runtime_System_doPrint__I)
                  008026c0    00000600     sysbios.ae66 : BIOS.obj (.text:ti_sysbios_heaps_HeapMem_alloc__E)
                  00802cc0    00000600                  : BIOS.obj (.text:ti_sysbios_knl_Semaphore_pend__E)
                  008032c0    000005e0                  : BIOS.obj (.text:ti_sysbios_heaps_HeapMem_free__E)
                  008038a0    000005a0                  : BIOS.obj (.text:ti_sysbios_timers_timer64_Timer_Module_startup__F)
                  00803e40    00000500                  : BIOS.obj (.text:ti_sysbios_utils_Load_update__E)
                  00804340    00000420                  : BIOS.obj (.text:ti_sysbios_knl_Task_sleep__E)
                  00804760    00000420                  : BIOS.obj (.text:ti_sysbios_utils_Load_logLoads__I)
                  00804b80    00000300                  : BIOS.obj (.text:ti_sysbios_family_c64p_Hwi_dispatchC__I)
                  00804e80    000002e0                  : BIOS.obj (.text:ti_sysbios_heaps_HeapMem_Instance_init__F)
                  00805160    000002c0     ti.uia.runtime.ae66 : LoggerProbePoint.oe66 (.text:ti_uia_runtime_LoggerProbePoint_write8__E)
                  00805420    000002c0                         : LoggerStopMode.oe66 (.text:ti_uia_runtime_LoggerStopMode_write8__E)
                  008056e0    000002a0     sysbios.ae66 : BIOS.obj (.text:ti_sysbios_knl_Clock_Instance_init__F)
                  00805980    000002a0                  : BIOS.obj (.text:ti_sysbios_knl_Clock_workFunc__E)
                  00805c20    000002a0                  : BIOS.obj (.text:ti_sysbios_timers_timer64_Timer_deviceConfig__I)
                  00805ec0    00000280     rts6600_elf.lib : sin.obj (.text:sin)
                  00806140    00000280     ti.uia.runtime.ae66 : LoggerStopMode.oe66 (.text:ti_uia_runtime_LoggerStopMode_writeMemoryRange__E)
                  008063c0    00000280     ti.targets.rts6000.ae66 : Error.oe66 (.text:xdc_runtime_Error_raiseX__F)
                  00806640    00000260     sysbios.ae66 : BIOS.obj (.text:ti_sysbios_family_c64p_Exception_internalHandler__I)
                  008068a0    00000260                  : BIOS.obj (.text:ti_sysbios_knl_Semaphore_post__E)
                  00806b00    00000260     ti.uia.runtime.ae66 : LoggerProbePoint.oe66 (.text:ti_uia_runtime_LoggerProbePoint_write4__E)
                  00806d60    00000260                         : LoggerProbePoint.oe66 (.text:ti_uia_runtime_LoggerProbePoint_writeMemoryRange__E)
                  00806fc0    00000260     ti.targets.rts6000.ae66 : Startup.oe66 (.text:xdc_runtime_Startup_startMods__I)
                  00807220    00000260     Sys_BIOs_config_pe66.oe66 (.text:xdc_runtime_System_printfExtend__I)
                  00807480    00000240     rts6600_elf.lib : imath64.obj (.text:__c6xabi_divull)
                  008076c0    00000240     sysbios.ae66 : BIOS.obj (.text:ti_sysbios_knl_Task_exit__E)
                  00807900    00000240     ti.uia.runtime.ae66 : LoggerProbePoint.oe66 (.text:ti_uia_runtime_LoggerProbePoint_write0__E)
                  00807b40    00000240                         : LoggerProbePoint.oe66 (.text:ti_uia_runtime_LoggerProbePoint_write1__E)
                  00807d80    00000240                         : LoggerProbePoint.oe66 (.text:ti_uia_runtime_LoggerProbePoint_write2__E)
                  00807fc0    00000240                         : LoggerStopMode.oe66 (.text:ti_uia_runtime_LoggerStopMode_write4__E)
                  00808200    00000240     ti.targets.rts6000.ae66 : LoggerBuf.oe66 (.text:xdc_runtime_LoggerBuf_write8__F)
                  00808440    00000220     sysbios.ae66 : BIOS.obj (.text:ti_sysbios_knl_Swi_run__I)
                  00808660    00000220                  : BIOS.obj (.text:ti_sysbios_knl_Task_schedule__I)
                  00808880    00000220                  : BIOS.obj (.text:ti_sysbios_knl_Task_startCore__E)
                  00808aa0    00000220     ti.targets.rts6000.ae66 : Core-mem.oe66 (.text:xdc_runtime_Core_createObject__I)
                  00808cc0    00000200     sysbios.ae66 : c64p_Hwi_disp_always.obj (.text:_ti_sysbios_family_c64p_Hwi_dispatchAlways)
                  00808ec0    00000200     rts6600_elf.lib : setvbuf.obj (.text:setvbuf)
                  008090c0    00000200     sysbios.ae66 : BIOS.obj (.text:ti_sysbios_utils_Load_taskDeleteHook__E)
                  008092c0    000001e0                  : BIOS.obj (.text:ti_sysbios_family_c64p_Exception_externalHandler__I)
                  008094a0    000001e0                  : BIOS.obj (.text:ti_sysbios_knl_Task_checkStacks__E)
                  00809680    000001e0                  : BIOS.obj (.text:ti_sysbios_knl_Task_postInit__I)
                  00809860    000001e0                  : BIOS.obj (.text:ti_sysbios_timers_timer64_Timer_getFreq__E)
                  00809a40    000001e0                  : BIOS.obj (.text:ti_sysbios_utils_Load_idleFxn__E)
                  00809c20    000001c0                  : BIOS.obj (.text:ti_sysbios_family_c64p_Exception_decodeMpfsr__I)
                  00809de0    000001c0                  : BIOS.obj (.text:ti_sysbios_gates_GateMutex_enter__E)
                  00809fa0    000001c0                  : BIOS.obj (.text:ti_sysbios_timers_timer64_Timer_setPeriodMicroSecs__E)
                  0080a160    000001c0     ti.targets.rts6000.ae66 : Text.oe66 (.text:xdc_runtime_Text_putSite__F)
                  0080a320    000001a0     rts6600_elf.lib : trgdrv.obj (.text:HOSTrename)
                  0080a4c0    000001a0     sysbios.ae66 : BIOS.obj (.text:ti_sysbios_timers_timer64_Timer_start__E)
                  0080a660    000001a0     ti.targets.rts6000.ae66 : LoggerBuf.oe66 (.text:xdc_runtime_LoggerBuf_write4__F)
                  0080a800    00000180     rts6600_elf.lib : copy_decompress_rle.obj (.text:__TI_decompress_rle_core)
                  0080a980    00000180     sysbios.ae66 : c64p_Exception_asm.obj (.text)
                  0080ab00    00000180                  : BIOS.obj (.text:ti_sysbios_knl_Swi_schedule__I)
                  0080ac80    00000180                  : BIOS.obj (.text:ti_sysbios_knl_Task_unblockI__E)
                  0080ae00    00000160                  : BIOS.obj (.text:ti_sysbios_utils_Load_taskCreateHook__E)
                  0080af60    00000140     boot.ae66 : autoinit.oe66 (.text:_auto_init_elf)
                  0080b0a0    00000140     rts6600_elf.lib : fgetc.obj (.text:fgetc)
                  0080b1e0    00000140                     : lowlev.obj (.text:getdevice)
                  0080b320    00000140     sysbios.ae66 : BIOS.obj (.text:ti_sysbios_family_c64p_Exception_Module_startup__F)
                  0080b460    00000140                  : BIOS.obj (.text:ti_sysbios_family_c64p_Hwi_Module_startup__F)
                  0080b5a0    00000140                  : BIOS.obj (.text:ti_sysbios_family_c66_Cache_Module_startup__F)
                  0080b6e0    00000140                  : BIOS.obj (.text:ti_sysbios_knl_Semaphore_Instance_init__F)
                  0080b820    00000140                  : BIOS.obj (.text:ti_sysbios_knl_Swi_post__E)
                  0080b960    00000140                  : BIOS.obj (.text:ti_sysbios_knl_Task_Module_startup__F)
                  0080baa0    00000140                  : BIOS.obj (.text:ti_sysbios_knl_Task_blockI__E)
                  0080bbe0    00000140     ti.targets.rts6000.ae66 : Text.oe66 (.text:xdc_runtime_Text_putLab__F)
                  0080bd20    00000120     rts6600_elf.lib : _bufread.obj (.text:_buff_read)
                  0080be40    00000120                     : fclose.obj (.text:_closefile)
                  0080bf60    00000120                     : fseek.obj (.text:fseek)
                  0080c080    00000120     sysbios.ae66 : BIOS.obj (.text:ti_sysbios_BIOS_rtsUnlock__I)
                  0080c1a0    00000120                  : BIOS.obj (.text:ti_sysbios_knl_Clock_startI__E)
                  0080c2c0    00000120     ti.uia.runtime.ae66 : LoggerProbePoint.oe66 (.text:ti_uia_runtime_LoggerProbePoint_setFilterLevel__E)
                  0080c3e0    00000120                         : LoggerStopMode.oe66 (.text:ti_uia_runtime_LoggerStopMode_setFilterLevel__E)
                  0080c500    00000120                         : QueueDescriptor.oe66 (.text:ti_uia_runtime_QueueDescriptor_addToList__E)
                  0080c620    00000120     ti.targets.rts6000.ae66 : LoggerBuf.oe66 (.text:xdc_runtime_LoggerBuf_setFilterLevel__F)
                  0080c740    00000120                             : Text.oe66 (.text:xdc_runtime_Text_putMod__F)
                  0080c860    00000100     rts6600_elf.lib : trgdrv.obj (.text:HOSTlseek)
                  0080c960    00000100     sysbios.ae66 : BIOS.obj (.text:ti_sysbios_knl_Swi_restoreHwi__E)
                  0080ca60    00000100                  : BIOS.obj (.text:ti_sysbios_timers_timer64_Timer_initDevice__I)
                  0080cb60    00000100                  : BIOS.obj (.text:ti_sysbios_utils_Load_addTask__E)
                  0080cc60    00000100     ti.uia.runtime.ae66 : LoggerProbePoint.oe66 (.text:ti_uia_runtime_LoggerProbePoint_getFilterLevel__E)
                  0080cd60    00000100                         : LoggerStopMode.oe66 (.text:ti_uia_runtime_LoggerStopMode_getContents__E)
                  0080ce60    00000100                         : LoggerStopMode.oe66 (.text:ti_uia_runtime_LoggerStopMode_getFilterLevel__E)
                  0080cf60    00000100     ti.targets.rts6000.ae66 : Core-mem.oe66 (.text:xdc_runtime_Core_deleteObject__I)
                  0080d060    00000100                             : LoggerBuf.oe66 (.text:xdc_runtime_LoggerBuf_getFilterLevel__F)
                  0080d160    00000100                             : Startup.oe66 (.text:xdc_runtime_Startup_exec__F)
                  0080d260    00000100                             : Text.oe66 (.text:xdc_runtime_Text_visitRope2__I)
                  0080d360    000000e0     rts6600_elf.lib : trgdrv.obj (.text:HOSTopen)
                  0080d440    000000e0                     : lowlev.obj (.text:close)
                  0080d520    000000e0                     : copy_zero_init.obj (.text:decompress:ZI:__TI_zero_init)
                  0080d600    000000e0                     : memset.obj (.text:memset)
                  0080d6e0    000000e0     sysbios.ae66 : BIOS.obj (.text:ti_sysbios_knl_Clock_start__E)
                  0080d7c0    000000e0     Sys_BIOs_config_pe66.oe66 (.text:ti_uia_runtime_LoggerProbePoint_Object__create__S)
                  0080d8a0    000000e0     ti.uia.runtime.ae66 : LoggerProbePoint.oe66 (.text:ti_uia_runtime_LoggerProbePoint_getContents__E)
                  0080d980    000000e0                         : LoggerProbePoint.oe66 (.text:ti_uia_runtime_LoggerProbePoint_writeBlockOfMemory__I)
                  0080da60    000000e0     Sys_BIOs_config_pe66.oe66 (.text:ti_uia_runtime_LoggerStopMode_Object__create__S)
                  0080db40    000000e0     ti.uia.runtime.ae66 : LoggerStopMode.oe66 (.text:ti_uia_runtime_LoggerStopMode_writeBlockOfMemory__I)
                  0080dc20    000000e0                         : QueueDescriptor.oe66 (.text:ti_uia_runtime_QueueDescriptor_removeFromList__E)
                  0080dd00    000000e0     ti.targets.rts6000.ae66 : Error.oe66 (.text:xdc_runtime_Error_print__F)
                  0080dde0    000000e0     Sys_BIOs_config_pe66.oe66 (.text:xdc_runtime_LoggerBuf_Object__create__S)
                  0080dec0    000000e0     ti.targets.rts6000.ae66 : Memory.oe66 (.text:xdc_runtime_Memory_alloc__F)
                  0080dfa0    000000c0     rts6600_elf.lib : trgdrv.obj (.text:HOSTread)
                  0080e060    000000c0                     : trgdrv.obj (.text:HOSTunlink)
                  0080e120    000000c0                     : trgdrv.obj (.text:HOSTwrite)
                  0080e1e0    000000c0                     : dtor_list.obj (.text:_Z11__TI_atexitPFYvPvES_S_)
                  0080e2a0    000000c0                     : dtor_list.obj (.text:__cxa_finalize)
                  0080e360    000000c0                     : divu.obj (.text:__divu)
                  0080e420    000000c0                     : fflush.obj (.text:_doflush)
                  0080e4e0    000000c0                     : _io_perm.obj (.text:_rd_ok)
                  0080e5a0    000000c0                     : exit.obj (.text:exit)
                  0080e660    000000c0     sysbios.ae66 : BIOS.obj (.text:ti_sysbios_BIOS_errorRaiseHook__I)
                  0080e720    000000c0                  : BIOS.obj (.text:ti_sysbios_heaps_HeapMem_getStats__E)
                  0080e7e0    000000c0                  : BIOS.obj (.text:ti_sysbios_knl_Clock_logTick__E)
                  0080e8a0    000000c0                  : BIOS.obj (.text:ti_sysbios_knl_Task_allBlockedFunction__I)
                  0080e960    000000c0                  : BIOS.obj (.text:ti_sysbios_timers_timer64_Timer_startup__E)
                  0080ea20    000000c0                  : BIOS.obj (.text:ti_sysbios_utils_Load_taskSwitchHook__E)
                  0080eae0    000000c0     ti.uia.runtime.ae66 : LoggerProbePoint.oe66 (.text:ti_uia_runtime_LoggerProbePoint_Instance_init__F)
                  0080eba0    000000c0                         : LoggerProbePoint.oe66 (.text:ti_uia_runtime_LoggerProbePoint_Module_startup__F)
                  0080ec60    000000c0                         : LoggerStopMode.oe66 (.text:ti_uia_runtime_LoggerStopMode_Instance_init__F)
                  0080ed20    000000c0                         : LoggerStopMode.oe66 (.text:ti_uia_runtime_LoggerStopMode_Module_startup__F)
                  0080ede0    000000c0     ti.targets.rts6000.ae66 : LoggerBuf.oe66 (.text:xdc_runtime_LoggerBuf_Instance_init__F)
                  0080eea0    000000c0                             : System.oe66 (.text:xdc_runtime_System_formatNum__I)
                  0080ef60    000000a0     rts6600_elf.lib : trgdrv.obj (.text:HOSTclose)
                  0080f000    000000a0                     : round.obj (.text:__c6xabi_nround)
                  0080f0a0    000000a0                     : remu.obj (.text:__remu)
                  0080f140    000000a0     boot.ae66 : boot.oe66 (.text:_c_int00)
                  0080f1e0    000000a0     rts6600_elf.lib : fopen.obj (.text:_cleanup)
                  0080f280    000000a0                     : lowlev.obj (.text:finddevice)
                  0080f320    000000a0                     : lowlev.obj (.text:lseek)
                  0080f3c0    000000a0                     : memcpy64.obj (.text:memcpy)
                  0080f460    000000a0                     : modf.obj (.text:modf)
                  0080f500    000000a0                     : lowlev.obj (.text:read)
                  0080f5a0    000000a0     sysbios.ae66 : BIOS.obj (.text:ti_sysbios_family_c64p_Hwi_getStackInfo__E)
                  0080f640    000000a0                  : BIOS.obj (.text:ti_sysbios_heaps_HeapMem_init__I)
                  0080f6e0    000000a0     Sys_BIOs_config_pe66.oe66 (.text:ti_sysbios_knl_Clock_Object__create__S)
                  0080f780    000000a0     sysbios.ae66 : BIOS.obj (.text:ti_sysbios_knl_Idle_run__E)
                  0080f820    000000a0                  : BIOS.obj (.text:ti_sysbios_knl_Semaphore_pendTimeout__I)
                  0080f8c0    000000a0                  : BIOS.obj (.text:ti_sysbios_knl_Task_processVitalTaskFlag__I)
                  0080f960    000000a0                  : BIOS.obj (.text:ti_sysbios_timers_timer64_Timer_stop__E)
                  0080fa00    000000a0     ti.uia.runtime.ae66 : LoggerProbePoint.oe66 (.text:ti_uia_runtime_LoggerProbePoint_readBlockOfMemory__I)
                  0080faa0    000000a0                         : LoggerStopMode.oe66 (.text:ti_uia_runtime_LoggerStopMode_readBlockOfMemory__I)
                  0080fb40    000000a0     rts6600_elf.lib : lowlev.obj (.text:write)
                  0080fbe0    000000a0     ti.targets.rts6000.ae66 : Assert.oe66 (.text:xdc_runtime_Assert_raise__I)
                  0080fc80    000000a0                             : LoggerBuf.oe66 (.text:xdc_runtime_LoggerBuf_Module_startup__F)
                  0080fd20    000000a0                             : SysMin.oe66 (.text:xdc_runtime_SysMin_abort__F)
                  0080fdc0    000000a0                             : SysMin.oe66 (.text:xdc_runtime_SysMin_flush__F)
                  0080fe60    000000a0                             : SysMin.oe66 (.text:xdc_runtime_SysMin_putch__F)
                  0080ff00    000000a0                             : Text.oe66 (.text:xdc_runtime_Text_xprintf__I)
                  0080ffa0    00000080     rts6600_elf.lib : llshift.obj (.text:__c6xabi_llshl)
                  00810020    00000080     sysbios.ae66 : c62_TaskSupport_asm.obj (.text:_ti_sysbios_family_c62_TaskSupport_swap__E)
                  008100a0    00000080     Sys_BIOs_config_pe66.oe66 (.text:malloc)
                  00810120    00000080     rts6600_elf.lib : trgmsg.obj (.text:readmsg)
                  008101a0    00000080     Sys_BIOs_config_pe66.oe66 (.text:ti_sysbios_BIOS_exitFunc__I)
                  00810220    00000080     sysbios.ae66 : BIOS.obj (.text:ti_sysbios_BIOS_registerRTSLock__I)
                  008102a0    00000080     Sys_BIOs_config_pe66.oe66 (.text:ti_sysbios_gates_GateHwi_Object__create__S)
                  00810320    00000080     Sys_BIOs_config_pe66.oe66 (.text:ti_sysbios_gates_GateMutex_Object__create__S)
                  008103a0    00000080     sysbios.ae66 : BIOS.obj (.text:ti_sysbios_hal_Hwi_checkStack:ti_sysbios_hal_Hwi_checkStack)
                  00810420    00000080                  : BIOS.obj (.text:ti_sysbios_hal_Hwi_initStack:ti_sysbios_hal_Hwi_initStack)
                  008104a0    00000080     Sys_BIOs_config_pe66.oe66 (.text:ti_sysbios_heaps_HeapMem_Object__create__S)
                  00810520    00000080     sysbios.ae66 : BIOS.obj (.text:ti_sysbios_knl_Clock_Module_startup__F)
                  008105a0    00000080     Sys_BIOs_config_pe66.oe66 (.text:ti_sysbios_knl_Clock_doTick__I)
                  00810620    00000080     sysbios.ae66 : BIOS.obj (.text:ti_sysbios_knl_Clock_getTicks__E)
                  008106a0    00000080     Sys_BIOs_config_pe66.oe66 (.text:ti_sysbios_knl_Queue_Object__create__S)
                  00810720    00000080     Sys_BIOs_config_pe66.oe66 (.text:ti_sysbios_knl_Semaphore_Object__create__S)
                  008107a0    00000080     sysbios.ae66 : BIOS.obj (.text:ti_sysbios_knl_Swi_startup__E)
                  00810820    00000080                  : BIOS.obj (.text:ti_sysbios_knl_Task_restore__E)
                  008108a0    00000080                  : BIOS.obj (.text:ti_sysbios_timers_timer64_Timer_getCount__E)
                  00810920    00000080                  : BIOS.obj (.text:ti_sysbios_timers_timer64_Timer_getPeriod__E)
                  008109a0    00000080     ti.uia.runtime.ae66 : LoggerProbePoint.oe66 (.text:ti_uia_runtime_LoggerProbePoint_disable__E)
                  00810a20    00000080                         : LoggerProbePoint.oe66 (.text:ti_uia_runtime_LoggerProbePoint_enable__E)
                  00810aa0    00000080                         : LoggerProbePoint.oe66 (.text:ti_uia_runtime_LoggerProbePoint_filterOutEvent__I)
                  00810b20    00000080                         : LoggerProbePoint.oe66 (.text:ti_uia_runtime_LoggerProbePoint_reset__F)
                  00810ba0    00000080                         : LoggerStopMode.oe66 (.text:ti_uia_runtime_LoggerStopMode_disable__E)
                  00810c20    00000080                         : LoggerStopMode.oe66 (.text:ti_uia_runtime_LoggerStopMode_enable__E)
                  00810ca0    00000080                         : LoggerStopMode.oe66 (.text:ti_uia_runtime_LoggerStopMode_filterOutEvent__I)
                  00810d20    00000080                         : LoggerStopMode.oe66 (.text:ti_uia_runtime_LoggerStopMode_reset__F)
                  00810da0    00000080     rts6600_elf.lib : lowlev.obj (.text:unlink)
                  00810e20    00000080     ti.targets.rts6000.ae66 : Core-label.oe66 (.text:xdc_runtime_Core_assignLabel__I)
                  00810ea0    00000080                             : Core-params.oe66 (.text:xdc_runtime_Core_assignParams__I)
                  00810f20    00000080                             : LoggerBuf.oe66 (.text:xdc_runtime_LoggerBuf_filterOutEvent__I)
                  00810fa0    00000080     Sys_BIOs_config_pe66.oe66 (.text:xdc_runtime_SysMin_output__I)
                  00811020    00000080     ti.targets.rts6000.ae66 : System.oe66 (.text:xdc_runtime_System_atexit__F)
                  008110a0    00000080                             : System.oe66 (.text:xdc_runtime_System_putchar__I)
                  00811120    00000080                             : System.oe66 (.text:xdc_runtime_System_rtsExit__I)
                  008111a0    00000080                             : Text.oe66 (.text:xdc_runtime_Text_printVisFxn__I)
                  00811220    00000060     rts6600_elf.lib : llshift.obj (.text:__c6xabi_llshru)
                  00811280    00000060                     : imath64.obj (.text:_subcull)
                  008112e0    00000060     sysbios.ae66 : BIOS.obj (.text:ti_sysbios_BIOS_rtsLock__I)
                  00811340    00000060                  : BIOS.obj (.text:ti_sysbios_family_c62_TaskSupport_start__E)
                  008113a0    00000060                  : BIOS.obj (.text:ti_sysbios_gates_GateMutex_Instance_init__F)
                  00811400    00000060     Sys_BIOs_config_pe66.oe66 (.text:ti_sysbios_gates_GateMutex_Object__delete__S)
                  00811460    00000060     sysbios.ae66 : BIOS.obj (.text:ti_sysbios_knl_Swi_Module_startup__F)
                  008114c0    00000060                  : BIOS.obj (.text:ti_sysbios_knl_Task_enter__I)
                  00811520    00000060                  : BIOS.obj (.text:ti_sysbios_knl_Task_sleepTimeout__I)
                  00811580    00000060     ti.uia.runtime.ae66 : LogSync.oe66 (.text:ti_uia_runtime_LogSync_Module_startup__F)
                  008115e0    00000060                         : LoggerProbePoint.oe66 (.text:ti_uia_runtime_LoggerProbePoint_Instance_finalize__F)
                  00811640    00000060     Sys_BIOs_config_pe66.oe66 (.text:ti_uia_runtime_LoggerProbePoint_Object__delete__S)
                  008116a0    00000060     ti.uia.runtime.ae66 : LoggerStopMode.oe66 (.text:ti_uia_runtime_LoggerStopMode_Instance_finalize__F)
                  00811700    00000060     Sys_BIOs_config_pe66.oe66 (.text:ti_uia_runtime_LoggerStopMode_Object__delete__S)
                  00811760    00000060     rts6600_elf.lib : trgmsg.obj (.text:writemsg)
                  008117c0    00000060     Sys_BIOs_config_pe66.oe66 (.text:xdc_runtime_LoggerBuf_Object__delete__S)
                  00811820    00000060     ti.targets.rts6000.ae66 : Memory.oe66 (.text:xdc_runtime_Memory_calloc__F)
                  00811880    00000060                             : SysMin.oe66 (.text:xdc_runtime_SysMin_Module_startup__F)
                  008118e0    00000060                             : SysMin.oe66 (.text:xdc_runtime_SysMin_exit__F)
                  00811940    00000060                             : System.oe66 (.text:xdc_runtime_System_avprintf__F)
                  008119a0    00000060                             : System.oe66 (.text:xdc_runtime_System_vprintf__F)
                  00811a00    00000060                             : Text.oe66 (.text:xdc_runtime_Text_cordText__F)
                  00811a60    00000040     rts6600_elf.lib : args_main.obj (.text:_args_main)
                  00811aa0    00000040     sysbios.ae66 : c62_TaskSupport_asm.obj (.text:_ti_sysbios_family_c62_TaskSupport_buildTaskStack)
                  00811ae0    00000040                  : c64p_Hwi_asm_switch.obj (.text:_ti_sysbios_family_xxx_Hwi_switchToIsrStack)
                  00811b20    00000040     Sys_BIOs_config_pe66.oe66 (.text:free)
                  00811b60    00000040     Sys_BIOs_config_pe66.oe66 (.text:ti_sysbios_BIOS_startFunc__I)
                  00811ba0    00000040     Sys_BIOs_config_pe66.oe66 (.text:ti_sysbios_family_c64p_Hwi_Module__startupDone__F)
                  00811be0    00000040     sysbios.ae66 : BIOS.obj (.text:ti_sysbios_family_c64p_Hwi_disableInterrupt__E)
                  00811c20    00000040                  : BIOS.obj (.text:ti_sysbios_family_c64p_Hwi_enableInterrupt__E)
                  00811c60    00000040     Sys_BIOs_config_pe66.oe66 (.text:ti_sysbios_gates_GateHwi_Handle__label__S)
                  00811ca0    00000040     Sys_BIOs_config_pe66.oe66 (.text:ti_sysbios_gates_GateHwi_Object__delete__S)
                  00811ce0    00000040     Sys_BIOs_config_pe66.oe66 (.text:ti_sysbios_gates_GateMutex_Handle__label__S)
                  00811d20    00000040     sysbios.ae66 : BIOS.obj (.text:ti_sysbios_gates_GateMutex_leave__E)
                  00811d60    00000040     Sys_BIOs_config_pe66.oe66 (.text:ti_sysbios_hal_Timer_Module__startupDone__F)
                  00811da0    00000040     Sys_BIOs_config_pe66.oe66 (.text:ti_sysbios_heaps_HeapMem_Handle__label__S)
                  00811de0    00000040     Sys_BIOs_config_pe66.oe66 (.text:ti_sysbios_heaps_HeapMem_Object__delete__S)
                  00811e20    00000040     Sys_BIOs_config_pe66.oe66 (.text:ti_sysbios_heaps_HeapMem_Object__get__S)
                  00811e60    00000040     Sys_BIOs_config_pe66.oe66 (.text:ti_sysbios_knl_Semaphore_Object__destruct__S)
                  00811ea0    00000040     Sys_BIOs_config_pe66.oe66 (.text:ti_sysbios_knl_Swi_Object__get__S)
                  00811ee0    00000040     Sys_BIOs_config_pe66.oe66 (.text:ti_sysbios_knl_Task_Object__get__S)
                  00811f20    00000040     Sys_BIOs_config_pe66.oe66 (.text:ti_sysbios_timers_timer64_Timer_Module__startupDone__F)
                  00811f60    00000040     Sys_BIOs_config_pe66.oe66 (.text:ti_uia_family_c66_TimestampC66XGlobal_Module__startupDone__F)
                  00811fa0    00000040     Sys_BIOs_config_pe66.oe66 (.text:ti_uia_runtime_LoggerProbePoint_Handle__label__S)
                  00811fe0    00000040     Sys_BIOs_config_pe66.oe66 (.text:ti_uia_runtime_LoggerProbePoint_Object__get__S)
                  00812020    00000040     Sys_BIOs_config_pe66.oe66 (.text:ti_uia_runtime_LoggerStopMode_Handle__label__S)
                  00812060    00000040     Sys_BIOs_config_pe66.oe66 (.text:ti_uia_runtime_LoggerStopMode_Object__get__S)
                  008120a0    00000040     ti.uia.runtime.ae66 : LoggerStopMode.oe66 (.text:ti_uia_runtime_LoggerStopMode_write0__E)
                  008120e0    00000040                         : LoggerStopMode.oe66 (.text:ti_uia_runtime_LoggerStopMode_write1__E)
                  00812120    00000040                         : LoggerStopMode.oe66 (.text:ti_uia_runtime_LoggerStopMode_write2__E)
                  00812160    00000040                         : QueueDescriptor.oe66 (.text:ti_uia_runtime_QueueDescriptor_initHeader__E)
                  008121a0    00000040     ti.targets.rts6000.ae66 : Error.oe66 (.text:xdc_runtime_Error_check__F)
                  008121e0    00000040                             : Error.oe66 (.text:xdc_runtime_Error_init__F)
                  00812220    00000040                             : Gate.oe66 (.text:xdc_runtime_Gate_leaveSystem__F)
                  00812260    00000040     Sys_BIOs_config_pe66.oe66 (.text:xdc_runtime_LoggerBuf_Handle__label__S)
                  008122a0    00000040     ti.targets.rts6000.ae66 : LoggerBuf.oe66 (.text:xdc_runtime_LoggerBuf_Instance_finalize__F)
                  008122e0    00000040     Sys_BIOs_config_pe66.oe66 (.text:xdc_runtime_LoggerBuf_Object__get__S)
                  00812320    00000040     ti.targets.rts6000.ae66 : LoggerBuf.oe66 (.text:xdc_runtime_LoggerBuf_write0__F)
                  00812360    00000040                             : LoggerBuf.oe66 (.text:xdc_runtime_LoggerBuf_write1__F)
                  008123a0    00000040                             : LoggerBuf.oe66 (.text:xdc_runtime_LoggerBuf_write2__F)
                  008123e0    00000040                             : Memory.oe66 (.text:xdc_runtime_Memory_free__F)
                  00812420    00000040                             : Registry.oe66 (.text:xdc_runtime_Registry_findById__F)
                  00812460    00000040                             : System.oe66 (.text:xdc_runtime_System_abort__F)
                  008124a0    00000040     Sys_BIOs_config_pe66.oe66 (.text:xdc_runtime_System_aprintf__E)
                  008124e0    00000040     Sys_BIOs_config_pe66.oe66 (.text:xdc_runtime_System_printf__E)
                  00812520    00000040     ti.targets.rts6000.ae66 : Text.oe66 (.text:xdc_runtime_Text_ropeText__F)
                  00812560    00000020     rts6600_elf.lib : trunc.obj (.text:__c6xabi_trunc)
                  00812580    00000020                     : dtor_list.obj (.text:__cxa_atexit)
                  008125a0    00000020                     : dtor_list.obj (.text:__cxa_ia64_exit)
                  008125c0    00000020     ti.targets.rts6000.ae66 : xdc_noinit.oe66 (.text:__xdc__init)
                  008125e0    00000020     rts6600_elf.lib : _lock.obj (.text:_nop)
                  00812600    00000020                     : _lock.obj (.text:_register_lock)
                  00812620    00000020                     : _lock.obj (.text:_register_unlock)
                  00812640    00000020     sysbios.ae66 : c62_TaskSupport_asm.obj (.text:_ti_sysbios_family_c62_TaskSupport_glue)
                  00812660    00000020                  : c64p_Hwi_asm_switch.obj (.text:_ti_sysbios_family_xxx_Hwi_switchToTaskStack)
                  00812680    00000020     rts6600_elf.lib : exit.obj (.text:abort)
                  008126a0    00000020                     : dtor_list.obj (.text:atexit)
                  008126c0    00000020                     : copy_decompress_none.obj (.text:decompress:none:__TI_decompress_none)
                  008126e0    00000020                     : copy_decompress_rle.obj (.text:decompress:rle24:__TI_decompress_rle24)
                  00812700    00000020                     : fgetc.obj (.text:getc)
                  00812720    00000020                     : fgetc.obj (.text:getchar)
                  00812740    00000020     Sys_BIOs_config_pe66.oe66 (.text:ti_sysbios_BIOS_RtsGateProxy_enter__E)
                  00812760    00000020     Sys_BIOs_config_pe66.oe66 (.text:ti_sysbios_BIOS_RtsGateProxy_leave__E)
                  00812780    00000020     sysbios.ae66 : BIOS.obj (.text:ti_sysbios_BIOS_getCpuFreq__E)
                  008127a0    00000020                  : BIOS.obj (.text:ti_sysbios_BIOS_nullFunc__I)
                  008127c0    00000020                  : BIOS.obj (.text:ti_sysbios_BIOS_setThreadType__E)
                  008127e0    00000020                  : BIOS.obj (.text:ti_sysbios_BIOS_start__E)
                  00812800    00000020     Sys_BIOs_config_pe66.oe66 (.text:ti_sysbios_family_c62_TaskSupport_Module__startupDone__S)
                  00812820    00000020     sysbios.ae66 : BIOS.obj (.text:ti_sysbios_family_c62_TaskSupport_checkStack__E)
                  00812840    00000020                  : BIOS.obj (.text:ti_sysbios_family_c64p_Hwi_clearInterrupt__E)
                  00812860    00000020                  : BIOS.obj (.text:ti_sysbios_family_c64p_Hwi_startup__E)
                  00812880    00000020                  : BIOS.obj (.text:ti_sysbios_family_c64p_Hwi_switchFromBootStack__E)
                  008128a0    00000020                  : BIOS.obj (.text:ti_sysbios_family_c64p_TimestampProvider_Module_startup__F)
                  008128c0    00000020                  : BIOS.obj (.text:ti_sysbios_family_c64p_TimestampProvider_get32__E)
                  008128e0    00000020                  : BIOS.obj (.text:ti_sysbios_family_c64p_TimestampProvider_get64__E)
                  00812900    00000020                  : BIOS.obj (.text:ti_sysbios_family_c64p_tci6488_TimerSupport_enable__E)
                  00812920    00000020                  : BIOS.obj (.text:ti_sysbios_gates_GateHwi_Instance_init__F)
                  00812940    00000020                  : BIOS.obj (.text:ti_sysbios_gates_GateHwi_enter__E)
                  00812960    00000020                  : BIOS.obj (.text:ti_sysbios_gates_GateHwi_leave__E)
                  00812980    00000020                  : BIOS.obj (.text:ti_sysbios_gates_GateHwi_query__F)
                  008129a0    00000020                  : BIOS.obj (.text:ti_sysbios_gates_GateMutex_Instance_finalize__F)
                  008129c0    00000020                  : BIOS.obj (.text:ti_sysbios_gates_GateMutex_query__F)
                  008129e0    00000020     Sys_BIOs_config_pe66.oe66 (.text:ti_sysbios_hal_Hwi_HwiProxy_Module__startupDone__S)
                  00812a00    00000020     sysbios.ae66 : BIOS.obj (.text:ti_sysbios_hal_Hwi_Module_startup__F)
                  00812a20    00000020                  : BIOS.obj (.text:ti_sysbios_hal_Timer_Module_startup__F)
                  00812a40    00000020     Sys_BIOs_config_pe66.oe66 (.text:ti_sysbios_hal_Timer_TimerProxy_Module__startupDone__S)
                  00812a60    00000020     Sys_BIOs_config_pe66.oe66 (.text:ti_sysbios_hal_Timer_TimerProxy_getExpiredCounts__E)
                  00812a80    00000020     Sys_BIOs_config_pe66.oe66 (.text:ti_sysbios_hal_Timer_TimerProxy_getPeriod__E)
                  00812aa0    00000020     Sys_BIOs_config_pe66.oe66 (.text:ti_sysbios_hal_Timer_TimerProxy_setNextTick__E)
                  00812ac0    00000020     Sys_BIOs_config_pe66.oe66 (.text:ti_sysbios_heaps_HeapMem_Module_GateProxy_enter__E)
                  00812ae0    00000020     Sys_BIOs_config_pe66.oe66 (.text:ti_sysbios_heaps_HeapMem_Module_GateProxy_leave__E)
                  00812b00    00000020     sysbios.ae66 : BIOS.obj (.text:ti_sysbios_heaps_HeapMem_isBlocking__E)
                  00812b20    00000020     Sys_BIOs_config_pe66.oe66 (.text:ti_sysbios_knl_Clock_Params__init__S)
                  00812b40    00000020     sysbios.ae66 : BIOS.obj (.text:ti_sysbios_knl_Idle_loop__E)
                  00812b60    00000020                  : BIOS.obj (.text:ti_sysbios_knl_Queue_Instance_init__F)
                  00812b80    00000020     Sys_BIOs_config_pe66.oe66 (.text:ti_sysbios_knl_Queue_Object__destruct__S)
                  00812ba0    00000020     Sys_BIOs_config_pe66.oe66 (.text:ti_sysbios_knl_Queue_Object__get__S)
                  00812bc0    00000020     sysbios.ae66 : BIOS.obj (.text:ti_sysbios_knl_Queue_empty__E)
                  00812be0    00000020                  : BIOS.obj (.text:ti_sysbios_knl_Semaphore_Instance_finalize__F)
                  00812c00    00000020                  : BIOS.obj (.text:ti_sysbios_knl_Swi_disable__E)
                  00812c20    00000020     Sys_BIOs_config_pe66.oe66 (.text:ti_sysbios_knl_Task_Object__first__S)
                  00812c40    00000020     Sys_BIOs_config_pe66.oe66 (.text:ti_sysbios_knl_Task_Object__next__S)
                  00812c60    00000020     Sys_BIOs_config_pe66.oe66 (.text:ti_sysbios_knl_Task_SupportProxy_Module__startupDone__S)
                  00812c80    00000020     sysbios.ae66 : BIOS.obj (.text:ti_sysbios_knl_Task_disable__E)
                  00812ca0    00000020                  : BIOS.obj (.text:ti_sysbios_knl_Task_startup__E)
                  00812cc0    00000020                  : BIOS.obj (.text:ti_sysbios_timers_timer64_Timer_setNextTick__E)
                  00812ce0    00000020                  : BIOS.obj (.text:ti_sysbios_utils_Load_taskRegHook__E)
                  00812d00    00000020     ti.uia.family.c66.ae66 : TimestampC66XGlobal.oe66 (.text:ti_uia_family_c66_TimestampC66XGlobal_Module_startup__F)
                  00812d20    00000020     Sys_BIOs_config_pe66.oe66 (.text:ti_uia_runtime_LogSync_CpuTimestampProxy_Module__startupDone__S)
                  00812d40    00000020     Sys_BIOs_config_pe66.oe66 (.text:ti_uia_runtime_LogSync_GlobalTimestampProxy_Module__startupDone__S)
                  00812d60    00000020     ti.uia.runtime.ae66 : LoggerProbePoint.oe66 (.text:ti_uia_runtime_LoggerProbePoint_getFreeSize__E)
                  00812d80    00000020                         : LoggerProbePoint.oe66 (.text:ti_uia_runtime_LoggerProbePoint_getInstanceId__E)
                  00812da0    00000020                         : LoggerProbePoint.oe66 (.text:ti_uia_runtime_LoggerProbePoint_getMaxLength__E)
                  00812dc0    00000020                         : LoggerProbePoint.oe66 (.text:ti_uia_runtime_LoggerProbePoint_getPriority__E)
                  00812de0    00000020                         : LoggerProbePoint.oe66 (.text:ti_uia_runtime_LoggerProbePoint_getTransferType__F)
                  00812e00    00000020                         : LoggerProbePoint.oe66 (.text:ti_uia_runtime_LoggerProbePoint_getUnreadSize__E)
                  00812e20    00000020                         : LoggerProbePoint.oe66 (.text:ti_uia_runtime_LoggerProbePoint_isEmpty__E)
                  00812e40    00000020                         : LoggerProbePoint.oe66 (.text:ti_uia_runtime_LoggerProbePoint_setPriority__E)
                  00812e60    00000020                         : LoggerStopMode.oe66 (.text:ti_uia_runtime_LoggerStopMode_getFreeSize__E)
                  00812e80    00000020                         : LoggerStopMode.oe66 (.text:ti_uia_runtime_LoggerStopMode_getInstanceId__E)
                  00812ea0    00000020                         : LoggerStopMode.oe66 (.text:ti_uia_runtime_LoggerStopMode_getMaxLength__E)
                  00812ec0    00000020                         : LoggerStopMode.oe66 (.text:ti_uia_runtime_LoggerStopMode_getPriority__E)
                  00812ee0    00000020                         : LoggerStopMode.oe66 (.text:ti_uia_runtime_LoggerStopMode_getTransferType__F)
                  00812f00    00000020                         : LoggerStopMode.oe66 (.text:ti_uia_runtime_LoggerStopMode_getUnreadSize__E)
                  00812f20    00000020                         : LoggerStopMode.oe66 (.text:ti_uia_runtime_LoggerStopMode_isEmpty__E)
                  00812f40    00000020                         : LoggerStopMode.oe66 (.text:ti_uia_runtime_LoggerStopMode_setPriority__E)
                  00812f60    00000020     ti.targets.rts6000.ae66 : Gate.oe66 (.text:xdc_runtime_Gate_enterSystem__F)
                  00812f80    00000020     Sys_BIOs_config_pe66.oe66 (.text:xdc_runtime_IHeap_alloc)
                  00812fa0    00000020     Sys_BIOs_config_pe66.oe66 (.text:xdc_runtime_IHeap_free)
                  00812fc0    00000020     Sys_BIOs_config_pe66.oe66 (.text:xdc_runtime_LoggerBuf_Module_GateProxy_enter__E)
                  00812fe0    00000020     Sys_BIOs_config_pe66.oe66 (.text:xdc_runtime_LoggerBuf_Module_GateProxy_leave__E)
                  00813000    00000020     ti.targets.rts6000.ae66 : LoggerBuf.oe66 (.text:xdc_runtime_LoggerBuf_disable__F)
                  00813020    00000020                             : LoggerBuf.oe66 (.text:xdc_runtime_LoggerBuf_enable__F)
                  00813040    00000020     Sys_BIOs_config_pe66.oe66 (.text:xdc_runtime_Memory_HeapProxy_alloc__E)
                  00813060    00000020     Sys_BIOs_config_pe66.oe66 (.text:xdc_runtime_Memory_HeapProxy_free__E)
                  00813080    00000020     Sys_BIOs_config_pe66.oe66 (.text:xdc_runtime_Startup_exec__I)
                  008130a0    00000020     Sys_BIOs_config_pe66.oe66 (.text:xdc_runtime_Startup_reset__I)
                  008130c0    00000020     ti.targets.rts6000.ae66 : SysMin.oe66 (.text:xdc_runtime_SysMin_ready__F)
                  008130e0    00000020     Sys_BIOs_config_pe66.oe66 (.text:xdc_runtime_System_Module_GateProxy_enter__E)
                  00813100    00000020     Sys_BIOs_config_pe66.oe66 (.text:xdc_runtime_System_Module_GateProxy_leave__E)
                  00813120    00000020     ti.targets.rts6000.ae66 : System.oe66 (.text:xdc_runtime_System_Module_startup__F)
                  00813140    00000020                             : System.oe66 (.text:xdc_runtime_System_exit__F)
                  00813160    00000020                             : System.oe66 (.text:xdc_runtime_System_lastFxn__I)
                  00813180    00000020                             : System.oe66 (.text:xdc_runtime_System_vsnprintf__F)
                  008131a0    00000020     Sys_BIOs_config_pe66.oe66 (.text:xdc_runtime_Text_visitRope__I)
                  008131c0    00000020     Sys_BIOs_config_pe66.oe66 (.text:xdc_runtime_Timestamp_Module__startupDone__S)

.const     0    008131e0    00003796     
                  008131e0    000021ab     Sys_BIOs_config_pe66.oe66 (.const:xdc_runtime_Text_charTab__A)
                  0081538b    00000683     sysbios.ae66 : BIOS.obj (.const:.string)
                  00815a0e    00000002     Sys_BIOs_config_pe66.oe66 (.const:ti_sysbios_BIOS_Module__id__C)
                  00815a10    00000400     Sys_BIOs_config_pe66.oe66 (.const:ti_sysbios_family_c66_Cache_marvalues__C)
                  00815e10    0000015c     util.obj (.const:.string)
                  00815f6c    00000004     ti.targets.rts6000.ae66 : Assert.oe66 (.const:.string)
                  00815f70    00000128     Sys_BIOs_config_pe66.oe66 (.const:xdc_runtime_Text_nodeTab__A)
                  00816098    00000060     Sys_BIOs_config_pe66.oe66 (.const:ti_uia_runtime_LoggerProbePoint_Module__FXNS__C)
                  008160f8    00000060     Sys_BIOs_config_pe66.oe66 (.const:ti_uia_runtime_LoggerStopMode_Module__FXNS__C)
                  00816158    00000058     ti.targets.rts6000.ae66 : Error.oe66 (.const:.string)
                  008161b0    00000047     Sys_BIOs_config_pe66.oe66 (.const:.string)
                  008161f7    00000001     --HOLE-- [fill = 0]
                  008161f8    00000044     Sys_BIOs_config_pe66.oe66 (.const:xdc_runtime_Startup_sfxnTab__A)
                  0081623c    00000040     ti.targets.rts6000.ae66 : Text.oe66 (.const:.string)
                  0081627c    0000003c     Sys_BIOs_config_pe66.oe66 (.const:xdc_runtime_LoggerBuf_Module__FXNS__C)
                  008162b8    00000034     Sys_BIOs_config_pe66.oe66 (.const:ti_uia_runtime_LoggerProbePoint_Object__PARAMS__C)
                  008162ec    00000034     Sys_BIOs_config_pe66.oe66 (.const:ti_uia_runtime_LoggerStopMode_Object__PARAMS__C)
                  00816320    00000030     Sys_BIOs_config_pe66.oe66 (.const:ti_sysbios_knl_Task_hooks__A)
                  00816350    0000002c     ti.targets.rts6000.ae66 : Startup.oe66 (.const:.string)
                  0081637c    00000028     Sys_BIOs_config_pe66.oe66 (.const:ti_sysbios_heaps_HeapMem_Module__FXNS__C)
                  008163a4    00000028     Sys_BIOs_config_pe66.oe66 (.const:xdc_runtime_LoggerBuf_Object__PARAMS__C)
                  008163cc    00000024     Sys_BIOs_config_pe66.oe66 (.const:ti_sysbios_gates_GateHwi_Module__FXNS__C)
                  008163f0    00000024     Sys_BIOs_config_pe66.oe66 (.const:ti_sysbios_gates_GateMutex_Module__FXNS__C)
                  00816414    00000024     Sys_BIOs_config_pe66.oe66 (.const:ti_sysbios_heaps_HeapMem_Object__PARAMS__C)
                  00816438    00000024     Sys_BIOs_config_pe66.oe66 (.const:ti_sysbios_knl_Clock_Object__PARAMS__C)
                  0081645c    00000024     Sys_BIOs_config_pe66.oe66 (.const:ti_sysbios_knl_Semaphore_Object__PARAMS__C)
                  00816480    00000022     Sys_BIOs_config_pe66.oe66 (.const:xdc_runtime_Startup_sfxnRts__A)
                  008164a2    00000002     Sys_BIOs_config_pe66.oe66 (.const:ti_sysbios_family_c64p_Exception_Module__id__C)
                  008164a4    00000020     Sys_BIOs_config_pe66.oe66 (.const:ti_sysbios_gates_GateHwi_Object__DESC__C)
                  008164c4    00000020     Sys_BIOs_config_pe66.oe66 (.const:ti_sysbios_gates_GateMutex_Object__DESC__C)
                  008164e4    00000020     Sys_BIOs_config_pe66.oe66 (.const:ti_sysbios_heaps_HeapMem_Object__DESC__C)
                  00816504    00000020     Sys_BIOs_config_pe66.oe66 (.const:ti_sysbios_knl_Clock_Object__DESC__C)
                  00816524    00000020     Sys_BIOs_config_pe66.oe66 (.const:ti_sysbios_knl_Queue_Object__DESC__C)
                  00816544    00000020     Sys_BIOs_config_pe66.oe66 (.const:ti_sysbios_knl_Semaphore_Object__DESC__C)
                  00816564    00000020     Sys_BIOs_config_pe66.oe66 (.const:ti_uia_runtime_LoggerProbePoint_Object__DESC__C)
                  00816584    00000020     Sys_BIOs_config_pe66.oe66 (.const:ti_uia_runtime_LoggerStopMode_Object__DESC__C)
                  008165a4    00000020     Sys_BIOs_config_pe66.oe66 (.const:xdc_runtime_LoggerBuf_Object__DESC__C)
                  008165c4    00000018     Sys_BIOs_config_pe66.oe66 (.const:ti_sysbios_gates_GateHwi_Object__PARAMS__C)
                  008165dc    00000018     Sys_BIOs_config_pe66.oe66 (.const:ti_sysbios_gates_GateMutex_Object__PARAMS__C)
                  008165f4    00000018     Sys_BIOs_config_pe66.oe66 (.const:ti_sysbios_knl_Queue_Object__PARAMS__C)
                  0081660c    00000014     main_gtz.obj (.const:.string)
                  00816620    00000011     ti.targets.rts6000.ae66 : System.oe66 (.const:digtohex)
                  00816631    00000001     --HOLE-- [fill = 0]
                  00816632    00000002     Sys_BIOs_config_pe66.oe66 (.const:ti_sysbios_family_c64p_Exception_enableExternalMPC__C)
                  00816634    0000000c     Sys_BIOs_config_pe66.oe66 (.const:ti_sysbios_family_c66_Cache_initSize__C)
                  00816640    00000008     ti.targets.rts6000.ae66 : System.oe66 (.const:.string)
                  00816648    00000008     Sys_BIOs_config_pe66.oe66 (.const:ti_sysbios_knl_Idle_coreList__A)
                  00816650    00000008     Sys_BIOs_config_pe66.oe66 (.const:ti_sysbios_knl_Idle_coreList__C)
                  00816658    00000008     Sys_BIOs_config_pe66.oe66 (.const:ti_sysbios_knl_Idle_funcList__A)
                  00816660    00000008     Sys_BIOs_config_pe66.oe66 (.const:ti_sysbios_knl_Idle_funcList__C)
                  00816668    00000008     Sys_BIOs_config_pe66.oe66 (.const:ti_sysbios_knl_Task_hooks__C)
                  00816670    00000008     Sys_BIOs_config_pe66.oe66 (.const:xdc_runtime_Startup_firstFxns__A)
                  00816678    00000008     Sys_BIOs_config_pe66.oe66 (.const:xdc_runtime_Startup_firstFxns__C)
                  00816680    00000008     Sys_BIOs_config_pe66.oe66 (.const:xdc_runtime_Startup_lastFxns__C)
                  00816688    00000004     Sys_BIOs_config_pe66.oe66 (.const:ti_sysbios_BIOS_Module__diagsEnabled__C)
                  0081668c    00000004     Sys_BIOs_config_pe66.oe66 (.const:ti_sysbios_BIOS_Module__diagsIncluded__C)
                  00816690    00000004     Sys_BIOs_config_pe66.oe66 (.const:ti_sysbios_BIOS_Module__diagsMask__C)
                  00816694    00000004     Sys_BIOs_config_pe66.oe66 (.const:ti_sysbios_BIOS_installedErrorHook__C)
                  00816698    00000004     Sys_BIOs_config_pe66.oe66 (.const:ti_sysbios_family_c64p_Exception_E_exceptionMax__C)
                  0081669c    00000004     Sys_BIOs_config_pe66.oe66 (.const:ti_sysbios_family_c64p_Exception_E_exceptionMin__C)
                  008166a0    00000004     Sys_BIOs_config_pe66.oe66 (.const:ti_sysbios_family_c64p_Exception_exceptionHook__C)
                  008166a4    00000004     Sys_BIOs_config_pe66.oe66 (.const:ti_sysbios_family_c64p_Exception_externalHook__C)
                  008166a8    00000004     Sys_BIOs_config_pe66.oe66 (.const:ti_sysbios_family_c64p_Exception_internalHook__C)
                  008166ac    00000004     Sys_BIOs_config_pe66.oe66 (.const:ti_sysbios_family_c64p_Exception_nmiHook__C)
                  008166b0    00000004     Sys_BIOs_config_pe66.oe66 (.const:ti_sysbios_family_c64p_Hwi_LD_end__C)
                  008166b4    00000004     Sys_BIOs_config_pe66.oe66 (.const:ti_sysbios_family_c64p_Hwi_LM_begin__C)
                  008166b8    00000004     Sys_BIOs_config_pe66.oe66 (.const:ti_sysbios_family_c64p_Hwi_Module__diagsEnabled__C)
                  008166bc    00000004     Sys_BIOs_config_pe66.oe66 (.const:ti_sysbios_family_c64p_Hwi_Module__diagsIncluded__C)
                  008166c0    00000004     Sys_BIOs_config_pe66.oe66 (.const:ti_sysbios_family_c64p_Hwi_Module__diagsMask__C)
                  008166c4    00000004     Sys_BIOs_config_pe66.oe66 (.const:ti_sysbios_family_c64p_Hwi_Module__loggerFxn1__C)
                  008166c8    00000004     Sys_BIOs_config_pe66.oe66 (.const:ti_sysbios_family_c64p_Hwi_Module__loggerFxn8__C)
                  008166cc    00000004     Sys_BIOs_config_pe66.oe66 (.const:ti_sysbios_family_c64p_Hwi_Module__loggerObj__C)
                  008166d0    00000004     Sys_BIOs_config_pe66.oe66 (.const:ti_sysbios_gates_GateMutex_A_badContext__C)
                  008166d4    00000004     Sys_BIOs_config_pe66.oe66 (.const:ti_sysbios_gates_GateMutex_Instance_State_sem__O)
                  008166d8    00000004     Sys_BIOs_config_pe66.oe66 (.const:ti_sysbios_gates_GateMutex_Module__diagsEnabled__C)
                  008166dc    00000004     Sys_BIOs_config_pe66.oe66 (.const:ti_sysbios_gates_GateMutex_Module__diagsIncluded__C)
                  008166e0    00000004     Sys_BIOs_config_pe66.oe66 (.const:ti_sysbios_gates_GateMutex_Module__diagsMask__C)
                  008166e4    00000004     Sys_BIOs_config_pe66.oe66 (.const:ti_sysbios_hal_Hwi_E_stackOverflow__C)
                  008166e8    00000004     Sys_BIOs_config_pe66.oe66 (.const:ti_sysbios_heaps_HeapMem_A_align__C)
                  008166ec    00000004     Sys_BIOs_config_pe66.oe66 (.const:ti_sysbios_heaps_HeapMem_A_heapSize__C)
                  008166f0    00000004     Sys_BIOs_config_pe66.oe66 (.const:ti_sysbios_heaps_HeapMem_A_invalidFree__C)
                  008166f4    00000004     Sys_BIOs_config_pe66.oe66 (.const:ti_sysbios_heaps_HeapMem_A_zeroBlock__C)
                  008166f8    00000004     Sys_BIOs_config_pe66.oe66 (.const:ti_sysbios_heaps_HeapMem_E_memory__C)
                  008166fc    00000004     Sys_BIOs_config_pe66.oe66 (.const:ti_sysbios_heaps_HeapMem_Module__diagsEnabled__C)
                  00816700    00000004     Sys_BIOs_config_pe66.oe66 (.const:ti_sysbios_heaps_HeapMem_Module__diagsIncluded__C)
                  00816704    00000004     Sys_BIOs_config_pe66.oe66 (.const:ti_sysbios_heaps_HeapMem_Module__diagsMask__C)
                  00816708    00000004     Sys_BIOs_config_pe66.oe66 (.const:ti_sysbios_heaps_HeapMem_Module__gateObj__C)
                  0081670c    00000004     Sys_BIOs_config_pe66.oe66 (.const:ti_sysbios_heaps_HeapMem_Object__count__C)
                  00816710    00000004     Sys_BIOs_config_pe66.oe66 (.const:ti_sysbios_heaps_HeapMem_reqAlign__C)
                  00816714    00000004     Sys_BIOs_config_pe66.oe66 (.const:ti_sysbios_knl_Clock_A_badThreadType__C)
                  00816718    00000004     Sys_BIOs_config_pe66.oe66 (.const:ti_sysbios_knl_Clock_LM_begin__C)
                  0081671c    00000004     Sys_BIOs_config_pe66.oe66 (.const:ti_sysbios_knl_Clock_LM_tick__C)
                  00816720    00000004     Sys_BIOs_config_pe66.oe66 (.const:ti_sysbios_knl_Clock_LW_delayed__C)
                  00816724    00000004     Sys_BIOs_config_pe66.oe66 (.const:ti_sysbios_knl_Clock_Module_State_clockQ__O)
                  00816728    00000004     Sys_BIOs_config_pe66.oe66 (.const:ti_sysbios_knl_Clock_Module__diagsEnabled__C)
                  0081672c    00000004     Sys_BIOs_config_pe66.oe66 (.const:ti_sysbios_knl_Clock_Module__diagsIncluded__C)
                  00816730    00000004     Sys_BIOs_config_pe66.oe66 (.const:ti_sysbios_knl_Clock_Module__diagsMask__C)
                  00816734    00000004     Sys_BIOs_config_pe66.oe66 (.const:ti_sysbios_knl_Clock_Module__loggerFxn1__C)
                  00816738    00000004     Sys_BIOs_config_pe66.oe66 (.const:ti_sysbios_knl_Clock_Module__loggerFxn2__C)
                  0081673c    00000004     Sys_BIOs_config_pe66.oe66 (.const:ti_sysbios_knl_Clock_Module__loggerObj__C)
                  00816740    00000004     Sys_BIOs_config_pe66.oe66 (.const:ti_sysbios_knl_Clock_tickMode__C)
                  00816744    00000004     Sys_BIOs_config_pe66.oe66 (.const:ti_sysbios_knl_Clock_tickSource__C)
                  00816748    00000004     Sys_BIOs_config_pe66.oe66 (.const:ti_sysbios_knl_Semaphore_A_badContext__C)
                  0081674c    00000004     Sys_BIOs_config_pe66.oe66 (.const:ti_sysbios_knl_Semaphore_A_noEvents__C)
                  00816750    00000004     Sys_BIOs_config_pe66.oe66 (.const:ti_sysbios_knl_Semaphore_A_overflow__C)
                  00816754    00000004     Sys_BIOs_config_pe66.oe66 (.const:ti_sysbios_knl_Semaphore_A_pendTaskDisabled__C)
                  00816758    00000004     Sys_BIOs_config_pe66.oe66 (.const:ti_sysbios_knl_Semaphore_Instance_State_pendQ__O)
                  0081675c    00000004     Sys_BIOs_config_pe66.oe66 (.const:ti_sysbios_knl_Semaphore_LM_pend__C)
                  00816760    00000004     Sys_BIOs_config_pe66.oe66 (.const:ti_sysbios_knl_Semaphore_LM_post__C)
                  00816764    00000004     Sys_BIOs_config_pe66.oe66 (.const:ti_sysbios_knl_Semaphore_Module__diagsEnabled__C)
                  00816768    00000004     Sys_BIOs_config_pe66.oe66 (.const:ti_sysbios_knl_Semaphore_Module__diagsIncluded__C)
                  0081676c    00000004     Sys_BIOs_config_pe66.oe66 (.const:ti_sysbios_knl_Semaphore_Module__diagsMask__C)
                  00816770    00000004     Sys_BIOs_config_pe66.oe66 (.const:ti_sysbios_knl_Semaphore_Module__loggerFxn2__C)
                  00816774    00000004     Sys_BIOs_config_pe66.oe66 (.const:ti_sysbios_knl_Semaphore_Module__loggerFxn4__C)
                  00816778    00000004     Sys_BIOs_config_pe66.oe66 (.const:ti_sysbios_knl_Semaphore_Module__loggerObj__C)
                  0081677c    00000004     Sys_BIOs_config_pe66.oe66 (.const:ti_sysbios_knl_Swi_LD_end__C)
                  00816780    00000004     Sys_BIOs_config_pe66.oe66 (.const:ti_sysbios_knl_Swi_LM_begin__C)
                  00816784    00000004     Sys_BIOs_config_pe66.oe66 (.const:ti_sysbios_knl_Swi_LM_post__C)
                  00816788    00000004     Sys_BIOs_config_pe66.oe66 (.const:ti_sysbios_knl_Swi_Module__diagsEnabled__C)
                  0081678c    00000004     Sys_BIOs_config_pe66.oe66 (.const:ti_sysbios_knl_Swi_Module__diagsIncluded__C)
                  00816790    00000004     Sys_BIOs_config_pe66.oe66 (.const:ti_sysbios_knl_Swi_Module__diagsMask__C)
                  00816794    00000004     Sys_BIOs_config_pe66.oe66 (.const:ti_sysbios_knl_Swi_Module__loggerFxn1__C)
                  00816798    00000004     Sys_BIOs_config_pe66.oe66 (.const:ti_sysbios_knl_Swi_Module__loggerFxn4__C)
                  0081679c    00000004     Sys_BIOs_config_pe66.oe66 (.const:ti_sysbios_knl_Swi_Module__loggerObj__C)
                  008167a0    00000004     Sys_BIOs_config_pe66.oe66 (.const:ti_sysbios_knl_Swi_Object__count__C)
                  008167a4    00000004     Sys_BIOs_config_pe66.oe66 (.const:ti_sysbios_knl_Task_A_badTimeout__C)
                  008167a8    00000004     Sys_BIOs_config_pe66.oe66 (.const:ti_sysbios_knl_Task_A_sleepTaskDisabled__C)
                  008167ac    00000004     Sys_BIOs_config_pe66.oe66 (.const:ti_sysbios_knl_Task_E_spOutOfBounds__C)
                  008167b0    00000004     Sys_BIOs_config_pe66.oe66 (.const:ti_sysbios_knl_Task_E_stackOverflow__C)
                  008167b4    00000004     Sys_BIOs_config_pe66.oe66 (.const:ti_sysbios_knl_Task_LD_block__C)
                  008167b8    00000004     Sys_BIOs_config_pe66.oe66 (.const:ti_sysbios_knl_Task_LD_exit__C)
                  008167bc    00000004     Sys_BIOs_config_pe66.oe66 (.const:ti_sysbios_knl_Task_LD_ready__C)
                  008167c0    00000004     Sys_BIOs_config_pe66.oe66 (.const:ti_sysbios_knl_Task_LM_sleep__C)
                  008167c4    00000004     Sys_BIOs_config_pe66.oe66 (.const:ti_sysbios_knl_Task_LM_switch__C)
                  008167c8    00000004     Sys_BIOs_config_pe66.oe66 (.const:ti_sysbios_knl_Task_Module_State_inactiveQ__O)
                  008167cc    00000004     Sys_BIOs_config_pe66.oe66 (.const:ti_sysbios_knl_Task_Module_State_terminatedQ__O)
                  008167d0    00000004     Sys_BIOs_config_pe66.oe66 (.const:ti_sysbios_knl_Task_Module__diagsEnabled__C)
                  008167d4    00000004     Sys_BIOs_config_pe66.oe66 (.const:ti_sysbios_knl_Task_Module__diagsIncluded__C)
                  008167d8    00000004     Sys_BIOs_config_pe66.oe66 (.const:ti_sysbios_knl_Task_Module__diagsMask__C)
                  008167dc    00000004     Sys_BIOs_config_pe66.oe66 (.const:ti_sysbios_knl_Task_Module__loggerFxn2__C)
                  008167e0    00000004     Sys_BIOs_config_pe66.oe66 (.const:ti_sysbios_knl_Task_Module__loggerFxn4__C)
                  008167e4    00000004     Sys_BIOs_config_pe66.oe66 (.const:ti_sysbios_knl_Task_Module__loggerObj__C)
                  008167e8    00000004     Sys_BIOs_config_pe66.oe66 (.const:ti_sysbios_knl_Task_Object__count__C)
                  008167ec    00000004     Sys_BIOs_config_pe66.oe66 (.const:ti_sysbios_knl_Task_Object__heap__C)
                  008167f0    00000004     Sys_BIOs_config_pe66.oe66 (.const:ti_sysbios_knl_Task_allBlockedFunc__C)
                  008167f4    00000004     Sys_BIOs_config_pe66.oe66 (.const:ti_sysbios_knl_Task_numConstructedTasks__C)
                  008167f8    00000004     Sys_BIOs_config_pe66.oe66 (.const:ti_sysbios_timers_timer64_Timer_A_notAvailable__C)
                  008167fc    00000004     Sys_BIOs_config_pe66.oe66 (.const:ti_sysbios_timers_timer64_Timer_E_cannotSupport__C)
                  00816800    00000004     Sys_BIOs_config_pe66.oe66 (.const:ti_sysbios_timers_timer64_Timer_Module__diagsEnabled__C)
                  00816804    00000004     Sys_BIOs_config_pe66.oe66 (.const:ti_sysbios_timers_timer64_Timer_Module__diagsIncluded__C)
                  00816808    00000004     Sys_BIOs_config_pe66.oe66 (.const:ti_sysbios_timers_timer64_Timer_Module__diagsMask__C)
                  0081680c    00000004     Sys_BIOs_config_pe66.oe66 (.const:ti_sysbios_timers_timer64_Timer_anyMask__C)
                  00816810    00000004     Sys_BIOs_config_pe66.oe66 (.const:ti_sysbios_timers_timer64_Timer_freqDivisor__C)
                  00816814    00000004     Sys_BIOs_config_pe66.oe66 (.const:ti_sysbios_timers_timer64_Timer_numLocalTimers__C)
                  00816818    00000004     Sys_BIOs_config_pe66.oe66 (.const:ti_sysbios_timers_timer64_Timer_numTimerDevices__C)
                  0081681c    00000004     Sys_BIOs_config_pe66.oe66 (.const:ti_sysbios_utils_Load_LS_cpuLoad__C)
                  00816820    00000004     Sys_BIOs_config_pe66.oe66 (.const:ti_sysbios_utils_Load_LS_hwiLoad__C)
                  00816824    00000004     Sys_BIOs_config_pe66.oe66 (.const:ti_sysbios_utils_Load_LS_swiLoad__C)
                  00816828    00000004     Sys_BIOs_config_pe66.oe66 (.const:ti_sysbios_utils_Load_LS_taskLoad__C)
                  0081682c    00000004     Sys_BIOs_config_pe66.oe66 (.const:ti_sysbios_utils_Load_Module_State_taskList__O)
                  00816830    00000004     Sys_BIOs_config_pe66.oe66 (.const:ti_sysbios_utils_Load_Module__diagsEnabled__C)
                  00816834    00000004     Sys_BIOs_config_pe66.oe66 (.const:ti_sysbios_utils_Load_Module__diagsIncluded__C)
                  00816838    00000004     Sys_BIOs_config_pe66.oe66 (.const:ti_sysbios_utils_Load_Module__diagsMask__C)
                  0081683c    00000004     Sys_BIOs_config_pe66.oe66 (.const:ti_sysbios_utils_Load_Module__loggerFxn1__C)
                  00816840    00000004     Sys_BIOs_config_pe66.oe66 (.const:ti_sysbios_utils_Load_Module__loggerFxn2__C)
                  00816844    00000004     Sys_BIOs_config_pe66.oe66 (.const:ti_sysbios_utils_Load_Module__loggerFxn4__C)
                  00816848    00000004     Sys_BIOs_config_pe66.oe66 (.const:ti_sysbios_utils_Load_Module__loggerObj__C)
                  0081684c    00000004     Sys_BIOs_config_pe66.oe66 (.const:ti_sysbios_utils_Load_postUpdate__C)
                  00816850    00000004     Sys_BIOs_config_pe66.oe66 (.const:ti_sysbios_utils_Load_windowInMs__C)
                  00816854    00000004     Sys_BIOs_config_pe66.oe66 (.const:ti_uia_family_c66_TimestampC66XGlobal_timerBaseAdrs__C)
                  00816858    00000004     Sys_BIOs_config_pe66.oe66 (.const:ti_uia_runtime_ILoggerSnapshot_Interface__BASE__C)
                  0081685c    00000004     Sys_BIOs_config_pe66.oe66 (.const:ti_uia_runtime_IUIATransfer_Interface__BASE__C)
                  00816860    00000004     Sys_BIOs_config_pe66.oe66 (.const:ti_uia_runtime_LoggerProbePoint_E_badLevel__C)
                  00816864    00000004     Sys_BIOs_config_pe66.oe66 (.const:ti_uia_runtime_LoggerProbePoint_Object__count__C)
                  00816868    00000004     Sys_BIOs_config_pe66.oe66 (.const:ti_uia_runtime_LoggerProbePoint_overflowLogger__C)
                  0081686c    00000004     Sys_BIOs_config_pe66.oe66 (.const:ti_uia_runtime_LoggerProbePoint_statusLogger__C)
                  00816870    00000004     Sys_BIOs_config_pe66.oe66 (.const:ti_uia_runtime_LoggerStopMode_E_badLevel__C)
                  00816874    00000004     Sys_BIOs_config_pe66.oe66 (.const:ti_uia_runtime_LoggerStopMode_Object__count__C)
                  00816878    00000004     Sys_BIOs_config_pe66.oe66 (.const:ti_uia_runtime_LoggerStopMode_overflowLogger__C)
                  0081687c    00000004     Sys_BIOs_config_pe66.oe66 (.const:ti_uia_runtime_LoggerStopMode_statusLogger__C)
                  00816880    00000004     Sys_BIOs_config_pe66.oe66 (.const:xdc_runtime_Assert_E_assertFailed__C)
                  00816884    00000004     Sys_BIOs_config_pe66.oe66 (.const:xdc_runtime_Core_A_initializedParams__C)
                  00816888    00000004     Sys_BIOs_config_pe66.oe66 (.const:xdc_runtime_Core_Module__diagsEnabled__C)
                  0081688c    00000004     Sys_BIOs_config_pe66.oe66 (.const:xdc_runtime_Core_Module__diagsIncluded__C)
                  00816890    00000004     Sys_BIOs_config_pe66.oe66 (.const:xdc_runtime_Core_Module__diagsMask__C)
                  00816894    00000004     Sys_BIOs_config_pe66.oe66 (.const:xdc_runtime_Error_E_memory__C)
                  00816898    00000004     Sys_BIOs_config_pe66.oe66 (.const:xdc_runtime_Error_Module__diagsEnabled__C)
                  0081689c    00000004     Sys_BIOs_config_pe66.oe66 (.const:xdc_runtime_Error_Module__diagsIncluded__C)
                  008168a0    00000004     Sys_BIOs_config_pe66.oe66 (.const:xdc_runtime_Error_Module__diagsMask__C)
                  008168a4    00000004     Sys_BIOs_config_pe66.oe66 (.const:xdc_runtime_Error_Module__loggerFxn8__C)
                  008168a8    00000004     Sys_BIOs_config_pe66.oe66 (.const:xdc_runtime_Error_Module__loggerObj__C)
                  008168ac    00000004     Sys_BIOs_config_pe66.oe66 (.const:xdc_runtime_Error_policy__C)
                  008168b0    00000004     Sys_BIOs_config_pe66.oe66 (.const:xdc_runtime_Error_raiseHook__C)
                  008168b4    00000004     Sys_BIOs_config_pe66.oe66 (.const:xdc_runtime_IFilterLogger_Interface__BASE__C)
                  008168b8    00000004     Sys_BIOs_config_pe66.oe66 (.const:xdc_runtime_IGateProvider_Interface__BASE__C)
                  008168bc    00000004     Sys_BIOs_config_pe66.oe66 (.const:xdc_runtime_IHeap_Interface__BASE__C)
                  008168c0    00000004     Sys_BIOs_config_pe66.oe66 (.const:xdc_runtime_ILogger_Interface__BASE__C)
                  008168c4    00000004     Sys_BIOs_config_pe66.oe66 (.const:xdc_runtime_IModule_Interface__BASE__C)
                  008168c8    00000004     Sys_BIOs_config_pe66.oe66 (.const:xdc_runtime_Log_L_error__C)
                  008168cc    00000004     Sys_BIOs_config_pe66.oe66 (.const:xdc_runtime_LoggerBuf_E_badLevel__C)
                  008168d0    00000004     Sys_BIOs_config_pe66.oe66 (.const:xdc_runtime_LoggerBuf_Module__gateObj__C)
                  008168d4    00000004     Sys_BIOs_config_pe66.oe66 (.const:xdc_runtime_LoggerBuf_Object__count__C)
                  008168d8    00000004     Sys_BIOs_config_pe66.oe66 (.const:xdc_runtime_LoggerBuf_statusLogger__C)
                  008168dc    00000004     Sys_BIOs_config_pe66.oe66 (.const:xdc_runtime_Memory_defaultHeapInstance__C)
                  008168e0    00000004     Sys_BIOs_config_pe66.oe66 (.const:xdc_runtime_Startup_execImpl__C)
                  008168e4    00000004     Sys_BIOs_config_pe66.oe66 (.const:xdc_runtime_Startup_maxPasses__C)
                  008168e8    00000004     Sys_BIOs_config_pe66.oe66 (.const:xdc_runtime_Startup_lastFxns__A)
                  008168ec    00000004     Sys_BIOs_config_pe66.oe66 (.const:xdc_runtime_Startup_sfxnRts__C)
                  008168f0    00000004     Sys_BIOs_config_pe66.oe66 (.const:xdc_runtime_Startup_sfxnTab__C)
                  008168f4    00000004     Sys_BIOs_config_pe66.oe66 (.const:xdc_runtime_SysMin_bufSize__C)
                  008168f8    00000004     Sys_BIOs_config_pe66.oe66 (.const:xdc_runtime_SysMin_outputFunc__C)
                  008168fc    00000004     Sys_BIOs_config_pe66.oe66 (.const:xdc_runtime_System_Module__gateObj__C)
                  00816900    00000004     Sys_BIOs_config_pe66.oe66 (.const:xdc_runtime_System_extendFxn__C)
                  00816904    00000004     Sys_BIOs_config_pe66.oe66 (.const:xdc_runtime_System_maxAtexitHandlers__C)
                  00816908    00000004     Sys_BIOs_config_pe66.oe66 (.const:xdc_runtime_Text_charTab__C)
                  0081690c    00000004     Sys_BIOs_config_pe66.oe66 (.const:xdc_runtime_Text_nameEmpty__C)
                  00816910    00000004     Sys_BIOs_config_pe66.oe66 (.const:xdc_runtime_Text_nameStatic__C)
                  00816914    00000004     Sys_BIOs_config_pe66.oe66 (.const:xdc_runtime_Text_nameUnknown__C)
                  00816918    00000004     Sys_BIOs_config_pe66.oe66 (.const:xdc_runtime_Text_nodeTab__C)
                  0081691c    00000004     Sys_BIOs_config_pe66.oe66 (.const:xdc_runtime_Text_visitRopeFxn__C)
                  00816920    00000002     Sys_BIOs_config_pe66.oe66 (.const:ti_sysbios_family_c64p_Exception_enablePrint__C)
                  00816922    00000002     Sys_BIOs_config_pe66.oe66 (.const:ti_sysbios_family_c64p_Exception_useInternalBuffer__C)
                  00816924    00000002     Sys_BIOs_config_pe66.oe66 (.const:ti_sysbios_family_c64p_Hwi_Module__id__C)
                  00816926    00000002     Sys_BIOs_config_pe66.oe66 (.const:ti_sysbios_family_c64p_Hwi_Module__loggerDefined__C)
                  00816928    00000002     Sys_BIOs_config_pe66.oe66 (.const:ti_sysbios_gates_GateMutex_Module__id__C)
                  0081692a    00000002     Sys_BIOs_config_pe66.oe66 (.const:ti_sysbios_hal_Hwi_Module__id__C)
                  0081692c    00000002     Sys_BIOs_config_pe66.oe66 (.const:ti_sysbios_heaps_HeapMem_Module__id__C)
                  0081692e    00000002     Sys_BIOs_config_pe66.oe66 (.const:ti_sysbios_knl_Clock_Module__id__C)
                  00816930    00000002     Sys_BIOs_config_pe66.oe66 (.const:ti_sysbios_knl_Clock_Module__loggerDefined__C)
                  00816932    00000002     Sys_BIOs_config_pe66.oe66 (.const:ti_sysbios_knl_Semaphore_Module__id__C)
                  00816934    00000002     Sys_BIOs_config_pe66.oe66 (.const:ti_sysbios_knl_Semaphore_Module__loggerDefined__C)
                  00816936    00000002     Sys_BIOs_config_pe66.oe66 (.const:ti_sysbios_knl_Swi_Module__id__C)
                  00816938    00000002     Sys_BIOs_config_pe66.oe66 (.const:ti_sysbios_knl_Swi_Module__loggerDefined__C)
                  0081693a    00000002     Sys_BIOs_config_pe66.oe66 (.const:ti_sysbios_knl_Task_Module__id__C)
                  0081693c    00000002     Sys_BIOs_config_pe66.oe66 (.const:ti_sysbios_knl_Task_Module__loggerDefined__C)
                  0081693e    00000002     Sys_BIOs_config_pe66.oe66 (.const:ti_sysbios_knl_Task_deleteTerminatedTasks__C)
                  00816940    00000002     Sys_BIOs_config_pe66.oe66 (.const:ti_sysbios_knl_Task_initStackFlag__C)
                  00816942    00000002     Sys_BIOs_config_pe66.oe66 (.const:ti_sysbios_timers_timer64_Timer_Module__id__C)
                  00816944    00000002     Sys_BIOs_config_pe66.oe66 (.const:ti_sysbios_timers_timer64_Timer_startupNeeded__C)
                  00816946    00000002     Sys_BIOs_config_pe66.oe66 (.const:ti_sysbios_utils_Load_Module__id__C)
                  00816948    00000002     Sys_BIOs_config_pe66.oe66 (.const:ti_sysbios_utils_Load_Module__loggerDefined__C)
                  0081694a    00000002     Sys_BIOs_config_pe66.oe66 (.const:ti_sysbios_utils_Load_autoAddTasks__C)
                  0081694c    00000002     Sys_BIOs_config_pe66.oe66 (.const:ti_sysbios_utils_Load_hwiEnabled__C)
                  0081694e    00000002     Sys_BIOs_config_pe66.oe66 (.const:ti_sysbios_utils_Load_swiEnabled__C)
                  00816950    00000002     Sys_BIOs_config_pe66.oe66 (.const:ti_sysbios_utils_Load_taskEnabled__C)
                  00816952    00000002     Sys_BIOs_config_pe66.oe66 (.const:ti_sysbios_utils_Load_updateInIdle__C)
                  00816954    00000002     Sys_BIOs_config_pe66.oe66 (.const:ti_uia_runtime_LoggerProbePoint_Module__id__C)
                  00816956    00000002     Sys_BIOs_config_pe66.oe66 (.const:ti_uia_runtime_LoggerProbePoint_filterByLevel__C)
                  00816958    00000002     Sys_BIOs_config_pe66.oe66 (.const:ti_uia_runtime_LoggerProbePoint_isTimestampEnabled__C)
                  0081695a    00000002     Sys_BIOs_config_pe66.oe66 (.const:ti_uia_runtime_LoggerStopMode_Module__id__C)
                  0081695c    00000002     Sys_BIOs_config_pe66.oe66 (.const:ti_uia_runtime_LoggerStopMode_filterByLevel__C)
                  0081695e    00000002     Sys_BIOs_config_pe66.oe66 (.const:ti_uia_runtime_LoggerStopMode_isTimestampEnabled__C)
                  00816960    00000002     Sys_BIOs_config_pe66.oe66 (.const:xdc_runtime_Core_Module__id__C)
                  00816962    00000002     Sys_BIOs_config_pe66.oe66 (.const:xdc_runtime_Error_Module__loggerDefined__C)
                  00816964    00000002     Sys_BIOs_config_pe66.oe66 (.const:xdc_runtime_Error_maxDepth__C)
                  00816966    00000002     Sys_BIOs_config_pe66.oe66 (.const:xdc_runtime_LoggerBuf_Module__id__C)
                  00816968    00000002     Sys_BIOs_config_pe66.oe66 (.const:xdc_runtime_LoggerBuf_filterByLevel__C)
                  0081696a    00000002     Sys_BIOs_config_pe66.oe66 (.const:xdc_runtime_Memory_Module__id__C)
                  0081696c    00000002     Sys_BIOs_config_pe66.oe66 (.const:xdc_runtime_SysMin_flushAtExit__C)
                  0081696e    00000002     Sys_BIOs_config_pe66.oe66 (.const:xdc_runtime_Text_charCnt__C)
                  00816970    00000002     Sys_BIOs_config_pe66.oe66 (.const:xdc_runtime_Text_isLoaded__C)
                  00816972    00000002     Sys_BIOs_config_pe66.oe66 (.const:xdc_runtime_Text_registryModsLastId__C)
                  00816974    00000002     Sys_BIOs_config_pe66.oe66 (.const:xdc_runtime_Text_unnamedModsLastId__C)

.far       0    00816978    00003778     UNINITIALIZED
                  00816978    00002610     Sys_BIOs_config_pe66.oe66 (.far)
                  00818f88    00001000     Sys_BIOs_config_pe66.oe66 (.far:taskStackSection)
                  00819f88    00000140     rts6600_elf.lib : defs.obj (.far)
                  0081a0c8    00000020     util.obj (.far)
                  0081a0e8    00000008     rts6600_elf.lib : trgdrv.obj (.far)

.stack     0    0081a0f0    00001000     UNINITIALIZED
                  0081a0f0    00000008     boot.ae66 : boot.oe66 (.stack)
                  0081a0f8    00000ff8     --HOLE--

.fardata   0    0081b0f0    00000dac     
                  0081b0f0    000002e0     Sys_BIOs_config_pe66.oe66 (.fardata)
                  0081b3d0    000001e0     rts6600_elf.lib : defs.obj (.fardata:_ftable)
                  0081b5b0    00000180     Sys_BIOs_config_pe66.oe66 (.fardata:ti_sysbios_timers_timer64_Timer_Module_State_0_device__A)
                  0081b730    00000114     Sys_BIOs_config_pe66.oe66 (.fardata:ti_uia_runtime_LoggerProbePoint_Object__table__V)
                  0081b844    00000004     rts6600_elf.lib : defs.obj (.fardata)
                  0081b848    000000a0                     : lowlev.obj (.fardata:_stream)
                  0081b8e8    000000a0     Sys_BIOs_config_pe66.oe66 (.fardata:ti_sysbios_knl_Task_Object__table__V)
                  0081b988    00000080     Sys_BIOs_config_pe66.oe66 (.fardata:ti_sysbios_knl_Swi_Module_State_0_readyQ__A)
                  0081ba08    00000080     Sys_BIOs_config_pe66.oe66 (.fardata:ti_sysbios_knl_Task_Module_State_0_readyQ__A)
                  0081ba88    00000080     Sys_BIOs_config_pe66.oe66 (.fardata:ti_sysbios_timers_timer64_Timer_Module_State_0_gctrl__A)
                  0081bb08    00000080     Sys_BIOs_config_pe66.oe66 (.fardata:ti_sysbios_timers_timer64_Timer_Module_State_0_handles__A)
                  0081bb88    00000080     Sys_BIOs_config_pe66.oe66 (.fardata:ti_sysbios_timers_timer64_Timer_Module_State_0_intFreqs__A)
                  0081bc08    00000078     rts6600_elf.lib : lowlev.obj (.fardata:_device)
                  0081bc80    0000005c     Sys_BIOs_config_pe66.oe66 (.fardata:ti_uia_runtime_LoggerStopMode_Object__table__V)
                  0081bcdc    00000004     rts6600_elf.lib : dtor_list.obj (.fardata)
                  0081bce0    0000004c     Sys_BIOs_config_pe66.oe66 (.fardata:ti_sysbios_timers_timer64_Timer_Object__table__V)
                  0081bd2c    00000004     --HOLE--
                  0081bd30    00000040     rts6600_elf.lib : sin.obj (.fardata:R$1)
                  0081bd70    00000040     Sys_BIOs_config_pe66.oe66 (.fardata:ti_sysbios_gates_GateMutex_Object__table__V)
                  0081bdb0    00000030     Sys_BIOs_config_pe66.oe66 (.fardata:ti_sysbios_knl_Swi_Object__table__V)
                  0081bde0    00000024     Sys_BIOs_config_pe66.oe66 (.fardata:xdc_runtime_LoggerBuf_Object__table__V)
                  0081be04    00000004     --HOLE--
                  0081be08    00000018     Sys_BIOs_config_pe66.oe66 (.fardata:ti_sysbios_family_c64p_Hwi_Object__table__V)
                  0081be20    00000018     Sys_BIOs_config_pe66.oe66 (.fardata:ti_sysbios_heaps_HeapMem_Object__table__V)
                  0081be38    00000010     util.obj (.fardata:coef)
                  0081be48    00000010     Sys_BIOs_config_pe66.oe66 (.fardata:xdc_runtime_System_Module_State_0_atexitHandlers__A)
                  0081be58    0000000c     rts6600_elf.lib : exit.obj (.fardata)
                  0081be64    00000008                     : _lock.obj (.fardata)
                  0081be6c    00000004     --HOLE--
                  0081be70    00000008     Sys_BIOs_config_pe66.oe66 (.fardata:ti_sysbios_hal_Hwi_Object__table__V)
                  0081be78    00000008     Sys_BIOs_config_pe66.oe66 (.fardata:ti_sysbios_hal_Timer_Object__table__V)
                  0081be80    00000004     Sys_BIOs_config_pe66.oe66 (.fardata:ti_sysbios_gates_GateHwi_Object__table__V)
                  0081be84    00000004     --HOLE--
                  0081be88    00000004     Sys_BIOs_config_pe66.oe66 (.fardata:ti_sysbios_knl_Task_Module_State_0_idleTask__A)
                  0081be8c    00000004     --HOLE--
                  0081be90    00000004     Sys_BIOs_config_pe66.oe66 (.fardata:ti_sysbios_utils_Load_Module_State_0_runningTask__A)
                  0081be94    00000004     --HOLE--
                  0081be98    00000004     Sys_BIOs_config_pe66.oe66 (.fardata:ti_sysbios_utils_Load_Module_State_0_taskStartTime__A)

.cio       0    0081bea0    00000120     UNINITIALIZED
                  0081bea0    00000120     rts6600_elf.lib : trgmsg.obj (.cio)

.vecs      0    0081c000    00000200     
                  0081c000    00000200     Sys_BIOs_config_pe66.oe66 (.vecs)

.bss       0    0081c200    00000034     UNINITIALIZED
                  0081c200    00000020     util.obj (.bss)
                  0081c220    00000014     main_gtz.obj (.bss)

.neardata 
*          0    0081c234    00000068     
                  0081c234    00000060     main_gtz.obj (.neardata)
                  0081c294    00000008     ti.uia.runtime.ae66 : QueueDescriptor.oe66 (.neardata)

.rodata    0    0081c29c    00000000     UNINITIALIZED

.cinit     0    0081c29c    00000838     
                  0081c29c    000007ef     (.cinit..fardata.load) [load image, compression = rle]
                  0081ca8b    00000001     --HOLE-- [fill = 0]
[...]
00812f60   xdc_runtime_Gate_enterSystem__E
00812f60   xdc_runtime_Gate_enterSystem__F
00812fc0   xdc_runtime_LoggerBuf_Module_GateProxy_enter__E
00812fe0   xdc_runtime_LoggerBuf_Module_GateProxy_leave__E
00813000   xdc_runtime_LoggerBuf_disable__E
00813000   xdc_runtime_LoggerBuf_disable__F
00813020   xdc_runtime_LoggerBuf_enable__E
00813020   xdc_runtime_LoggerBuf_enable__F
00813040   xdc_runtime_Memory_HeapProxy_alloc__E
00813060   xdc_runtime_Memory_HeapProxy_free__E
00813080   xdc_runtime_Startup_exec__I
008130a0   xdc_runtime_Startup_reset__I
008130c0   xdc_runtime_SysMin_ready__E
008130c0   xdc_runtime_SysMin_ready__F
008130c0   xdc_runtime_System_SupportProxy_ready__E
008130e0   xdc_runtime_System_Module_GateProxy_enter__E
00813100   xdc_runtime_System_Module_GateProxy_leave__E
00813120   xdc_runtime_System_Module_startup__E
00813120   xdc_runtime_System_Module_startup__F
00813140   xdc_runtime_System_exit__E
00813140   xdc_runtime_System_exit__F
00813160   xdc_runtime_System_lastFxn__I
00813180   xdc_runtime_System_snprintf_va__E
00813180   xdc_runtime_System_snprintf_va__F
00813180   xdc_runtime_System_vsnprintf__E
00813180   xdc_runtime_System_vsnprintf__F
008131a0   xdc_runtime_Text_visitRope__I
008131c0   xdc_runtime_Timestamp_Module__startupDone__S
008131e0   xdc_runtime_Text_charTab__A
00815a0e   ti_sysbios_BIOS_Module__id__C
00815a10   ti_sysbios_family_c66_Cache_marvalues__C
00815f70   xdc_runtime_Text_nodeTab__A
00816098   ti_uia_runtime_LoggerProbePoint_Module__FXNS__C
008160f8   ti_uia_runtime_LoggerStopMode_Module__FXNS__C
008161f8   xdc_runtime_Startup_sfxnTab__A
0081627c   xdc_runtime_LoggerBuf_Module__FXNS__C
008162b8   ti_uia_runtime_LoggerProbePoint_Object__PARAMS__C
008162ec   ti_uia_runtime_LoggerStopMode_Object__PARAMS__C
00816320   ti_sysbios_knl_Task_hooks__A
0081637c   ti_sysbios_heaps_HeapMem_Module__FXNS__C
008163a4   xdc_runtime_LoggerBuf_Object__PARAMS__C
008163cc   ti_sysbios_gates_GateHwi_Module__FXNS__C
008163f0   ti_sysbios_gates_GateMutex_Module__FXNS__C
00816414   ti_sysbios_heaps_HeapMem_Object__PARAMS__C
00816438   ti_sysbios_knl_Clock_Object__PARAMS__C
0081645c   ti_sysbios_knl_Semaphore_Object__PARAMS__C
00816480   xdc_runtime_Startup_sfxnRts__A
008164a2   ti_sysbios_family_c64p_Exception_Module__id__C
008164a4   ti_sysbios_gates_GateHwi_Object__DESC__C
008164c4   ti_sysbios_gates_GateMutex_Object__DESC__C
008164e4   ti_sysbios_heaps_HeapMem_Object__DESC__C
00816504   ti_sysbios_knl_Clock_Object__DESC__C
00816524   ti_sysbios_knl_Queue_Object__DESC__C
00816544   ti_sysbios_knl_Semaphore_Object__DESC__C
00816564   ti_uia_runtime_LoggerProbePoint_Object__DESC__C
00816584   ti_uia_runtime_LoggerStopMode_Object__DESC__C
008165a4   xdc_runtime_LoggerBuf_Object__DESC__C
008165c4   ti_sysbios_gates_GateHwi_Object__PARAMS__C
008165dc   ti_sysbios_gates_GateMutex_Object__PARAMS__C
008165f4   ti_sysbios_knl_Queue_Object__PARAMS__C
00816632   ti_sysbios_family_c64p_Exception_enableExternalMPC__C
00816634   ti_sysbios_family_c66_Cache_initSize__C
00816648   ti_sysbios_knl_Idle_coreList__A
00816650   ti_sysbios_knl_Idle_coreList__C
00816658   ti_sysbios_knl_Idle_funcList__A
00816660   ti_sysbios_knl_Idle_funcList__C
00816668   ti_sysbios_knl_Task_hooks__C
00816670   xdc_runtime_Startup_firstFxns__A
00816678   xdc_runtime_Startup_firstFxns__C
00816680   xdc_runtime_Startup_lastFxns__C
00816688   ti_sysbios_BIOS_Module__diagsEnabled__C
0081668c   ti_sysbios_BIOS_Module__diagsIncluded__C
00816690   ti_sysbios_BIOS_Module__diagsMask__C
00816694   ti_sysbios_BIOS_installedErrorHook__C
00816698   ti_sysbios_family_c64p_Exception_E_exceptionMax__C
0081669c   ti_sysbios_family_c64p_Exception_E_exceptionMin__C
008166a0   ti_sysbios_family_c64p_Exception_exceptionHook__C
008166a4   ti_sysbios_family_c64p_Exception_externalHook__C
008166a8   ti_sysbios_family_c64p_Exception_internalHook__C
008166ac   ti_sysbios_family_c64p_Exception_nmiHook__C
008166b0   ti_sysbios_family_c64p_Hwi_LD_end__C
008166b4   ti_sysbios_family_c64p_Hwi_LM_begin__C
008166b8   ti_sysbios_family_c64p_Hwi_Module__diagsEnabled__C
008166bc   ti_sysbios_family_c64p_Hwi_Module__diagsIncluded__C
008166c0   ti_sysbios_family_c64p_Hwi_Module__diagsMask__C
008166c4   ti_sysbios_family_c64p_Hwi_Module__loggerFxn1__C
008166c8   ti_sysbios_family_c64p_Hwi_Module__loggerFxn8__C
008166cc   ti_sysbios_family_c64p_Hwi_Module__loggerObj__C
008166d0   ti_sysbios_gates_GateMutex_A_badContext__C
008166d4   ti_sysbios_gates_GateMutex_Instance_State_sem__O
008166d8   ti_sysbios_gates_GateMutex_Module__diagsEnabled__C
008166dc   ti_sysbios_gates_GateMutex_Module__diagsIncluded__C
008166e0   ti_sysbios_gates_GateMutex_Module__diagsMask__C
008166e4   ti_sysbios_hal_Hwi_E_stackOverflow__C
008166e8   ti_sysbios_heaps_HeapMem_A_align__C
008166ec   ti_sysbios_heaps_HeapMem_A_heapSize__C
008166f0   ti_sysbios_heaps_HeapMem_A_invalidFree__C
008166f4   ti_sysbios_heaps_HeapMem_A_zeroBlock__C
008166f8   ti_sysbios_heaps_HeapMem_E_memory__C
008166fc   ti_sysbios_heaps_HeapMem_Module__diagsEnabled__C
00816700   ti_sysbios_heaps_HeapMem_Module__diagsIncluded__C
00816704   ti_sysbios_heaps_HeapMem_Module__diagsMask__C
00816708   ti_sysbios_heaps_HeapMem_Module__gateObj__C
0081670c   ti_sysbios_heaps_HeapMem_Object__count__C
00816710   ti_sysbios_heaps_HeapMem_reqAlign__C
00816714   ti_sysbios_knl_Clock_A_badThreadType__C
00816718   ti_sysbios_knl_Clock_LM_begin__C
0081671c   ti_sysbios_knl_Clock_LM_tick__C
00816720   ti_sysbios_knl_Clock_LW_delayed__C
00816724   ti_sysbios_knl_Clock_Module_State_clockQ__O
00816728   ti_sysbios_knl_Clock_Module__diagsEnabled__C
0081672c   ti_sysbios_knl_Clock_Module__diagsIncluded__C
00816730   ti_sysbios_knl_Clock_Module__diagsMask__C
00816734   ti_sysbios_knl_Clock_Module__loggerFxn1__C
00816738   ti_sysbios_knl_Clock_Module__loggerFxn2__C
0081673c   ti_sysbios_knl_Clock_Module__loggerObj__C
00816740   ti_sysbios_knl_Clock_tickMode__C
00816744   ti_sysbios_knl_Clock_tickSource__C
00816748   ti_sysbios_knl_Semaphore_A_badContext__C
0081674c   ti_sysbios_knl_Semaphore_A_noEvents__C
00816750   ti_sysbios_knl_Semaphore_A_overflow__C
00816754   ti_sysbios_knl_Semaphore_A_pendTaskDisabled__C
00816758   ti_sysbios_knl_Semaphore_Instance_State_pendQ__O
0081675c   ti_sysbios_knl_Semaphore_LM_pend__C
00816760   ti_sysbios_knl_Semaphore_LM_post__C
00816764   ti_sysbios_knl_Semaphore_Module__diagsEnabled__C
00816768   ti_sysbios_knl_Semaphore_Module__diagsIncluded__C
0081676c   ti_sysbios_knl_Semaphore_Module__diagsMask__C
00816770   ti_sysbios_knl_Semaphore_Module__loggerFxn2__C
00816774   ti_sysbios_knl_Semaphore_Module__loggerFxn4__C
00816778   ti_sysbios_knl_Semaphore_Module__loggerObj__C
0081677c   ti_sysbios_knl_Swi_LD_end__C
00816780   ti_sysbios_knl_Swi_LM_begin__C
00816784   ti_sysbios_knl_Swi_LM_post__C
00816788   ti_sysbios_knl_Swi_Module__diagsEnabled__C
0081678c   ti_sysbios_knl_Swi_Module__diagsIncluded__C
00816790   ti_sysbios_knl_Swi_Module__diagsMask__C
00816794   ti_sysbios_knl_Swi_Module__loggerFxn1__C
00816798   ti_sysbios_knl_Swi_Module__loggerFxn4__C
0081679c   ti_sysbios_knl_Swi_Module__loggerObj__C
008167a0   ti_sysbios_knl_Swi_Object__count__C
008167a4   ti_sysbios_knl_Task_A_badTimeout__C
008167a8   ti_sysbios_knl_Task_A_sleepTaskDisabled__C
008167ac   ti_sysbios_knl_Task_E_spOutOfBounds__C
008167b0   ti_sysbios_knl_Task_E_stackOverflow__C
008167b4   ti_sysbios_knl_Task_LD_block__C
008167b8   ti_sysbios_knl_Task_LD_exit__C
008167bc   ti_sysbios_knl_Task_LD_ready__C
008167c0   ti_sysbios_knl_Task_LM_sleep__C
008167c4   ti_sysbios_knl_Task_LM_switch__C
008167c8   ti_sysbios_knl_Task_Module_State_inactiveQ__O
008167cc   ti_sysbios_knl_Task_Module_State_terminatedQ__O
008167d0   ti_sysbios_knl_Task_Module__diagsEnabled__C
008167d4   ti_sysbios_knl_Task_Module__diagsIncluded__C
008167d8   ti_sysbios_knl_Task_Module__diagsMask__C
008167dc   ti_sysbios_knl_Task_Module__loggerFxn2__C
008167e0   ti_sysbios_knl_Task_Module__loggerFxn4__C
008167e4   ti_sysbios_knl_Task_Module__loggerObj__C
008167e8   ti_sysbios_knl_Task_Object__count__C
008167ec   ti_sysbios_knl_Task_Object__heap__C
008167f0   ti_sysbios_knl_Task_allBlockedFunc__C
008167f4   ti_sysbios_knl_Task_numConstructedTasks__C
008167f8   ti_sysbios_timers_timer64_Timer_A_notAvailable__C
008167fc   ti_sysbios_timers_timer64_Timer_E_cannotSupport__C
00816800   ti_sysbios_timers_timer64_Timer_Module__diagsEnabled__C
00816804   ti_sysbios_timers_timer64_Timer_Module__diagsIncluded__C
00816808   ti_sysbios_timers_timer64_Timer_Module__diagsMask__C
0081680c   ti_sysbios_timers_timer64_Timer_anyMask__C
00816810   ti_sysbios_timers_timer64_Timer_freqDivisor__C
00816814   ti_sysbios_timers_timer64_Timer_numLocalTimers__C
00816818   ti_sysbios_timers_timer64_Timer_numTimerDevices__C
0081681c   ti_sysbios_utils_Load_LS_cpuLoad__C
00816820   ti_sysbios_utils_Load_LS_hwiLoad__C
00816824   ti_sysbios_utils_Load_LS_swiLoad__C
00816828   ti_sysbios_utils_Load_LS_taskLoad__C
0081682c   ti_sysbios_utils_Load_Module_State_taskList__O
00816830   ti_sysbios_utils_Load_Module__diagsEnabled__C
00816834   ti_sysbios_utils_Load_Module__diagsIncluded__C
00816838   ti_sysbios_utils_Load_Module__diagsMask__C
0081683c   ti_sysbios_utils_Load_Module__loggerFxn1__C
00816840   ti_sysbios_utils_Load_Module__loggerFxn2__C
00816844   ti_sysbios_utils_Load_Module__loggerFxn4__C
00816848   ti_sysbios_utils_Load_Module__loggerObj__C
0081684c   ti_sysbios_utils_Load_postUpdate__C
00816850   ti_sysbios_utils_Load_windowInMs__C
00816854   ti_uia_family_c66_TimestampC66XGlobal_timerBaseAdrs__C
00816858   ti_uia_runtime_ILoggerSnapshot_Interface__BASE__C
0081685c   ti_uia_runtime_IUIATransfer_Interface__BASE__C
00816860   ti_uia_runtime_LoggerProbePoint_E_badLevel__C
00816864   ti_uia_runtime_LoggerProbePoint_Object__count__C
00816868   ti_uia_runtime_LoggerProbePoint_overflowLogger__C
0081686c   ti_uia_runtime_LoggerProbePoint_statusLogger__C
00816870   ti_uia_runtime_LoggerStopMode_E_badLevel__C
00816874   ti_uia_runtime_LoggerStopMode_Object__count__C
00816878   ti_uia_runtime_LoggerStopMode_overflowLogger__C
0081687c   ti_uia_runtime_LoggerStopMode_statusLogger__C
00816880   xdc_runtime_Assert_E_assertFailed__C
00816884   xdc_runtime_Core_A_initializedParams__C
00816888   xdc_runtime_Core_Module__diagsEnabled__C
0081688c   xdc_runtime_Core_Module__diagsIncluded__C
00816890   xdc_runtime_Core_Module__diagsMask__C
00816894   xdc_runtime_Error_E_memory__C
00816898   xdc_runtime_Error_Module__diagsEnabled__C
0081689c   xdc_runtime_Error_Module__diagsIncluded__C
008168a0   xdc_runtime_Error_Module__diagsMask__C
008168a4   xdc_runtime_Error_Module__loggerFxn8__C
008168a8   xdc_runtime_Error_Module__loggerObj__C
008168ac   xdc_runtime_Error_policy__C
008168b0   xdc_runtime_Error_raiseHook__C
008168b4   xdc_runtime_IFilterLogger_Interface__BASE__C
008168b8   xdc_runtime_IGateProvider_Interface__BASE__C
008168bc   xdc_runtime_IHeap_Interface__BASE__C
008168c0   xdc_runtime_ILogger_Interface__BASE__C
008168c4   xdc_runtime_IModule_Interface__BASE__C
008168c8   xdc_runtime_Log_L_error__C
008168cc   xdc_runtime_LoggerBuf_E_badLevel__C
008168d0   xdc_runtime_LoggerBuf_Module__gateObj__C
008168d4   xdc_runtime_LoggerBuf_Object__count__C
008168d8   xdc_runtime_LoggerBuf_statusLogger__C
008168dc   xdc_runtime_Memory_defaultHeapInstance__C
008168e0   xdc_runtime_Startup_execImpl__C
008168e4   xdc_runtime_Startup_maxPasses__C
008168e8   xdc_runtime_Startup_lastFxns__A
008168ec   xdc_runtime_Startup_sfxnRts__C
008168f0   xdc_runtime_Startup_sfxnTab__C
008168f4   xdc_runtime_SysMin_bufSize__C
008168f8   xdc_runtime_SysMin_outputFunc__C
008168fc   xdc_runtime_System_Module__gateObj__C
00816900   xdc_runtime_System_extendFxn__C
00816904   xdc_runtime_System_maxAtexitHandlers__C
00816908   xdc_runtime_Text_charTab__C
0081690c   xdc_runtime_Text_nameEmpty__C
00816910   xdc_runtime_Text_nameStatic__C
00816914   xdc_runtime_Text_nameUnknown__C
00816918   xdc_runtime_Text_nodeTab__C
0081691c   xdc_runtime_Text_visitRopeFxn__C
00816920   ti_sysbios_family_c64p_Exception_enablePrint__C
00816922   ti_sysbios_family_c64p_Exception_useInternalBuffer__C
00816924   ti_sysbios_family_c64p_Hwi_Module__id__C
00816926   ti_sysbios_family_c64p_Hwi_Module__loggerDefined__C
00816928   ti_sysbios_gates_GateMutex_Module__id__C
0081692a   ti_sysbios_hal_Hwi_Module__id__C
0081692c   ti_sysbios_heaps_HeapMem_Module__id__C
0081692e   ti_sysbios_knl_Clock_Module__id__C
00816930   ti_sysbios_knl_Clock_Module__loggerDefined__C
00816932   ti_sysbios_knl_Semaphore_Module__id__C
00816934   ti_sysbios_knl_Semaphore_Module__loggerDefined__C
00816936   ti_sysbios_knl_Swi_Module__id__C
00816938   ti_sysbios_knl_Swi_Module__loggerDefined__C
0081693a   ti_sysbios_knl_Task_Module__id__C
0081693c   ti_sysbios_knl_Task_Module__loggerDefined__C
0081693e   ti_sysbios_knl_Task_deleteTerminatedTasks__C
00816940   ti_sysbios_knl_Task_initStackFlag__C
00816942   ti_sysbios_timers_timer64_Timer_Module__id__C
00816944   ti_sysbios_timers_timer64_Timer_startupNeeded__C
00816946   ti_sysbios_utils_Load_Module__id__C
00816948   ti_sysbios_utils_Load_Module__loggerDefined__C
0081694a   ti_sysbios_utils_Load_autoAddTasks__C
0081694c   ti_sysbios_utils_Load_hwiEnabled__C
0081694e   ti_sysbios_utils_Load_swiEnabled__C
00816950   ti_sysbios_utils_Load_taskEnabled__C
00816952   ti_sysbios_utils_Load_updateInIdle__C
00816954   ti_uia_runtime_LoggerProbePoint_Module__id__C
00816956   ti_uia_runtime_LoggerProbePoint_filterByLevel__C
00816958   ti_uia_runtime_LoggerProbePoint_isTimestampEnabled__C
0081695a   ti_uia_runtime_LoggerStopMode_Module__id__C
0081695c   ti_uia_runtime_LoggerStopMode_filterByLevel__C
0081695e   ti_uia_runtime_LoggerStopMode_isTimestampEnabled__C
00816960   xdc_runtime_Core_Module__id__C
00816962   xdc_runtime_Error_Module__loggerDefined__C
00816964   xdc_runtime_Error_maxDepth__C
00816966   xdc_runtime_LoggerBuf_Module__id__C
00816968   xdc_runtime_LoggerBuf_filterByLevel__C
0081696a   xdc_runtime_Memory_Module__id__C
0081696c   xdc_runtime_SysMin_flushAtExit__C
0081696e   xdc_runtime_Text_charCnt__C
00816970   xdc_runtime_Text_isLoaded__C
00816972   xdc_runtime_Text_registryModsLastId__C
00816974   xdc_runtime_Text_unnamedModsLastId__C
00816978   ti_sysbios_heaps_HeapMem_Instance_State_0_buf__A
00817978   ti_sysbios_knl_Task_Instance_State_0_hookEnv__A
00817980   ti_sysbios_knl_Task_Instance_State_1_hookEnv__A
00817988   ti_uia_runtime_LoggerProbePoint_Instance_State_0_bufferArray__A
00817c08   ti_uia_runtime_LoggerProbePoint_Instance_State_1_bufferArray__A
00818088   ti_uia_runtime_LoggerProbePoint_Instance_State_2_bufferArray__A
00818508   ti_uia_runtime_LoggerStopMode_Instance_State_0_bufferArray__A
00818788   xdc_runtime_LoggerBuf_Instance_State_0_entryArr__A
00818b88   xdc_runtime_SysMin_Module_State_0_outbuf__A
00818f88   ti_sysbios_knl_Task_Instance_State_0_stack__A
00819788   ti_sysbios_knl_Task_Instance_State_1_stack__A
00819f88   _tmpnams
0081a0c8   gtz_out
0081a0f0   _stack
0081b0f0   __TI_STACK_END
0081b0f0   ti_sysbios_BIOS_Module__state__V
0081b110   ti_sysbios_family_c64p_Exception_Module__state__V
0081b140   ti_sysbios_family_c64p_Hwi_Module__root__V
0081b148   ti_sysbios_family_c64p_Hwi_Module__state__V
0081b1b0   ti_sysbios_gates_GateHwi_Module__root__V
0081b1b8   ti_sysbios_gates_GateMutex_Module__root__V
0081b1c0   ti_sysbios_hal_Hwi_Module__root__V
0081b1c8   ti_sysbios_hal_Timer_Module__root__V
0081b1d0   ti_sysbios_heaps_HeapMem_Module__root__V
0081b1d8   ti_sysbios_knl_Clock_Module__root__V
0081b1e0   ti_sysbios_knl_Clock_Module__state__V
0081b208   ti_sysbios_knl_Event_Module__root__V
0081b214   ti_sysbios_knl_Queue_Module__root__V
0081b21c   ti_sysbios_knl_Semaphore_Module__root__V
0081b228   ti_sysbios_knl_Swi_Module__root__V
0081b234   ti_sysbios_knl_Swi_Module__state__V
0081b250   ti_sysbios_knl_Task_Module__root__V
0081b25c   ti_sysbios_knl_Task_Module__state__V
0081b2a0   ti_sysbios_timers_timer64_Timer_Module__root__V
0081b2a8   ti_sysbios_timers_timer64_Timer_Module__state__V
0081b2bc   ti_sysbios_utils_Load_Module__root__V
0081b2c0   ti_sysbios_utils_Load_Module__state__V
0081b33c   ti_uia_family_c66_TimestampC66XGlobal_Module__root__V
0081b344   ti_uia_runtime_LogSync_Module__root__V
0081b34c   ti_uia_runtime_LogSync_Module__state__V
0081b358   ti_uia_runtime_LoggerProbePoint_Module__root__V
0081b360   ti_uia_runtime_LoggerProbePoint_Module__state__V
0081b368   ti_uia_runtime_LoggerStopMode_Module__root__V
0081b370   ti_uia_runtime_LoggerStopMode_Module__state__V
0081b378   ti_uia_runtime_QueueDescriptor_Module__state__V
0081b384   xdc_runtime_Error_Module__state__V
0081b388   xdc_runtime_LoggerBuf_Module__root__V
0081b390   xdc_runtime_LoggerBuf_Module__state__V
0081b396   xdc_runtime_Main_Module__root__V
0081b398   xdc_runtime_Memory_Module__state__V
0081b39c   xdc_runtime_Registry_Module__state__V
0081b3a4   xdc_runtime_Startup_Module__state__V
0081b3ac   xdc_runtime_SysMin_Module__state__V
0081b3b8   xdc_runtime_System_Module__state__V
0081b3c4   xdc_runtime_Text_Module__state__V
0081b3cc   __xdc__init__addr
0081b3d0   _ftable
0081b5b0   ti_sysbios_timers_timer64_Timer_Module_State_0_device__A
0081b730   ti_uia_runtime_LoggerProbePoint_Object__table__V
0081b844   _ft_end
0081b8e8   ti_sysbios_knl_Task_Object__table__V
0081b938   TSK_idle
0081b988   ti_sysbios_knl_Swi_Module_State_0_readyQ__A
0081ba08   ti_sysbios_knl_Task_Module_State_0_readyQ__A
0081ba88   ti_sysbios_timers_timer64_Timer_Module_State_0_gctrl__A
0081bb08   ti_sysbios_timers_timer64_Timer_Module_State_0_handles__A
0081bb88   ti_sysbios_timers_timer64_Timer_Module_State_0_intFreqs__A
0081bc80   ti_uia_runtime_LoggerStopMode_Object__table__V
0081bce0   ti_sysbios_timers_timer64_Timer_Object__table__V
0081bd70   ti_sysbios_gates_GateMutex_Object__table__V
0081bdb0   ti_sysbios_knl_Swi_Object__table__V
0081bde0   xdc_runtime_LoggerBuf_Object__table__V
0081be08   ti_sysbios_family_c64p_Hwi_Object__table__V
0081be20   ti_sysbios_heaps_HeapMem_Object__table__V
0081be38   coef
0081be48   xdc_runtime_System_Module_State_0_atexitHandlers__A
0081be58   _cleanup_ptr
0081be5c   _dtors_ptr
0081be60   __TI_enable_exit_profile_output
0081be64   _lock
0081be68   _unlock
0081be70   ti_sysbios_hal_Hwi_Object__table__V
0081be78   ti_sysbios_hal_Timer_Object__table__V
0081be80   ti_sysbios_gates_GateHwi_Object__table__V
0081be88   ti_sysbios_knl_Task_Module_State_0_idleTask__A
0081be90   ti_sysbios_utils_Load_Module_State_0_runningTask__A
0081be98   ti_sysbios_utils_Load_Module_State_0_taskStartTime__A
0081bea0   __CIOBUF_
0081c000   ti_sysbios_family_c64p_Hwi0
0081c000   ti_sysbios_family_c64p_Hwi_int0
0081c020   ti_sysbios_family_c64p_Hwi_int1
0081c040   ti_sysbios_family_c64p_Hwi_int2
0081c060   ti_sysbios_family_c64p_Hwi_int3
0081c080   ti_sysbios_family_c64p_Hwi_int4
0081c0a0   ti_sysbios_family_c64p_Hwi_int5
0081c0c0   ti_sysbios_family_c64p_Hwi_int6
0081c0e0   ti_sysbios_family_c64p_Hwi_int7
0081c100   ti_sysbios_family_c64p_Hwi_int8
0081c120   ti_sysbios_family_c64p_Hwi_int9
0081c140   ti_sysbios_family_c64p_Hwi_int10
0081c160   ti_sysbios_family_c64p_Hwi_int11
0081c180   ti_sysbios_family_c64p_Hwi_int12
0081c1a0   ti_sysbios_family_c64p_Hwi_int13
0081c1c0   ti_sysbios_family_c64p_Hwi_int14
0081c1e0   ti_sysbios_family_c64p_Hwi_int15
0081c200   __TI_STATIC_BASE
0081c200   time1
0081c204   time2
0081c208   digit
0081c20c   freq1
0081c210   freq2
0081c214   mag1
0081c218   mag2
0081c21c   sample
0081c294   ti_uia_runtime_QueueDescriptor_gPtrToFirstDescriptor
0081c298   ti_uia_runtime_QueueDescriptor_gUpdateCount
0081ca8c   __TI_Handler_Table_Base
0081ca98   __TI_Handler_Table_Limit
0081cab4   __TI_CINIT_Base
0081cad4   __TI_CINIT_Limit
ffffffff   __TI_pprof_out_hndl
ffffffff   __TI_prof_data_size
ffffffff   __TI_prof_data_start
ffffffff   __binit__
ffffffff   __c_args__
ffffffff   binit
UNDEFED    __TI_INITARRAY_Base
UNDEFED    __TI_INITARRAY_Limit

[873 symbols]
