******************************************************************************
               TMS320C6x Linker PC v7.4.4                      
******************************************************************************
>> Linked Sat May 29 14:30:20 2021

OUTPUT FILE NAME:   <GTZ_all_freq.out>
ENTRY POINT SYMBOL: "_c_int00"  address: 0080ecc0


MEMORY CONFIGURATION

         name            origin    length      used     unused   attr    fill
----------------------  --------  ---------  --------  --------  ----  --------
  L2SRAM                00800000   00080000  0001c4f6  00063b0a  RW X
  MSMCSRAM              0c000000   00400000  00000000  00400000  RW X
  DDR2                  80000000   10000000  00000000  10000000  RWIX


SEGMENT ALLOCATION MAP

run origin  load origin   length   init length attrs members
----------  ----------- ---------- ----------- ----- -------
00800000    00800000    000163e2   000163e2    r-x
  00800000    00800000    00012cc0   00012cc0    r-x .text
  00812cc0    00812cc0    00003722   00003722    r-- .const
008163e8    008163e8    00004778   00000000    rw-
  008163e8    008163e8    00003778   00000000    rw- .far
  00819b60    00819b60    00001000   00000000    rw- .stack
0081ab60    0081ab60    00000dac   00000dac    rw-
  0081ab60    0081ab60    00000dac   00000dac    rw- .fardata
0081b910    0081b910    00000154   00000000    rw-
  0081b910    0081b910    00000120   00000000    rw- .cio
  0081ba30    0081ba30    00000034   00000000    rw- .bss
0081ba64    0081ba64    00000068   00000068    rw-
  0081ba64    0081ba64    00000068   00000068    rw- .neardata
0081bc00    0081bc00    00000a34   00000a34    r-x
  0081bc00    0081bc00    00000200   00000200    r-x .vecs
  0081be00    0081be00    00000834   00000834    r-- .cinit


SECTION ALLOCATION MAP

 output                                  attributes/
section   page    origin      length       input sections
--------  ----  ----------  ----------   ----------------
.init_array 
*          0    00800000    00000000     UNINITIALIZED

xdc.meta   0    00800000    00000118     COPY SECTION
                  00800000    00000118     Sys_BIOs_config_pe66.oe66 (xdc.meta)

.text      0    00800000    00012cc0     
                  00800000    00000b60     main_gtz.obj (.text)
                  00800b60    000008a0     sysbios.ae66 : BIOS.obj (.text:ti_sysbios_family_c64p_Exception_handler__I)
                  00801400    000008a0     ti.targets.rts6000.ae66 : System.oe66 (.text:xdc_runtime_System_doPrint__I)
                  00801ca0    000006c0     util.obj (.text)
                  00802360    00000600     sysbios.ae66 : BIOS.obj (.text:ti_sysbios_heaps_HeapMem_alloc__E)
                  00802960    00000600                  : BIOS.obj (.text:ti_sysbios_knl_Semaphore_pend__E)
                  00802f60    000005e0                  : BIOS.obj (.text:ti_sysbios_heaps_HeapMem_free__E)
                  00803540    000005a0                  : BIOS.obj (.text:ti_sysbios_timers_timer64_Timer_Module_startup__F)
                  00803ae0    00000500                  : BIOS.obj (.text:ti_sysbios_utils_Load_update__E)
                  00803fe0    00000420                  : BIOS.obj (.text:ti_sysbios_knl_Task_sleep__E)
                  00804400    00000420                  : BIOS.obj (.text:ti_sysbios_utils_Load_logLoads__I)
                  00804820    00000300                  : BIOS.obj (.text:ti_sysbios_family_c64p_Hwi_dispatchC__I)
                  00804b20    000002e0                  : BIOS.obj (.text:ti_sysbios_heaps_HeapMem_Instance_init__F)
                  00804e00    000002c0     ti.uia.runtime.ae66 : LoggerProbePoint.oe66 (.text:ti_uia_runtime_LoggerProbePoint_write8__E)
                  008050c0    000002c0                         : LoggerStopMode.oe66 (.text:ti_uia_runtime_LoggerStopMode_write8__E)
                  00805380    000002a0     sysbios.ae66 : BIOS.obj (.text:ti_sysbios_knl_Clock_Instance_init__F)
                  00805620    000002a0                  : BIOS.obj (.text:ti_sysbios_knl_Clock_workFunc__E)
                  008058c0    000002a0                  : BIOS.obj (.text:ti_sysbios_timers_timer64_Timer_deviceConfig__I)
                  00805b60    00000280     rts6600_elf.lib : sin.obj (.text:sin)
                  00805de0    00000280     ti.uia.runtime.ae66 : LoggerStopMode.oe66 (.text:ti_uia_runtime_LoggerStopMode_writeMemoryRange__E)
                  00806060    00000280     ti.targets.rts6000.ae66 : Error.oe66 (.text:xdc_runtime_Error_raiseX__F)
                  008062e0    00000260     sysbios.ae66 : BIOS.obj (.text:ti_sysbios_family_c64p_Exception_internalHandler__I)
                  00806540    00000260                  : BIOS.obj (.text:ti_sysbios_knl_Semaphore_post__E)
                  008067a0    00000260     ti.uia.runtime.ae66 : LoggerProbePoint.oe66 (.text:ti_uia_runtime_LoggerProbePoint_write4__E)
                  00806a00    00000260                         : LoggerProbePoint.oe66 (.text:ti_uia_runtime_LoggerProbePoint_writeMemoryRange__E)
                  00806c60    00000260     ti.targets.rts6000.ae66 : Startup.oe66 (.text:xdc_runtime_Startup_startMods__I)
                  00806ec0    00000260     Sys_BIOs_config_pe66.oe66 (.text:xdc_runtime_System_printfExtend__I)
                  00807120    00000240     rts6600_elf.lib : imath64.obj (.text:__c6xabi_divull)
                  00807360    00000240     sysbios.ae66 : BIOS.obj (.text:ti_sysbios_knl_Task_exit__E)
                  008075a0    00000240     ti.uia.runtime.ae66 : LoggerProbePoint.oe66 (.text:ti_uia_runtime_LoggerProbePoint_write0__E)
                  008077e0    00000240                         : LoggerProbePoint.oe66 (.text:ti_uia_runtime_LoggerProbePoint_write1__E)
                  00807a20    00000240                         : LoggerProbePoint.oe66 (.text:ti_uia_runtime_LoggerProbePoint_write2__E)
                  00807c60    00000240                         : LoggerStopMode.oe66 (.text:ti_uia_runtime_LoggerStopMode_write4__E)
                  00807ea0    00000240     ti.targets.rts6000.ae66 : LoggerBuf.oe66 (.text:xdc_runtime_LoggerBuf_write8__F)
                  008080e0    00000220     sysbios.ae66 : BIOS.obj (.text:ti_sysbios_knl_Swi_run__I)
                  00808300    00000220                  : BIOS.obj (.text:ti_sysbios_knl_Task_schedule__I)
                  00808520    00000220                  : BIOS.obj (.text:ti_sysbios_knl_Task_startCore__E)
                  00808740    00000220     ti.targets.rts6000.ae66 : Core-mem.oe66 (.text:xdc_runtime_Core_createObject__I)
                  00808960    00000200     sysbios.ae66 : c64p_Hwi_disp_always.obj (.text:_ti_sysbios_family_c64p_Hwi_dispatchAlways)
                  00808b60    00000200     rts6600_elf.lib : setvbuf.obj (.text:setvbuf)
                  00808d60    00000200     sysbios.ae66 : BIOS.obj (.text:ti_sysbios_utils_Load_taskDeleteHook__E)
                  00808f60    000001e0                  : BIOS.obj (.text:ti_sysbios_family_c64p_Exception_externalHandler__I)
                  00809140    000001e0                  : BIOS.obj (.text:ti_sysbios_knl_Task_checkStacks__E)
                  00809320    000001e0                  : BIOS.obj (.text:ti_sysbios_knl_Task_postInit__I)
                  00809500    000001e0                  : BIOS.obj (.text:ti_sysbios_timers_timer64_Timer_getFreq__E)
                  008096e0    000001e0                  : BIOS.obj (.text:ti_sysbios_utils_Load_idleFxn__E)
                  008098c0    000001c0                  : BIOS.obj (.text:ti_sysbios_family_c64p_Exception_decodeMpfsr__I)
                  00809a80    000001c0                  : BIOS.obj (.text:ti_sysbios_gates_GateMutex_enter__E)
                  00809c40    000001c0                  : BIOS.obj (.text:ti_sysbios_timers_timer64_Timer_setPeriodMicroSecs__E)
                  00809e00    000001c0     ti.targets.rts6000.ae66 : Text.oe66 (.text:xdc_runtime_Text_putSite__F)
                  00809fc0    000001a0     rts6600_elf.lib : trgdrv.obj (.text:HOSTrename)
                  0080a160    000001a0     sysbios.ae66 : BIOS.obj (.text:ti_sysbios_timers_timer64_Timer_start__E)
                  0080a300    000001a0     ti.targets.rts6000.ae66 : LoggerBuf.oe66 (.text:xdc_runtime_LoggerBuf_write4__F)
                  0080a4a0    00000180     rts6600_elf.lib : copy_decompress_rle.obj (.text:__TI_decompress_rle_core)
                  0080a620    00000180     sysbios.ae66 : c64p_Exception_asm.obj (.text)
                  0080a7a0    00000180                  : BIOS.obj (.text:ti_sysbios_knl_Swi_schedule__I)
                  0080a920    00000180                  : BIOS.obj (.text:ti_sysbios_knl_Task_unblockI__E)
                  0080aaa0    00000160                  : BIOS.obj (.text:ti_sysbios_utils_Load_taskCreateHook__E)
                  0080ac00    00000140     boot.ae66 : autoinit.oe66 (.text:_auto_init_elf)
                  0080ad40    00000140     rts6600_elf.lib : fgetc.obj (.text:fgetc)
                  0080ae80    00000140                     : lowlev.obj (.text:getdevice)
                  0080afc0    00000140     sysbios.ae66 : BIOS.obj (.text:ti_sysbios_family_c64p_Exception_Module_startup__F)
                  0080b100    00000140                  : BIOS.obj (.text:ti_sysbios_family_c64p_Hwi_Module_startup__F)
                  0080b240    00000140                  : BIOS.obj (.text:ti_sysbios_family_c66_Cache_Module_startup__F)
                  0080b380    00000140                  : BIOS.obj (.text:ti_sysbios_knl_Semaphore_Instance_init__F)
                  0080b4c0    00000140                  : BIOS.obj (.text:ti_sysbios_knl_Swi_post__E)
                  0080b600    00000140                  : BIOS.obj (.text:ti_sysbios_knl_Task_Module_startup__F)
                  0080b740    00000140                  : BIOS.obj (.text:ti_sysbios_knl_Task_blockI__E)
                  0080b880    00000140     ti.targets.rts6000.ae66 : Text.oe66 (.text:xdc_runtime_Text_putLab__F)
                  0080b9c0    00000120     rts6600_elf.lib : _bufread.obj (.text:_buff_read)
                  0080bae0    00000120                     : fclose.obj (.text:_closefile)
                  0080bc00    00000120     sysbios.ae66 : BIOS.obj (.text:ti_sysbios_BIOS_rtsUnlock__I)
                  0080bd20    00000120                  : BIOS.obj (.text:ti_sysbios_knl_Clock_startI__E)
                  0080be40    00000120     ti.uia.runtime.ae66 : LoggerProbePoint.oe66 (.text:ti_uia_runtime_LoggerProbePoint_setFilterLevel__E)
                  0080bf60    00000120                         : LoggerStopMode.oe66 (.text:ti_uia_runtime_LoggerStopMode_setFilterLevel__E)
                  0080c080    00000120                         : QueueDescriptor.oe66 (.text:ti_uia_runtime_QueueDescriptor_addToList__E)
                  0080c1a0    00000120     ti.targets.rts6000.ae66 : LoggerBuf.oe66 (.text:xdc_runtime_LoggerBuf_setFilterLevel__F)
                  0080c2c0    00000120                             : Text.oe66 (.text:xdc_runtime_Text_putMod__F)
                  0080c3e0    00000100     rts6600_elf.lib : trgdrv.obj (.text:HOSTlseek)
                  0080c4e0    00000100     sysbios.ae66 : BIOS.obj (.text:ti_sysbios_knl_Swi_restoreHwi__E)
                  0080c5e0    00000100                  : BIOS.obj (.text:ti_sysbios_timers_timer64_Timer_initDevice__I)
                  0080c6e0    00000100                  : BIOS.obj (.text:ti_sysbios_utils_Load_addTask__E)
                  0080c7e0    00000100     ti.uia.runtime.ae66 : LoggerProbePoint.oe66 (.text:ti_uia_runtime_LoggerProbePoint_getFilterLevel__E)
                  0080c8e0    00000100                         : LoggerStopMode.oe66 (.text:ti_uia_runtime_LoggerStopMode_getContents__E)
                  0080c9e0    00000100                         : LoggerStopMode.oe66 (.text:ti_uia_runtime_LoggerStopMode_getFilterLevel__E)
                  0080cae0    00000100     ti.targets.rts6000.ae66 : Core-mem.oe66 (.text:xdc_runtime_Core_deleteObject__I)
                  0080cbe0    00000100                             : LoggerBuf.oe66 (.text:xdc_runtime_LoggerBuf_getFilterLevel__F)
                  0080cce0    00000100                             : Startup.oe66 (.text:xdc_runtime_Startup_exec__F)
                  0080cde0    00000100                             : Text.oe66 (.text:xdc_runtime_Text_visitRope2__I)
                  0080cee0    000000e0     rts6600_elf.lib : trgdrv.obj (.text:HOSTopen)
                  0080cfc0    000000e0                     : lowlev.obj (.text:close)
                  0080d0a0    000000e0                     : copy_zero_init.obj (.text:decompress:ZI:__TI_zero_init)
                  0080d180    000000e0                     : memset.obj (.text:memset)
                  0080d260    000000e0     sysbios.ae66 : BIOS.obj (.text:ti_sysbios_knl_Clock_start__E)
                  0080d340    000000e0     Sys_BIOs_config_pe66.oe66 (.text:ti_uia_runtime_LoggerProbePoint_Object__create__S)
                  0080d420    000000e0     ti.uia.runtime.ae66 : LoggerProbePoint.oe66 (.text:ti_uia_runtime_LoggerProbePoint_getContents__E)
                  0080d500    000000e0                         : LoggerProbePoint.oe66 (.text:ti_uia_runtime_LoggerProbePoint_writeBlockOfMemory__I)
                  0080d5e0    000000e0     Sys_BIOs_config_pe66.oe66 (.text:ti_uia_runtime_LoggerStopMode_Object__create__S)
                  0080d6c0    000000e0     ti.uia.runtime.ae66 : LoggerStopMode.oe66 (.text:ti_uia_runtime_LoggerStopMode_writeBlockOfMemory__I)
                  0080d7a0    000000e0                         : QueueDescriptor.oe66 (.text:ti_uia_runtime_QueueDescriptor_removeFromList__E)
                  0080d880    000000e0     ti.targets.rts6000.ae66 : Error.oe66 (.text:xdc_runtime_Error_print__F)
                  0080d960    000000e0     Sys_BIOs_config_pe66.oe66 (.text:xdc_runtime_LoggerBuf_Object__create__S)
                  0080da40    000000e0     ti.targets.rts6000.ae66 : Memory.oe66 (.text:xdc_runtime_Memory_alloc__F)
                  0080db20    000000c0     rts6600_elf.lib : trgdrv.obj (.text:HOSTread)
                  0080dbe0    000000c0                     : trgdrv.obj (.text:HOSTunlink)
                  0080dca0    000000c0                     : trgdrv.obj (.text:HOSTwrite)
                  0080dd60    000000c0                     : dtor_list.obj (.text:_Z11__TI_atexitPFYvPvES_S_)
                  0080de20    000000c0                     : dtor_list.obj (.text:__cxa_finalize)
                  0080dee0    000000c0                     : divu.obj (.text:__divu)
                  0080dfa0    000000c0                     : fflush.obj (.text:_doflush)
                  0080e060    000000c0                     : _io_perm.obj (.text:_rd_ok)
                  0080e120    000000c0                     : exit.obj (.text:exit)
                  0080e1e0    000000c0     sysbios.ae66 : BIOS.obj (.text:ti_sysbios_BIOS_errorRaiseHook__I)
                  0080e2a0    000000c0                  : BIOS.obj (.text:ti_sysbios_heaps_HeapMem_getStats__E)
                  0080e360    000000c0                  : BIOS.obj (.text:ti_sysbios_knl_Clock_logTick__E)
                  0080e420    000000c0                  : BIOS.obj (.text:ti_sysbios_knl_Task_allBlockedFunction__I)
                  0080e4e0    000000c0                  : BIOS.obj (.text:ti_sysbios_timers_timer64_Timer_startup__E)
                  0080e5a0    000000c0                  : BIOS.obj (.text:ti_sysbios_utils_Load_taskSwitchHook__E)
                  0080e660    000000c0     ti.uia.runtime.ae66 : LoggerProbePoint.oe66 (.text:ti_uia_runtime_LoggerProbePoint_Instance_init__F)
                  0080e720    000000c0                         : LoggerProbePoint.oe66 (.text:ti_uia_runtime_LoggerProbePoint_Module_startup__F)
                  0080e7e0    000000c0                         : LoggerStopMode.oe66 (.text:ti_uia_runtime_LoggerStopMode_Instance_init__F)
                  0080e8a0    000000c0                         : LoggerStopMode.oe66 (.text:ti_uia_runtime_LoggerStopMode_Module_startup__F)
                  0080e960    000000c0     ti.targets.rts6000.ae66 : LoggerBuf.oe66 (.text:xdc_runtime_LoggerBuf_Instance_init__F)
                  0080ea20    000000c0                             : System.oe66 (.text:xdc_runtime_System_formatNum__I)
                  0080eae0    000000a0     rts6600_elf.lib : trgdrv.obj (.text:HOSTclose)
                  0080eb80    000000a0                     : round.obj (.text:__c6xabi_nround)
                  0080ec20    000000a0                     : remu.obj (.text:__remu)
                  0080ecc0    000000a0     boot.ae66 : boot.oe66 (.text:_c_int00)
                  0080ed60    000000a0     rts6600_elf.lib : fopen.obj (.text:_cleanup)
                  0080ee00    000000a0                     : lowlev.obj (.text:finddevice)
                  0080eea0    000000a0                     : memcpy64.obj (.text:memcpy)
                  0080ef40    000000a0                     : modf.obj (.text:modf)
                  0080efe0    000000a0                     : lowlev.obj (.text:read)
                  0080f080    000000a0     sysbios.ae66 : BIOS.obj (.text:ti_sysbios_family_c64p_Hwi_getStackInfo__E)
                  0080f120    000000a0                  : BIOS.obj (.text:ti_sysbios_heaps_HeapMem_init__I)
                  0080f1c0    000000a0     Sys_BIOs_config_pe66.oe66 (.text:ti_sysbios_knl_Clock_Object__create__S)
                  0080f260    000000a0     sysbios.ae66 : BIOS.obj (.text:ti_sysbios_knl_Idle_run__E)
                  0080f300    000000a0                  : BIOS.obj (.text:ti_sysbios_knl_Semaphore_pendTimeout__I)
                  0080f3a0    000000a0                  : BIOS.obj (.text:ti_sysbios_knl_Task_processVitalTaskFlag__I)
                  0080f440    000000a0                  : BIOS.obj (.text:ti_sysbios_timers_timer64_Timer_stop__E)
                  0080f4e0    000000a0     ti.uia.runtime.ae66 : LoggerProbePoint.oe66 (.text:ti_uia_runtime_LoggerProbePoint_readBlockOfMemory__I)
                  0080f580    000000a0                         : LoggerStopMode.oe66 (.text:ti_uia_runtime_LoggerStopMode_readBlockOfMemory__I)
                  0080f620    000000a0     rts6600_elf.lib : lowlev.obj (.text:write)
                  0080f6c0    000000a0     ti.targets.rts6000.ae66 : Assert.oe66 (.text:xdc_runtime_Assert_raise__I)
                  0080f760    000000a0                             : LoggerBuf.oe66 (.text:xdc_runtime_LoggerBuf_Module_startup__F)
                  0080f800    000000a0                             : SysMin.oe66 (.text:xdc_runtime_SysMin_abort__F)
                  0080f8a0    000000a0                             : SysMin.oe66 (.text:xdc_runtime_SysMin_flush__F)
                  0080f940    000000a0                             : SysMin.oe66 (.text:xdc_runtime_SysMin_putch__F)
                  0080f9e0    000000a0                             : Text.oe66 (.text:xdc_runtime_Text_xprintf__I)
                  0080fa80    00000080     rts6600_elf.lib : llshift.obj (.text:__c6xabi_llshl)
                  0080fb00    00000080     sysbios.ae66 : c62_TaskSupport_asm.obj (.text:_ti_sysbios_family_c62_TaskSupport_swap__E)
                  0080fb80    00000080     Sys_BIOs_config_pe66.oe66 (.text:malloc)
                  0080fc00    00000080     rts6600_elf.lib : trgmsg.obj (.text:readmsg)
                  0080fc80    00000080     Sys_BIOs_config_pe66.oe66 (.text:ti_sysbios_BIOS_exitFunc__I)
                  0080fd00    00000080     sysbios.ae66 : BIOS.obj (.text:ti_sysbios_BIOS_registerRTSLock__I)
                  0080fd80    00000080     Sys_BIOs_config_pe66.oe66 (.text:ti_sysbios_gates_GateHwi_Object__create__S)
                  0080fe00    00000080     Sys_BIOs_config_pe66.oe66 (.text:ti_sysbios_gates_GateMutex_Object__create__S)
                  0080fe80    00000080     sysbios.ae66 : BIOS.obj (.text:ti_sysbios_hal_Hwi_checkStack:ti_sysbios_hal_Hwi_checkStack)
                  0080ff00    00000080                  : BIOS.obj (.text:ti_sysbios_hal_Hwi_initStack:ti_sysbios_hal_Hwi_initStack)
                  0080ff80    00000080     Sys_BIOs_config_pe66.oe66 (.text:ti_sysbios_heaps_HeapMem_Object__create__S)
                  00810000    00000080     sysbios.ae66 : BIOS.obj (.text:ti_sysbios_knl_Clock_Module_startup__F)
                  00810080    00000080     Sys_BIOs_config_pe66.oe66 (.text:ti_sysbios_knl_Clock_doTick__I)
                  00810100    00000080     sysbios.ae66 : BIOS.obj (.text:ti_sysbios_knl_Clock_getTicks__E)
                  00810180    00000080     Sys_BIOs_config_pe66.oe66 (.text:ti_sysbios_knl_Queue_Object__create__S)
                  00810200    00000080     Sys_BIOs_config_pe66.oe66 (.text:ti_sysbios_knl_Semaphore_Object__create__S)
                  00810280    00000080     sysbios.ae66 : BIOS.obj (.text:ti_sysbios_knl_Swi_startup__E)
                  00810300    00000080                  : BIOS.obj (.text:ti_sysbios_knl_Task_restore__E)
                  00810380    00000080                  : BIOS.obj (.text:ti_sysbios_timers_timer64_Timer_getCount__E)
                  00810400    00000080                  : BIOS.obj (.text:ti_sysbios_timers_timer64_Timer_getPeriod__E)
                  00810480    00000080     ti.uia.runtime.ae66 : LoggerProbePoint.oe66 (.text:ti_uia_runtime_LoggerProbePoint_disable__E)
                  00810500    00000080                         : LoggerProbePoint.oe66 (.text:ti_uia_runtime_LoggerProbePoint_enable__E)
                  00810580    00000080                         : LoggerProbePoint.oe66 (.text:ti_uia_runtime_LoggerProbePoint_filterOutEvent__I)
                  00810600    00000080                         : LoggerProbePoint.oe66 (.text:ti_uia_runtime_LoggerProbePoint_reset__F)
                  00810680    00000080                         : LoggerStopMode.oe66 (.text:ti_uia_runtime_LoggerStopMode_disable__E)
                  00810700    00000080                         : LoggerStopMode.oe66 (.text:ti_uia_runtime_LoggerStopMode_enable__E)
                  00810780    00000080                         : LoggerStopMode.oe66 (.text:ti_uia_runtime_LoggerStopMode_filterOutEvent__I)
                  00810800    00000080                         : LoggerStopMode.oe66 (.text:ti_uia_runtime_LoggerStopMode_reset__F)
                  00810880    00000080     rts6600_elf.lib : lowlev.obj (.text:unlink)
                  00810900    00000080     ti.targets.rts6000.ae66 : Core-label.oe66 (.text:xdc_runtime_Core_assignLabel__I)
                  00810980    00000080                             : Core-params.oe66 (.text:xdc_runtime_Core_assignParams__I)
                  00810a00    00000080                             : LoggerBuf.oe66 (.text:xdc_runtime_LoggerBuf_filterOutEvent__I)
                  00810a80    00000080     Sys_BIOs_config_pe66.oe66 (.text:xdc_runtime_SysMin_output__I)
                  00810b00    00000080     ti.targets.rts6000.ae66 : System.oe66 (.text:xdc_runtime_System_atexit__F)
                  00810b80    00000080                             : System.oe66 (.text:xdc_runtime_System_putchar__I)
                  00810c00    00000080                             : System.oe66 (.text:xdc_runtime_System_rtsExit__I)
                  00810c80    00000080                             : Text.oe66 (.text:xdc_runtime_Text_printVisFxn__I)
                  00810d00    00000060     rts6600_elf.lib : llshift.obj (.text:__c6xabi_llshru)
                  00810d60    00000060                     : imath64.obj (.text:_subcull)
                  00810dc0    00000060     sysbios.ae66 : BIOS.obj (.text:ti_sysbios_BIOS_rtsLock__I)
                  00810e20    00000060                  : BIOS.obj (.text:ti_sysbios_family_c62_TaskSupport_start__E)
                  00810e80    00000060                  : BIOS.obj (.text:ti_sysbios_gates_GateMutex_Instance_init__F)
                  00810ee0    00000060     Sys_BIOs_config_pe66.oe66 (.text:ti_sysbios_gates_GateMutex_Object__delete__S)
                  00810f40    00000060     sysbios.ae66 : BIOS.obj (.text:ti_sysbios_knl_Swi_Module_startup__F)
                  00810fa0    00000060                  : BIOS.obj (.text:ti_sysbios_knl_Task_enter__I)
                  00811000    00000060                  : BIOS.obj (.text:ti_sysbios_knl_Task_sleepTimeout__I)
                  00811060    00000060     ti.uia.runtime.ae66 : LogSync.oe66 (.text:ti_uia_runtime_LogSync_Module_startup__F)
                  008110c0    00000060                         : LoggerProbePoint.oe66 (.text:ti_uia_runtime_LoggerProbePoint_Instance_finalize__F)
                  00811120    00000060     Sys_BIOs_config_pe66.oe66 (.text:ti_uia_runtime_LoggerProbePoint_Object__delete__S)
                  00811180    00000060     ti.uia.runtime.ae66 : LoggerStopMode.oe66 (.text:ti_uia_runtime_LoggerStopMode_Instance_finalize__F)
                  008111e0    00000060     Sys_BIOs_config_pe66.oe66 (.text:ti_uia_runtime_LoggerStopMode_Object__delete__S)
                  00811240    00000060     rts6600_elf.lib : trgmsg.obj (.text:writemsg)
                  008112a0    00000060     Sys_BIOs_config_pe66.oe66 (.text:xdc_runtime_LoggerBuf_Object__delete__S)
                  00811300    00000060     ti.targets.rts6000.ae66 : Memory.oe66 (.text:xdc_runtime_Memory_calloc__F)
                  00811360    00000060                             : SysMin.oe66 (.text:xdc_runtime_SysMin_Module_startup__F)
                  008113c0    00000060                             : SysMin.oe66 (.text:xdc_runtime_SysMin_exit__F)
                  00811420    00000060                             : System.oe66 (.text:xdc_runtime_System_avprintf__F)
                  00811480    00000060                             : System.oe66 (.text:xdc_runtime_System_vprintf__F)
                  008114e0    00000060                             : Text.oe66 (.text:xdc_runtime_Text_cordText__F)
                  00811540    00000040     rts6600_elf.lib : args_main.obj (.text:_args_main)
                  00811580    00000040     sysbios.ae66 : c62_TaskSupport_asm.obj (.text:_ti_sysbios_family_c62_TaskSupport_buildTaskStack)
                  008115c0    00000040                  : c64p_Hwi_asm_switch.obj (.text:_ti_sysbios_family_xxx_Hwi_switchToIsrStack)
                  00811600    00000040     Sys_BIOs_config_pe66.oe66 (.text:free)
                  00811640    00000040     Sys_BIOs_config_pe66.oe66 (.text:ti_sysbios_BIOS_startFunc__I)
                  00811680    00000040     Sys_BIOs_config_pe66.oe66 (.text:ti_sysbios_family_c64p_Hwi_Module__startupDone__F)
                  008116c0    00000040     sysbios.ae66 : BIOS.obj (.text:ti_sysbios_family_c64p_Hwi_disableInterrupt__E)
                  00811700    00000040                  : BIOS.obj (.text:ti_sysbios_family_c64p_Hwi_enableInterrupt__E)
                  00811740    00000040     Sys_BIOs_config_pe66.oe66 (.text:ti_sysbios_gates_GateHwi_Handle__label__S)
                  00811780    00000040     Sys_BIOs_config_pe66.oe66 (.text:ti_sysbios_gates_GateHwi_Object__delete__S)
                  008117c0    00000040     Sys_BIOs_config_pe66.oe66 (.text:ti_sysbios_gates_GateMutex_Handle__label__S)
                  00811800    00000040     sysbios.ae66 : BIOS.obj (.text:ti_sysbios_gates_GateMutex_leave__E)
                  00811840    00000040     Sys_BIOs_config_pe66.oe66 (.text:ti_sysbios_hal_Timer_Module__startupDone__F)
                  00811880    00000040     Sys_BIOs_config_pe66.oe66 (.text:ti_sysbios_heaps_HeapMem_Handle__label__S)
                  008118c0    00000040     Sys_BIOs_config_pe66.oe66 (.text:ti_sysbios_heaps_HeapMem_Object__delete__S)
                  00811900    00000040     Sys_BIOs_config_pe66.oe66 (.text:ti_sysbios_heaps_HeapMem_Object__get__S)
                  00811940    00000040     Sys_BIOs_config_pe66.oe66 (.text:ti_sysbios_knl_Semaphore_Object__destruct__S)
                  00811980    00000040     Sys_BIOs_config_pe66.oe66 (.text:ti_sysbios_knl_Swi_Object__get__S)
                  008119c0    00000040     Sys_BIOs_config_pe66.oe66 (.text:ti_sysbios_knl_Task_Object__get__S)
                  00811a00    00000040     Sys_BIOs_config_pe66.oe66 (.text:ti_sysbios_timers_timer64_Timer_Module__startupDone__F)
                  00811a40    00000040     Sys_BIOs_config_pe66.oe66 (.text:ti_uia_family_c66_TimestampC66XGlobal_Module__startupDone__F)
                  00811a80    00000040     Sys_BIOs_config_pe66.oe66 (.text:ti_uia_runtime_LoggerProbePoint_Handle__label__S)
                  00811ac0    00000040     Sys_BIOs_config_pe66.oe66 (.text:ti_uia_runtime_LoggerProbePoint_Object__get__S)
                  00811b00    00000040     Sys_BIOs_config_pe66.oe66 (.text:ti_uia_runtime_LoggerStopMode_Handle__label__S)
                  00811b40    00000040     Sys_BIOs_config_pe66.oe66 (.text:ti_uia_runtime_LoggerStopMode_Object__get__S)
                  00811b80    00000040     ti.uia.runtime.ae66 : LoggerStopMode.oe66 (.text:ti_uia_runtime_LoggerStopMode_write0__E)
                  00811bc0    00000040                         : LoggerStopMode.oe66 (.text:ti_uia_runtime_LoggerStopMode_write1__E)
                  00811c00    00000040                         : LoggerStopMode.oe66 (.text:ti_uia_runtime_LoggerStopMode_write2__E)
                  00811c40    00000040                         : QueueDescriptor.oe66 (.text:ti_uia_runtime_QueueDescriptor_initHeader__E)
                  00811c80    00000040     ti.targets.rts6000.ae66 : Error.oe66 (.text:xdc_runtime_Error_check__F)
                  00811cc0    00000040                             : Error.oe66 (.text:xdc_runtime_Error_init__F)
                  00811d00    00000040                             : Gate.oe66 (.text:xdc_runtime_Gate_leaveSystem__F)
                  00811d40    00000040     Sys_BIOs_config_pe66.oe66 (.text:xdc_runtime_LoggerBuf_Handle__label__S)
                  00811d80    00000040     ti.targets.rts6000.ae66 : LoggerBuf.oe66 (.text:xdc_runtime_LoggerBuf_Instance_finalize__F)
                  00811dc0    00000040     Sys_BIOs_config_pe66.oe66 (.text:xdc_runtime_LoggerBuf_Object__get__S)
                  00811e00    00000040     ti.targets.rts6000.ae66 : LoggerBuf.oe66 (.text:xdc_runtime_LoggerBuf_write0__F)
                  00811e40    00000040                             : LoggerBuf.oe66 (.text:xdc_runtime_LoggerBuf_write1__F)
                  00811e80    00000040                             : LoggerBuf.oe66 (.text:xdc_runtime_LoggerBuf_write2__F)
                  00811ec0    00000040                             : Memory.oe66 (.text:xdc_runtime_Memory_free__F)
                  00811f00    00000040                             : Registry.oe66 (.text:xdc_runtime_Registry_findById__F)
                  00811f40    00000040                             : System.oe66 (.text:xdc_runtime_System_abort__F)
                  00811f80    00000040     Sys_BIOs_config_pe66.oe66 (.text:xdc_runtime_System_aprintf__E)
                  00811fc0    00000040     Sys_BIOs_config_pe66.oe66 (.text:xdc_runtime_System_printf__E)
                  00812000    00000040     ti.targets.rts6000.ae66 : Text.oe66 (.text:xdc_runtime_Text_ropeText__F)
                  00812040    00000020     rts6600_elf.lib : trunc.obj (.text:__c6xabi_trunc)
                  00812060    00000020                     : dtor_list.obj (.text:__cxa_atexit)
                  00812080    00000020                     : dtor_list.obj (.text:__cxa_ia64_exit)
                  008120a0    00000020     ti.targets.rts6000.ae66 : xdc_noinit.oe66 (.text:__xdc__init)
                  008120c0    00000020     rts6600_elf.lib : _lock.obj (.text:_nop)
                  008120e0    00000020                     : _lock.obj (.text:_register_lock)
                  00812100    00000020                     : _lock.obj (.text:_register_unlock)
                  00812120    00000020     sysbios.ae66 : c62_TaskSupport_asm.obj (.text:_ti_sysbios_family_c62_TaskSupport_glue)
                  00812140    00000020                  : c64p_Hwi_asm_switch.obj (.text:_ti_sysbios_family_xxx_Hwi_switchToTaskStack)
                  00812160    00000020     rts6600_elf.lib : exit.obj (.text:abort)
                  00812180    00000020                     : dtor_list.obj (.text:atexit)
                  008121a0    00000020                     : copy_decompress_none.obj (.text:decompress:none:__TI_decompress_none)
                  008121c0    00000020                     : copy_decompress_rle.obj (.text:decompress:rle24:__TI_decompress_rle24)
                  008121e0    00000020                     : fgetc.obj (.text:getc)
                  00812200    00000020                     : fgetc.obj (.text:getchar)
                  00812220    00000020     Sys_BIOs_config_pe66.oe66 (.text:ti_sysbios_BIOS_RtsGateProxy_enter__E)
                  00812240    00000020     Sys_BIOs_config_pe66.oe66 (.text:ti_sysbios_BIOS_RtsGateProxy_leave__E)
                  00812260    00000020     sysbios.ae66 : BIOS.obj (.text:ti_sysbios_BIOS_getCpuFreq__E)
                  00812280    00000020                  : BIOS.obj (.text:ti_sysbios_BIOS_nullFunc__I)
                  008122a0    00000020                  : BIOS.obj (.text:ti_sysbios_BIOS_setThreadType__E)
                  008122c0    00000020                  : BIOS.obj (.text:ti_sysbios_BIOS_start__E)
                  008122e0    00000020     Sys_BIOs_config_pe66.oe66 (.text:ti_sysbios_family_c62_TaskSupport_Module__startupDone__S)
                  00812300    00000020     sysbios.ae66 : BIOS.obj (.text:ti_sysbios_family_c62_TaskSupport_checkStack__E)
                  00812320    00000020                  : BIOS.obj (.text:ti_sysbios_family_c64p_Hwi_clearInterrupt__E)
                  00812340    00000020                  : BIOS.obj (.text:ti_sysbios_family_c64p_Hwi_startup__E)
                  00812360    00000020                  : BIOS.obj (.text:ti_sysbios_family_c64p_Hwi_switchFromBootStack__E)
                  00812380    00000020                  : BIOS.obj (.text:ti_sysbios_family_c64p_TimestampProvider_Module_startup__F)
                  008123a0    00000020                  : BIOS.obj (.text:ti_sysbios_family_c64p_TimestampProvider_get32__E)
                  008123c0    00000020                  : BIOS.obj (.text:ti_sysbios_family_c64p_TimestampProvider_get64__E)
                  008123e0    00000020                  : BIOS.obj (.text:ti_sysbios_family_c64p_tci6488_TimerSupport_enable__E)
                  00812400    00000020                  : BIOS.obj (.text:ti_sysbios_gates_GateHwi_Instance_init__F)
                  00812420    00000020                  : BIOS.obj (.text:ti_sysbios_gates_GateHwi_enter__E)
                  00812440    00000020                  : BIOS.obj (.text:ti_sysbios_gates_GateHwi_leave__E)
                  00812460    00000020                  : BIOS.obj (.text:ti_sysbios_gates_GateHwi_query__F)
                  00812480    00000020                  : BIOS.obj (.text:ti_sysbios_gates_GateMutex_Instance_finalize__F)
                  008124a0    00000020                  : BIOS.obj (.text:ti_sysbios_gates_GateMutex_query__F)
                  008124c0    00000020     Sys_BIOs_config_pe66.oe66 (.text:ti_sysbios_hal_Hwi_HwiProxy_Module__startupDone__S)
                  008124e0    00000020     sysbios.ae66 : BIOS.obj (.text:ti_sysbios_hal_Hwi_Module_startup__F)
                  00812500    00000020                  : BIOS.obj (.text:ti_sysbios_hal_Timer_Module_startup__F)
                  00812520    00000020     Sys_BIOs_config_pe66.oe66 (.text:ti_sysbios_hal_Timer_TimerProxy_Module__startupDone__S)
                  00812540    00000020     Sys_BIOs_config_pe66.oe66 (.text:ti_sysbios_hal_Timer_TimerProxy_getExpiredCounts__E)
                  00812560    00000020     Sys_BIOs_config_pe66.oe66 (.text:ti_sysbios_hal_Timer_TimerProxy_getPeriod__E)
                  00812580    00000020     Sys_BIOs_config_pe66.oe66 (.text:ti_sysbios_hal_Timer_TimerProxy_setNextTick__E)
                  008125a0    00000020     Sys_BIOs_config_pe66.oe66 (.text:ti_sysbios_heaps_HeapMem_Module_GateProxy_enter__E)
                  008125c0    00000020     Sys_BIOs_config_pe66.oe66 (.text:ti_sysbios_heaps_HeapMem_Module_GateProxy_leave__E)
                  008125e0    00000020     sysbios.ae66 : BIOS.obj (.text:ti_sysbios_heaps_HeapMem_isBlocking__E)
                  00812600    00000020     Sys_BIOs_config_pe66.oe66 (.text:ti_sysbios_knl_Clock_Params__init__S)
                  00812620    00000020     sysbios.ae66 : BIOS.obj (.text:ti_sysbios_knl_Idle_loop__E)
                  00812640    00000020                  : BIOS.obj (.text:ti_sysbios_knl_Queue_Instance_init__F)
                  00812660    00000020     Sys_BIOs_config_pe66.oe66 (.text:ti_sysbios_knl_Queue_Object__destruct__S)
                  00812680    00000020     Sys_BIOs_config_pe66.oe66 (.text:ti_sysbios_knl_Queue_Object__get__S)
                  008126a0    00000020     sysbios.ae66 : BIOS.obj (.text:ti_sysbios_knl_Queue_empty__E)
                  008126c0    00000020                  : BIOS.obj (.text:ti_sysbios_knl_Semaphore_Instance_finalize__F)
                  008126e0    00000020                  : BIOS.obj (.text:ti_sysbios_knl_Swi_disable__E)
                  00812700    00000020     Sys_BIOs_config_pe66.oe66 (.text:ti_sysbios_knl_Task_Object__first__S)
                  00812720    00000020     Sys_BIOs_config_pe66.oe66 (.text:ti_sysbios_knl_Task_Object__next__S)
                  00812740    00000020     Sys_BIOs_config_pe66.oe66 (.text:ti_sysbios_knl_Task_SupportProxy_Module__startupDone__S)
                  00812760    00000020     sysbios.ae66 : BIOS.obj (.text:ti_sysbios_knl_Task_disable__E)
                  00812780    00000020                  : BIOS.obj (.text:ti_sysbios_knl_Task_startup__E)
                  008127a0    00000020                  : BIOS.obj (.text:ti_sysbios_timers_timer64_Timer_setNextTick__E)
                  008127c0    00000020                  : BIOS.obj (.text:ti_sysbios_utils_Load_taskRegHook__E)
                  008127e0    00000020     ti.uia.family.c66.ae66 : TimestampC66XGlobal.oe66 (.text:ti_uia_family_c66_TimestampC66XGlobal_Module_startup__F)
                  00812800    00000020     Sys_BIOs_config_pe66.oe66 (.text:ti_uia_runtime_LogSync_CpuTimestampProxy_Module__startupDone__S)
                  00812820    00000020     Sys_BIOs_config_pe66.oe66 (.text:ti_uia_runtime_LogSync_GlobalTimestampProxy_Module__startupDone__S)
                  00812840    00000020     ti.uia.runtime.ae66 : LoggerProbePoint.oe66 (.text:ti_uia_runtime_LoggerProbePoint_getFreeSize__E)
                  00812860    00000020                         : LoggerProbePoint.oe66 (.text:ti_uia_runtime_LoggerProbePoint_getInstanceId__E)
                  00812880    00000020                         : LoggerProbePoint.oe66 (.text:ti_uia_runtime_LoggerProbePoint_getMaxLength__E)
                  008128a0    00000020                         : LoggerProbePoint.oe66 (.text:ti_uia_runtime_LoggerProbePoint_getPriority__E)
                  008128c0    00000020                         : LoggerProbePoint.oe66 (.text:ti_uia_runtime_LoggerProbePoint_getTransferType__F)
                  008128e0    00000020                         : LoggerProbePoint.oe66 (.text:ti_uia_runtime_LoggerProbePoint_getUnreadSize__E)
                  00812900    00000020                         : LoggerProbePoint.oe66 (.text:ti_uia_runtime_LoggerProbePoint_isEmpty__E)
                  00812920    00000020                         : LoggerProbePoint.oe66 (.text:ti_uia_runtime_LoggerProbePoint_setPriority__E)
                  00812940    00000020                         : LoggerStopMode.oe66 (.text:ti_uia_runtime_LoggerStopMode_getFreeSize__E)
                  00812960    00000020                         : LoggerStopMode.oe66 (.text:ti_uia_runtime_LoggerStopMode_getInstanceId__E)
                  00812980    00000020                         : LoggerStopMode.oe66 (.text:ti_uia_runtime_LoggerStopMode_getMaxLength__E)
                  008129a0    00000020                         : LoggerStopMode.oe66 (.text:ti_uia_runtime_LoggerStopMode_getPriority__E)
                  008129c0    00000020                         : LoggerStopMode.oe66 (.text:ti_uia_runtime_LoggerStopMode_getTransferType__F)
                  008129e0    00000020                         : LoggerStopMode.oe66 (.text:ti_uia_runtime_LoggerStopMode_getUnreadSize__E)
                  00812a00    00000020                         : LoggerStopMode.oe66 (.text:ti_uia_runtime_LoggerStopMode_isEmpty__E)
                  00812a20    00000020                         : LoggerStopMode.oe66 (.text:ti_uia_runtime_LoggerStopMode_setPriority__E)
                  00812a40    00000020     ti.targets.rts6000.ae66 : Gate.oe66 (.text:xdc_runtime_Gate_enterSystem__F)
                  00812a60    00000020     Sys_BIOs_config_pe66.oe66 (.text:xdc_runtime_IHeap_alloc)
                  00812a80    00000020     Sys_BIOs_config_pe66.oe66 (.text:xdc_runtime_IHeap_free)
                  00812aa0    00000020     Sys_BIOs_config_pe66.oe66 (.text:xdc_runtime_LoggerBuf_Module_GateProxy_enter__E)
                  00812ac0    00000020     Sys_BIOs_config_pe66.oe66 (.text:xdc_runtime_LoggerBuf_Module_GateProxy_leave__E)
                  00812ae0    00000020     ti.targets.rts6000.ae66 : LoggerBuf.oe66 (.text:xdc_runtime_LoggerBuf_disable__F)
                  00812b00    00000020                             : LoggerBuf.oe66 (.text:xdc_runtime_LoggerBuf_enable__F)
                  00812b20    00000020     Sys_BIOs_config_pe66.oe66 (.text:xdc_runtime_Memory_HeapProxy_alloc__E)
                  00812b40    00000020     Sys_BIOs_config_pe66.oe66 (.text:xdc_runtime_Memory_HeapProxy_free__E)
                  00812b60    00000020     Sys_BIOs_config_pe66.oe66 (.text:xdc_runtime_Startup_exec__I)
                  00812b80    00000020     Sys_BIOs_config_pe66.oe66 (.text:xdc_runtime_Startup_reset__I)
                  00812ba0    00000020     ti.targets.rts6000.ae66 : SysMin.oe66 (.text:xdc_runtime_SysMin_ready__F)
                  00812bc0    00000020     Sys_BIOs_config_pe66.oe66 (.text:xdc_runtime_System_Module_GateProxy_enter__E)
                  00812be0    00000020     Sys_BIOs_config_pe66.oe66 (.text:xdc_runtime_System_Module_GateProxy_leave__E)
                  00812c00    00000020     ti.targets.rts6000.ae66 : System.oe66 (.text:xdc_runtime_System_Module_startup__F)
                  00812c20    00000020                             : System.oe66 (.text:xdc_runtime_System_exit__F)
                  00812c40    00000020                             : System.oe66 (.text:xdc_runtime_System_lastFxn__I)
                  00812c60    00000020                             : System.oe66 (.text:xdc_runtime_System_vsnprintf__F)
                  00812c80    00000020     Sys_BIOs_config_pe66.oe66 (.text:xdc_runtime_Text_visitRope__I)
                  00812ca0    00000020     Sys_BIOs_config_pe66.oe66 (.text:xdc_runtime_Timestamp_Module__startupDone__S)

.const     0    00812cc0    00003722     
                  00812cc0    000021ab     Sys_BIOs_config_pe66.oe66 (.const:xdc_runtime_Text_charTab__A)
                  00814e6b    00000683     sysbios.ae66 : BIOS.obj (.const:.string)
                  008154ee    00000002     Sys_BIOs_config_pe66.oe66 (.const:ti_sysbios_BIOS_Module__id__C)
                  008154f0    00000400     Sys_BIOs_config_pe66.oe66 (.const:ti_sysbios_family_c66_Cache_marvalues__C)
                  008158f0    00000128     Sys_BIOs_config_pe66.oe66 (.const:xdc_runtime_Text_nodeTab__A)
                  00815a18    000000e8     util.obj (.const:.string)
                  00815b00    00000060     Sys_BIOs_config_pe66.oe66 (.const:ti_uia_runtime_LoggerProbePoint_Module__FXNS__C)
                  00815b60    00000060     Sys_BIOs_config_pe66.oe66 (.const:ti_uia_runtime_LoggerStopMode_Module__FXNS__C)
                  00815bc0    00000058     ti.targets.rts6000.ae66 : Error.oe66 (.const:.string)
                  00815c18    00000047     Sys_BIOs_config_pe66.oe66 (.const:.string)
                  00815c5f    00000001     --HOLE-- [fill = 0]
                  00815c60    00000044     Sys_BIOs_config_pe66.oe66 (.const:xdc_runtime_Startup_sfxnTab__A)
                  00815ca4    00000040     ti.targets.rts6000.ae66 : Text.oe66 (.const:.string)
                  00815ce4    0000003c     Sys_BIOs_config_pe66.oe66 (.const:xdc_runtime_LoggerBuf_Module__FXNS__C)
                  00815d20    00000034     Sys_BIOs_config_pe66.oe66 (.const:ti_uia_runtime_LoggerProbePoint_Object__PARAMS__C)
                  00815d54    00000034     Sys_BIOs_config_pe66.oe66 (.const:ti_uia_runtime_LoggerStopMode_Object__PARAMS__C)
                  00815d88    00000030     Sys_BIOs_config_pe66.oe66 (.const:ti_sysbios_knl_Task_hooks__A)
                  00815db8    0000002c     ti.targets.rts6000.ae66 : Startup.oe66 (.const:.string)
                  00815de4    00000028     Sys_BIOs_config_pe66.oe66 (.const:ti_sysbios_heaps_HeapMem_Module__FXNS__C)
                  00815e0c    00000028     Sys_BIOs_config_pe66.oe66 (.const:xdc_runtime_LoggerBuf_Object__PARAMS__C)
                  00815e34    00000024     Sys_BIOs_config_pe66.oe66 (.const:ti_sysbios_gates_GateHwi_Module__FXNS__C)
                  00815e58    00000024     Sys_BIOs_config_pe66.oe66 (.const:ti_sysbios_gates_GateMutex_Module__FXNS__C)
                  00815e7c    00000024     Sys_BIOs_config_pe66.oe66 (.const:ti_sysbios_heaps_HeapMem_Object__PARAMS__C)
                  00815ea0    00000024     Sys_BIOs_config_pe66.oe66 (.const:ti_sysbios_knl_Clock_Object__PARAMS__C)
                  00815ec4    00000024     Sys_BIOs_config_pe66.oe66 (.const:ti_sysbios_knl_Semaphore_Object__PARAMS__C)
                  00815ee8    00000022     Sys_BIOs_config_pe66.oe66 (.const:xdc_runtime_Startup_sfxnRts__A)
                  00815f0a    00000002     Sys_BIOs_config_pe66.oe66 (.const:ti_sysbios_family_c64p_Exception_Module__id__C)
                  00815f0c    00000020     Sys_BIOs_config_pe66.oe66 (.const:ti_sysbios_gates_GateHwi_Object__DESC__C)
                  00815f2c    00000020     Sys_BIOs_config_pe66.oe66 (.const:ti_sysbios_gates_GateMutex_Object__DESC__C)
                  00815f4c    00000020     Sys_BIOs_config_pe66.oe66 (.const:ti_sysbios_heaps_HeapMem_Object__DESC__C)
                  00815f6c    00000020     Sys_BIOs_config_pe66.oe66 (.const:ti_sysbios_knl_Clock_Object__DESC__C)
                  00815f8c    00000020     Sys_BIOs_config_pe66.oe66 (.const:ti_sysbios_knl_Queue_Object__DESC__C)
                  00815fac    00000020     Sys_BIOs_config_pe66.oe66 (.const:ti_sysbios_knl_Semaphore_Object__DESC__C)
                  00815fcc    00000020     Sys_BIOs_config_pe66.oe66 (.const:ti_uia_runtime_LoggerProbePoint_Object__DESC__C)
                  00815fec    00000020     Sys_BIOs_config_pe66.oe66 (.const:ti_uia_runtime_LoggerStopMode_Object__DESC__C)
                  0081600c    00000020     Sys_BIOs_config_pe66.oe66 (.const:xdc_runtime_LoggerBuf_Object__DESC__C)
                  0081602c    00000018     Sys_BIOs_config_pe66.oe66 (.const:ti_sysbios_gates_GateHwi_Object__PARAMS__C)
                  00816044    00000018     Sys_BIOs_config_pe66.oe66 (.const:ti_sysbios_gates_GateMutex_Object__PARAMS__C)
                  0081605c    00000018     Sys_BIOs_config_pe66.oe66 (.const:ti_sysbios_knl_Queue_Object__PARAMS__C)
                  00816074    00000014     main_gtz.obj (.const:.string)
                  00816088    00000008     ti.targets.rts6000.ae66 : System.oe66 (.const:.string)
                  00816090    00000011                             : System.oe66 (.const:digtohex)
                  008160a1    00000001     --HOLE-- [fill = 0]
                  008160a2    00000002     Sys_BIOs_config_pe66.oe66 (.const:ti_sysbios_family_c64p_Exception_enableExternalMPC__C)
                  008160a4    0000000c     Sys_BIOs_config_pe66.oe66 (.const:ti_sysbios_family_c66_Cache_initSize__C)
                  008160b0    00000008     Sys_BIOs_config_pe66.oe66 (.const:ti_sysbios_knl_Idle_coreList__A)
                  008160b8    00000008     Sys_BIOs_config_pe66.oe66 (.const:ti_sysbios_knl_Idle_coreList__C)
                  008160c0    00000008     Sys_BIOs_config_pe66.oe66 (.const:ti_sysbios_knl_Idle_funcList__A)
                  008160c8    00000008     Sys_BIOs_config_pe66.oe66 (.const:ti_sysbios_knl_Idle_funcList__C)
                  008160d0    00000008     Sys_BIOs_config_pe66.oe66 (.const:ti_sysbios_knl_Task_hooks__C)
                  008160d8    00000008     Sys_BIOs_config_pe66.oe66 (.const:xdc_runtime_Startup_firstFxns__A)
                  008160e0    00000008     Sys_BIOs_config_pe66.oe66 (.const:xdc_runtime_Startup_firstFxns__C)
                  008160e8    00000008     Sys_BIOs_config_pe66.oe66 (.const:xdc_runtime_Startup_lastFxns__C)
                  008160f0    00000004     ti.targets.rts6000.ae66 : Assert.oe66 (.const:.string)
                  008160f4    00000004     Sys_BIOs_config_pe66.oe66 (.const:ti_sysbios_BIOS_Module__diagsEnabled__C)
                  008160f8    00000004     Sys_BIOs_config_pe66.oe66 (.const:ti_sysbios_BIOS_Module__diagsIncluded__C)
                  008160fc    00000004     Sys_BIOs_config_pe66.oe66 (.const:ti_sysbios_BIOS_Module__diagsMask__C)
                  00816100    00000004     Sys_BIOs_config_pe66.oe66 (.const:ti_sysbios_BIOS_installedErrorHook__C)
                  00816104    00000004     Sys_BIOs_config_pe66.oe66 (.const:ti_sysbios_family_c64p_Exception_E_exceptionMax__C)
                  00816108    00000004     Sys_BIOs_config_pe66.oe66 (.const:ti_sysbios_family_c64p_Exception_E_exceptionMin__C)
                  0081610c    00000004     Sys_BIOs_config_pe66.oe66 (.const:ti_sysbios_family_c64p_Exception_exceptionHook__C)
                  00816110    00000004     Sys_BIOs_config_pe66.oe66 (.const:ti_sysbios_family_c64p_Exception_externalHook__C)
                  00816114    00000004     Sys_BIOs_config_pe66.oe66 (.const:ti_sysbios_family_c64p_Exception_internalHook__C)
                  00816118    00000004     Sys_BIOs_config_pe66.oe66 (.const:ti_sysbios_family_c64p_Exception_nmiHook__C)
                  0081611c    00000004     Sys_BIOs_config_pe66.oe66 (.const:ti_sysbios_family_c64p_Hwi_LD_end__C)
                  00816120    00000004     Sys_BIOs_config_pe66.oe66 (.const:ti_sysbios_family_c64p_Hwi_LM_begin__C)
                  00816124    00000004     Sys_BIOs_config_pe66.oe66 (.const:ti_sysbios_family_c64p_Hwi_Module__diagsEnabled__C)
                  00816128    00000004     Sys_BIOs_config_pe66.oe66 (.const:ti_sysbios_family_c64p_Hwi_Module__diagsIncluded__C)
                  0081612c    00000004     Sys_BIOs_config_pe66.oe66 (.const:ti_sysbios_family_c64p_Hwi_Module__diagsMask__C)
                  00816130    00000004     Sys_BIOs_config_pe66.oe66 (.const:ti_sysbios_family_c64p_Hwi_Module__loggerFxn1__C)
                  00816134    00000004     Sys_BIOs_config_pe66.oe66 (.const:ti_sysbios_family_c64p_Hwi_Module__loggerFxn8__C)
                  00816138    00000004     Sys_BIOs_config_pe66.oe66 (.const:ti_sysbios_family_c64p_Hwi_Module__loggerObj__C)
                  0081613c    00000004     Sys_BIOs_config_pe66.oe66 (.const:ti_sysbios_gates_GateMutex_A_badContext__C)
                  00816140    00000004     Sys_BIOs_config_pe66.oe66 (.const:ti_sysbios_gates_GateMutex_Instance_State_sem__O)
                  00816144    00000004     Sys_BIOs_config_pe66.oe66 (.const:ti_sysbios_gates_GateMutex_Module__diagsEnabled__C)
                  00816148    00000004     Sys_BIOs_config_pe66.oe66 (.const:ti_sysbios_gates_GateMutex_Module__diagsIncluded__C)
                  0081614c    00000004     Sys_BIOs_config_pe66.oe66 (.const:ti_sysbios_gates_GateMutex_Module__diagsMask__C)
                  00816150    00000004     Sys_BIOs_config_pe66.oe66 (.const:ti_sysbios_hal_Hwi_E_stackOverflow__C)
                  00816154    00000004     Sys_BIOs_config_pe66.oe66 (.const:ti_sysbios_heaps_HeapMem_A_align__C)
                  00816158    00000004     Sys_BIOs_config_pe66.oe66 (.const:ti_sysbios_heaps_HeapMem_A_heapSize__C)
                  0081615c    00000004     Sys_BIOs_config_pe66.oe66 (.const:ti_sysbios_heaps_HeapMem_A_invalidFree__C)
                  00816160    00000004     Sys_BIOs_config_pe66.oe66 (.const:ti_sysbios_heaps_HeapMem_A_zeroBlock__C)
                  00816164    00000004     Sys_BIOs_config_pe66.oe66 (.const:ti_sysbios_heaps_HeapMem_E_memory__C)
                  00816168    00000004     Sys_BIOs_config_pe66.oe66 (.const:ti_sysbios_heaps_HeapMem_Module__diagsEnabled__C)
                  0081616c    00000004     Sys_BIOs_config_pe66.oe66 (.const:ti_sysbios_heaps_HeapMem_Module__diagsIncluded__C)
                  00816170    00000004     Sys_BIOs_config_pe66.oe66 (.const:ti_sysbios_heaps_HeapMem_Module__diagsMask__C)
                  00816174    00000004     Sys_BIOs_config_pe66.oe66 (.const:ti_sysbios_heaps_HeapMem_Module__gateObj__C)
                  00816178    00000004     Sys_BIOs_config_pe66.oe66 (.const:ti_sysbios_heaps_HeapMem_Object__count__C)
                  0081617c    00000004     Sys_BIOs_config_pe66.oe66 (.const:ti_sysbios_heaps_HeapMem_reqAlign__C)
                  00816180    00000004     Sys_BIOs_config_pe66.oe66 (.const:ti_sysbios_knl_Clock_A_badThreadType__C)
                  00816184    00000004     Sys_BIOs_config_pe66.oe66 (.const:ti_sysbios_knl_Clock_LM_begin__C)
                  00816188    00000004     Sys_BIOs_config_pe66.oe66 (.const:ti_sysbios_knl_Clock_LM_tick__C)
                  0081618c    00000004     Sys_BIOs_config_pe66.oe66 (.const:ti_sysbios_knl_Clock_LW_delayed__C)
                  00816190    00000004     Sys_BIOs_config_pe66.oe66 (.const:ti_sysbios_knl_Clock_Module_State_clockQ__O)
                  00816194    00000004     Sys_BIOs_config_pe66.oe66 (.const:ti_sysbios_knl_Clock_Module__diagsEnabled__C)
                  00816198    00000004     Sys_BIOs_config_pe66.oe66 (.const:ti_sysbios_knl_Clock_Module__diagsIncluded__C)
                  0081619c    00000004     Sys_BIOs_config_pe66.oe66 (.const:ti_sysbios_knl_Clock_Module__diagsMask__C)
                  008161a0    00000004     Sys_BIOs_config_pe66.oe66 (.const:ti_sysbios_knl_Clock_Module__loggerFxn1__C)
                  008161a4    00000004     Sys_BIOs_config_pe66.oe66 (.const:ti_sysbios_knl_Clock_Module__loggerFxn2__C)
                  008161a8    00000004     Sys_BIOs_config_pe66.oe66 (.const:ti_sysbios_knl_Clock_Module__loggerObj__C)
                  008161ac    00000004     Sys_BIOs_config_pe66.oe66 (.const:ti_sysbios_knl_Clock_tickMode__C)
                  008161b0    00000004     Sys_BIOs_config_pe66.oe66 (.const:ti_sysbios_knl_Clock_tickSource__C)
                  008161b4    00000004     Sys_BIOs_config_pe66.oe66 (.const:ti_sysbios_knl_Semaphore_A_badContext__C)
                  008161b8    00000004     Sys_BIOs_config_pe66.oe66 (.const:ti_sysbios_knl_Semaphore_A_noEvents__C)
                  008161bc    00000004     Sys_BIOs_config_pe66.oe66 (.const:ti_sysbios_knl_Semaphore_A_overflow__C)
                  008161c0    00000004     Sys_BIOs_config_pe66.oe66 (.const:ti_sysbios_knl_Semaphore_A_pendTaskDisabled__C)
                  008161c4    00000004     Sys_BIOs_config_pe66.oe66 (.const:ti_sysbios_knl_Semaphore_Instance_State_pendQ__O)
                  008161c8    00000004     Sys_BIOs_config_pe66.oe66 (.const:ti_sysbios_knl_Semaphore_LM_pend__C)
                  008161cc    00000004     Sys_BIOs_config_pe66.oe66 (.const:ti_sysbios_knl_Semaphore_LM_post__C)
                  008161d0    00000004     Sys_BIOs_config_pe66.oe66 (.const:ti_sysbios_knl_Semaphore_Module__diagsEnabled__C)
                  008161d4    00000004     Sys_BIOs_config_pe66.oe66 (.const:ti_sysbios_knl_Semaphore_Module__diagsIncluded__C)
                  008161d8    00000004     Sys_BIOs_config_pe66.oe66 (.const:ti_sysbios_knl_Semaphore_Module__diagsMask__C)
                  008161dc    00000004     Sys_BIOs_config_pe66.oe66 (.const:ti_sysbios_knl_Semaphore_Module__loggerFxn2__C)
                  008161e0    00000004     Sys_BIOs_config_pe66.oe66 (.const:ti_sysbios_knl_Semaphore_Module__loggerFxn4__C)
                  008161e4    00000004     Sys_BIOs_config_pe66.oe66 (.const:ti_sysbios_knl_Semaphore_Module__loggerObj__C)
                  008161e8    00000004     Sys_BIOs_config_pe66.oe66 (.const:ti_sysbios_knl_Swi_LD_end__C)
                  008161ec    00000004     Sys_BIOs_config_pe66.oe66 (.const:ti_sysbios_knl_Swi_LM_begin__C)
                  008161f0    00000004     Sys_BIOs_config_pe66.oe66 (.const:ti_sysbios_knl_Swi_LM_post__C)
                  008161f4    00000004     Sys_BIOs_config_pe66.oe66 (.const:ti_sysbios_knl_Swi_Module__diagsEnabled__C)
                  008161f8    00000004     Sys_BIOs_config_pe66.oe66 (.const:ti_sysbios_knl_Swi_Module__diagsIncluded__C)
                  008161fc    00000004     Sys_BIOs_config_pe66.oe66 (.const:ti_sysbios_knl_Swi_Module__diagsMask__C)
                  00816200    00000004     Sys_BIOs_config_pe66.oe66 (.const:ti_sysbios_knl_Swi_Module__loggerFxn1__C)
                  00816204    00000004     Sys_BIOs_config_pe66.oe66 (.const:ti_sysbios_knl_Swi_Module__loggerFxn4__C)
                  00816208    00000004     Sys_BIOs_config_pe66.oe66 (.const:ti_sysbios_knl_Swi_Module__loggerObj__C)
                  0081620c    00000004     Sys_BIOs_config_pe66.oe66 (.const:ti_sysbios_knl_Swi_Object__count__C)
                  00816210    00000004     Sys_BIOs_config_pe66.oe66 (.const:ti_sysbios_knl_Task_A_badTimeout__C)
                  00816214    00000004     Sys_BIOs_config_pe66.oe66 (.const:ti_sysbios_knl_Task_A_sleepTaskDisabled__C)
                  00816218    00000004     Sys_BIOs_config_pe66.oe66 (.const:ti_sysbios_knl_Task_E_spOutOfBounds__C)
                  0081621c    00000004     Sys_BIOs_config_pe66.oe66 (.const:ti_sysbios_knl_Task_E_stackOverflow__C)
                  00816220    00000004     Sys_BIOs_config_pe66.oe66 (.const:ti_sysbios_knl_Task_LD_block__C)
                  00816224    00000004     Sys_BIOs_config_pe66.oe66 (.const:ti_sysbios_knl_Task_LD_exit__C)
                  00816228    00000004     Sys_BIOs_config_pe66.oe66 (.const:ti_sysbios_knl_Task_LD_ready__C)
                  0081622c    00000004     Sys_BIOs_config_pe66.oe66 (.const:ti_sysbios_knl_Task_LM_sleep__C)
                  00816230    00000004     Sys_BIOs_config_pe66.oe66 (.const:ti_sysbios_knl_Task_LM_switch__C)
                  00816234    00000004     Sys_BIOs_config_pe66.oe66 (.const:ti_sysbios_knl_Task_Module_State_inactiveQ__O)
                  00816238    00000004     Sys_BIOs_config_pe66.oe66 (.const:ti_sysbios_knl_Task_Module_State_terminatedQ__O)
                  0081623c    00000004     Sys_BIOs_config_pe66.oe66 (.const:ti_sysbios_knl_Task_Module__diagsEnabled__C)
                  00816240    00000004     Sys_BIOs_config_pe66.oe66 (.const:ti_sysbios_knl_Task_Module__diagsIncluded__C)
                  00816244    00000004     Sys_BIOs_config_pe66.oe66 (.const:ti_sysbios_knl_Task_Module__diagsMask__C)
                  00816248    00000004     Sys_BIOs_config_pe66.oe66 (.const:ti_sysbios_knl_Task_Module__loggerFxn2__C)
                  0081624c    00000004     Sys_BIOs_config_pe66.oe66 (.const:ti_sysbios_knl_Task_Module__loggerFxn4__C)
                  00816250    00000004     Sys_BIOs_config_pe66.oe66 (.const:ti_sysbios_knl_Task_Module__loggerObj__C)
                  00816254    00000004     Sys_BIOs_config_pe66.oe66 (.const:ti_sysbios_knl_Task_Object__count__C)
                  00816258    00000004     Sys_BIOs_config_pe66.oe66 (.const:ti_sysbios_knl_Task_Object__heap__C)
                  0081625c    00000004     Sys_BIOs_config_pe66.oe66 (.const:ti_sysbios_knl_Task_allBlockedFunc__C)
                  00816260    00000004     Sys_BIOs_config_pe66.oe66 (.const:ti_sysbios_knl_Task_numConstructedTasks__C)
                  00816264    00000004     Sys_BIOs_config_pe66.oe66 (.const:ti_sysbios_timers_timer64_Timer_A_notAvailable__C)
                  00816268    00000004     Sys_BIOs_config_pe66.oe66 (.const:ti_sysbios_timers_timer64_Timer_E_cannotSupport__C)
                  0081626c    00000004     Sys_BIOs_config_pe66.oe66 (.const:ti_sysbios_timers_timer64_Timer_Module__diagsEnabled__C)
                  00816270    00000004     Sys_BIOs_config_pe66.oe66 (.const:ti_sysbios_timers_timer64_Timer_Module__diagsIncluded__C)
                  00816274    00000004     Sys_BIOs_config_pe66.oe66 (.const:ti_sysbios_timers_timer64_Timer_Module__diagsMask__C)
                  00816278    00000004     Sys_BIOs_config_pe66.oe66 (.const:ti_sysbios_timers_timer64_Timer_anyMask__C)
                  0081627c    00000004     Sys_BIOs_config_pe66.oe66 (.const:ti_sysbios_timers_timer64_Timer_freqDivisor__C)
                  00816280    00000004     Sys_BIOs_config_pe66.oe66 (.const:ti_sysbios_timers_timer64_Timer_numLocalTimers__C)
                  00816284    00000004     Sys_BIOs_config_pe66.oe66 (.const:ti_sysbios_timers_timer64_Timer_numTimerDevices__C)
                  00816288    00000004     Sys_BIOs_config_pe66.oe66 (.const:ti_sysbios_utils_Load_LS_cpuLoad__C)
                  0081628c    00000004     Sys_BIOs_config_pe66.oe66 (.const:ti_sysbios_utils_Load_LS_hwiLoad__C)
                  00816290    00000004     Sys_BIOs_config_pe66.oe66 (.const:ti_sysbios_utils_Load_LS_swiLoad__C)
                  00816294    00000004     Sys_BIOs_config_pe66.oe66 (.const:ti_sysbios_utils_Load_LS_taskLoad__C)
                  00816298    00000004     Sys_BIOs_config_pe66.oe66 (.const:ti_sysbios_utils_Load_Module_State_taskList__O)
                  0081629c    00000004     Sys_BIOs_config_pe66.oe66 (.const:ti_sysbios_utils_Load_Module__diagsEnabled__C)
                  008162a0    00000004     Sys_BIOs_config_pe66.oe66 (.const:ti_sysbios_utils_Load_Module__diagsIncluded__C)
                  008162a4    00000004     Sys_BIOs_config_pe66.oe66 (.const:ti_sysbios_utils_Load_Module__diagsMask__C)
                  008162a8    00000004     Sys_BIOs_config_pe66.oe66 (.const:ti_sysbios_utils_Load_Module__loggerFxn1__C)
                  008162ac    00000004     Sys_BIOs_config_pe66.oe66 (.const:ti_sysbios_utils_Load_Module__loggerFxn2__C)
                  008162b0    00000004     Sys_BIOs_config_pe66.oe66 (.const:ti_sysbios_utils_Load_Module__loggerFxn4__C)
                  008162b4    00000004     Sys_BIOs_config_pe66.oe66 (.const:ti_sysbios_utils_Load_Module__loggerObj__C)
                  008162b8    00000004     Sys_BIOs_config_pe66.oe66 (.const:ti_sysbios_utils_Load_postUpdate__C)
                  008162bc    00000004     Sys_BIOs_config_pe66.oe66 (.const:ti_sysbios_utils_Load_windowInMs__C)
                  008162c0    00000004     Sys_BIOs_config_pe66.oe66 (.const:ti_uia_family_c66_TimestampC66XGlobal_timerBaseAdrs__C)
                  008162c4    00000004     Sys_BIOs_config_pe66.oe66 (.const:ti_uia_runtime_ILoggerSnapshot_Interface__BASE__C)
                  008162c8    00000004     Sys_BIOs_config_pe66.oe66 (.const:ti_uia_runtime_IUIATransfer_Interface__BASE__C)
                  008162cc    00000004     Sys_BIOs_config_pe66.oe66 (.const:ti_uia_runtime_LoggerProbePoint_E_badLevel__C)
                  008162d0    00000004     Sys_BIOs_config_pe66.oe66 (.const:ti_uia_runtime_LoggerProbePoint_Object__count__C)
                  008162d4    00000004     Sys_BIOs_config_pe66.oe66 (.const:ti_uia_runtime_LoggerProbePoint_overflowLogger__C)
                  008162d8    00000004     Sys_BIOs_config_pe66.oe66 (.const:ti_uia_runtime_LoggerProbePoint_statusLogger__C)
                  008162dc    00000004     Sys_BIOs_config_pe66.oe66 (.const:ti_uia_runtime_LoggerStopMode_E_badLevel__C)
                  008162e0    00000004     Sys_BIOs_config_pe66.oe66 (.const:ti_uia_runtime_LoggerStopMode_Object__count__C)
                  008162e4    00000004     Sys_BIOs_config_pe66.oe66 (.const:ti_uia_runtime_LoggerStopMode_overflowLogger__C)
                  008162e8    00000004     Sys_BIOs_config_pe66.oe66 (.const:ti_uia_runtime_LoggerStopMode_statusLogger__C)
                  008162ec    00000004     Sys_BIOs_config_pe66.oe66 (.const:xdc_runtime_Assert_E_assertFailed__C)
                  008162f0    00000004     Sys_BIOs_config_pe66.oe66 (.const:xdc_runtime_Core_A_initializedParams__C)
                  008162f4    00000004     Sys_BIOs_config_pe66.oe66 (.const:xdc_runtime_Core_Module__diagsEnabled__C)
                  008162f8    00000004     Sys_BIOs_config_pe66.oe66 (.const:xdc_runtime_Core_Module__diagsIncluded__C)
                  008162fc    00000004     Sys_BIOs_config_pe66.oe66 (.const:xdc_runtime_Core_Module__diagsMask__C)
                  00816300    00000004     Sys_BIOs_config_pe66.oe66 (.const:xdc_runtime_Error_E_memory__C)
                  00816304    00000004     Sys_BIOs_config_pe66.oe66 (.const:xdc_runtime_Error_Module__diagsEnabled__C)
                  00816308    00000004     Sys_BIOs_config_pe66.oe66 (.const:xdc_runtime_Error_Module__diagsIncluded__C)
                  0081630c    00000004     Sys_BIOs_config_pe66.oe66 (.const:xdc_runtime_Error_Module__diagsMask__C)
                  00816310    00000004     Sys_BIOs_config_pe66.oe66 (.const:xdc_runtime_Error_Module__loggerFxn8__C)
                  00816314    00000004     Sys_BIOs_config_pe66.oe66 (.const:xdc_runtime_Error_Module__loggerObj__C)
                  00816318    00000004     Sys_BIOs_config_pe66.oe66 (.const:xdc_runtime_Error_policy__C)
                  0081631c    00000004     Sys_BIOs_config_pe66.oe66 (.const:xdc_runtime_Error_raiseHook__C)
                  00816320    00000004     Sys_BIOs_config_pe66.oe66 (.const:xdc_runtime_IFilterLogger_Interface__BASE__C)
                  00816324    00000004     Sys_BIOs_config_pe66.oe66 (.const:xdc_runtime_IGateProvider_Interface__BASE__C)
                  00816328    00000004     Sys_BIOs_config_pe66.oe66 (.const:xdc_runtime_IHeap_Interface__BASE__C)
                  0081632c    00000004     Sys_BIOs_config_pe66.oe66 (.const:xdc_runtime_ILogger_Interface__BASE__C)
                  00816330    00000004     Sys_BIOs_config_pe66.oe66 (.const:xdc_runtime_IModule_Interface__BASE__C)
                  00816334    00000004     Sys_BIOs_config_pe66.oe66 (.const:xdc_runtime_Log_L_error__C)
                  00816338    00000004     Sys_BIOs_config_pe66.oe66 (.const:xdc_runtime_LoggerBuf_E_badLevel__C)
                  0081633c    00000004     Sys_BIOs_config_pe66.oe66 (.const:xdc_runtime_LoggerBuf_Module__gateObj__C)
                  00816340    00000004     Sys_BIOs_config_pe66.oe66 (.const:xdc_runtime_LoggerBuf_Object__count__C)
                  00816344    00000004     Sys_BIOs_config_pe66.oe66 (.const:xdc_runtime_LoggerBuf_statusLogger__C)
                  00816348    00000004     Sys_BIOs_config_pe66.oe66 (.const:xdc_runtime_Memory_defaultHeapInstance__C)
                  0081634c    00000004     Sys_BIOs_config_pe66.oe66 (.const:xdc_runtime_Startup_execImpl__C)
                  00816350    00000004     Sys_BIOs_config_pe66.oe66 (.const:xdc_runtime_Startup_lastFxns__A)
                  00816354    00000004     Sys_BIOs_config_pe66.oe66 (.const:xdc_runtime_Startup_maxPasses__C)
                  00816358    00000004     Sys_BIOs_config_pe66.oe66 (.const:xdc_runtime_Startup_sfxnRts__C)
                  0081635c    00000004     Sys_BIOs_config_pe66.oe66 (.const:xdc_runtime_Startup_sfxnTab__C)
                  00816360    00000004     Sys_BIOs_config_pe66.oe66 (.const:xdc_runtime_SysMin_bufSize__C)
                  00816364    00000004     Sys_BIOs_config_pe66.oe66 (.const:xdc_runtime_SysMin_outputFunc__C)
                  00816368    00000004     Sys_BIOs_config_pe66.oe66 (.const:xdc_runtime_System_Module__gateObj__C)
                  0081636c    00000004     Sys_BIOs_config_pe66.oe66 (.const:xdc_runtime_System_extendFxn__C)
                  00816370    00000004     Sys_BIOs_config_pe66.oe66 (.const:xdc_runtime_System_maxAtexitHandlers__C)
                  00816374    00000004     Sys_BIOs_config_pe66.oe66 (.const:xdc_runtime_Text_charTab__C)
                  00816378    00000004     Sys_BIOs_config_pe66.oe66 (.const:xdc_runtime_Text_nameEmpty__C)
                  0081637c    00000004     Sys_BIOs_config_pe66.oe66 (.const:xdc_runtime_Text_nameStatic__C)
                  00816380    00000004     Sys_BIOs_config_pe66.oe66 (.const:xdc_runtime_Text_nameUnknown__C)
                  00816384    00000004     Sys_BIOs_config_pe66.oe66 (.const:xdc_runtime_Text_nodeTab__C)
                  00816388    00000004     Sys_BIOs_config_pe66.oe66 (.const:xdc_runtime_Text_visitRopeFxn__C)
                  0081638c    00000002     Sys_BIOs_config_pe66.oe66 (.const:ti_sysbios_family_c64p_Exception_enablePrint__C)
                  0081638e    00000002     Sys_BIOs_config_pe66.oe66 (.const:ti_sysbios_family_c64p_Exception_useInternalBuffer__C)
                  00816390    00000002     Sys_BIOs_config_pe66.oe66 (.const:ti_sysbios_family_c64p_Hwi_Module__id__C)
                  00816392    00000002     Sys_BIOs_config_pe66.oe66 (.const:ti_sysbios_family_c64p_Hwi_Module__loggerDefined__C)
                  00816394    00000002     Sys_BIOs_config_pe66.oe66 (.const:ti_sysbios_gates_GateMutex_Module__id__C)
                  00816396    00000002     Sys_BIOs_config_pe66.oe66 (.const:ti_sysbios_hal_Hwi_Module__id__C)
                  00816398    00000002     Sys_BIOs_config_pe66.oe66 (.const:ti_sysbios_heaps_HeapMem_Module__id__C)
                  0081639a    00000002     Sys_BIOs_config_pe66.oe66 (.const:ti_sysbios_knl_Clock_Module__id__C)
                  0081639c    00000002     Sys_BIOs_config_pe66.oe66 (.const:ti_sysbios_knl_Clock_Module__loggerDefined__C)
                  0081639e    00000002     Sys_BIOs_config_pe66.oe66 (.const:ti_sysbios_knl_Semaphore_Module__id__C)
                  008163a0    00000002     Sys_BIOs_config_pe66.oe66 (.const:ti_sysbios_knl_Semaphore_Module__loggerDefined__C)
                  008163a2    00000002     Sys_BIOs_config_pe66.oe66 (.const:ti_sysbios_knl_Swi_Module__id__C)
                  008163a4    00000002     Sys_BIOs_config_pe66.oe66 (.const:ti_sysbios_knl_Swi_Module__loggerDefined__C)
                  008163a6    00000002     Sys_BIOs_config_pe66.oe66 (.const:ti_sysbios_knl_Task_Module__id__C)
                  008163a8    00000002     Sys_BIOs_config_pe66.oe66 (.const:ti_sysbios_knl_Task_Module__loggerDefined__C)
                  008163aa    00000002     Sys_BIOs_config_pe66.oe66 (.const:ti_sysbios_knl_Task_deleteTerminatedTasks__C)
                  008163ac    00000002     Sys_BIOs_config_pe66.oe66 (.const:ti_sysbios_knl_Task_initStackFlag__C)
                  008163ae    00000002     Sys_BIOs_config_pe66.oe66 (.const:ti_sysbios_timers_timer64_Timer_Module__id__C)
                  008163b0    00000002     Sys_BIOs_config_pe66.oe66 (.const:ti_sysbios_timers_timer64_Timer_startupNeeded__C)
                  008163b2    00000002     Sys_BIOs_config_pe66.oe66 (.const:ti_sysbios_utils_Load_Module__id__C)
                  008163b4    00000002     Sys_BIOs_config_pe66.oe66 (.const:ti_sysbios_utils_Load_Module__loggerDefined__C)
                  008163b6    00000002     Sys_BIOs_config_pe66.oe66 (.const:ti_sysbios_utils_Load_autoAddTasks__C)
                  008163b8    00000002     Sys_BIOs_config_pe66.oe66 (.const:ti_sysbios_utils_Load_hwiEnabled__C)
                  008163ba    00000002     Sys_BIOs_config_pe66.oe66 (.const:ti_sysbios_utils_Load_swiEnabled__C)
                  008163bc    00000002     Sys_BIOs_config_pe66.oe66 (.const:ti_sysbios_utils_Load_taskEnabled__C)
                  008163be    00000002     Sys_BIOs_config_pe66.oe66 (.const:ti_sysbios_utils_Load_updateInIdle__C)
                  008163c0    00000002     Sys_BIOs_config_pe66.oe66 (.const:ti_uia_runtime_LoggerProbePoint_Module__id__C)
                  008163c2    00000002     Sys_BIOs_config_pe66.oe66 (.const:ti_uia_runtime_LoggerProbePoint_filterByLevel__C)
                  008163c4    00000002     Sys_BIOs_config_pe66.oe66 (.const:ti_uia_runtime_LoggerProbePoint_isTimestampEnabled__C)
                  008163c6    00000002     Sys_BIOs_config_pe66.oe66 (.const:ti_uia_runtime_LoggerStopMode_Module__id__C)
                  008163c8    00000002     Sys_BIOs_config_pe66.oe66 (.const:ti_uia_runtime_LoggerStopMode_filterByLevel__C)
                  008163ca    00000002     Sys_BIOs_config_pe66.oe66 (.const:ti_uia_runtime_LoggerStopMode_isTimestampEnabled__C)
                  008163cc    00000002     Sys_BIOs_config_pe66.oe66 (.const:xdc_runtime_Core_Module__id__C)
                  008163ce    00000002     Sys_BIOs_config_pe66.oe66 (.const:xdc_runtime_Error_Module__loggerDefined__C)
                  008163d0    00000002     Sys_BIOs_config_pe66.oe66 (.const:xdc_runtime_Error_maxDepth__C)
                  008163d2    00000002     Sys_BIOs_config_pe66.oe66 (.const:xdc_runtime_LoggerBuf_Module__id__C)
                  008163d4    00000002     Sys_BIOs_config_pe66.oe66 (.const:xdc_runtime_LoggerBuf_filterByLevel__C)
                  008163d6    00000002     Sys_BIOs_config_pe66.oe66 (.const:xdc_runtime_Memory_Module__id__C)
                  008163d8    00000002     Sys_BIOs_config_pe66.oe66 (.const:xdc_runtime_SysMin_flushAtExit__C)
                  008163da    00000002     Sys_BIOs_config_pe66.oe66 (.const:xdc_runtime_Text_charCnt__C)
                  008163dc    00000002     Sys_BIOs_config_pe66.oe66 (.const:xdc_runtime_Text_isLoaded__C)
                  008163de    00000002     Sys_BIOs_config_pe66.oe66 (.const:xdc_runtime_Text_registryModsLastId__C)
                  008163e0    00000002     Sys_BIOs_config_pe66.oe66 (.const:xdc_runtime_Text_unnamedModsLastId__C)

.far       0    008163e8    00003778     UNINITIALIZED
                  008163e8    00002610     Sys_BIOs_config_pe66.oe66 (.far)
                  008189f8    00001000     Sys_BIOs_config_pe66.oe66 (.far:taskStackSection)
                  008199f8    00000140     rts6600_elf.lib : defs.obj (.far)
                  00819b38    00000020     util.obj (.far)
                  00819b58    00000008     rts6600_elf.lib : trgdrv.obj (.far)

.stack     0    00819b60    00001000     UNINITIALIZED
                  00819b60    00000008     boot.ae66 : boot.oe66 (.stack)
                  00819b68    00000ff8     --HOLE--

.fardata   0    0081ab60    00000dac     
                  0081ab60    000002e0     Sys_BIOs_config_pe66.oe66 (.fardata)
                  0081ae40    000001e0     rts6600_elf.lib : defs.obj (.fardata:_ftable)
                  0081b020    00000180     Sys_BIOs_config_pe66.oe66 (.fardata:ti_sysbios_timers_timer64_Timer_Module_State_0_device__A)
                  0081b1a0    00000114     Sys_BIOs_config_pe66.oe66 (.fardata:ti_uia_runtime_LoggerProbePoint_Object__table__V)
                  0081b2b4    00000004     rts6600_elf.lib : defs.obj (.fardata)
                  0081b2b8    000000a0                     : lowlev.obj (.fardata:_stream)
                  0081b358    000000a0     Sys_BIOs_config_pe66.oe66 (.fardata:ti_sysbios_knl_Task_Object__table__V)
                  0081b3f8    00000080     Sys_BIOs_config_pe66.oe66 (.fardata:ti_sysbios_knl_Swi_Module_State_0_readyQ__A)
                  0081b478    00000080     Sys_BIOs_config_pe66.oe66 (.fardata:ti_sysbios_knl_Task_Module_State_0_readyQ__A)
                  0081b4f8    00000080     Sys_BIOs_config_pe66.oe66 (.fardata:ti_sysbios_timers_timer64_Timer_Module_State_0_gctrl__A)
                  0081b578    00000080     Sys_BIOs_config_pe66.oe66 (.fardata:ti_sysbios_timers_timer64_Timer_Module_State_0_handles__A)
                  0081b5f8    00000080     Sys_BIOs_config_pe66.oe66 (.fardata:ti_sysbios_timers_timer64_Timer_Module_State_0_intFreqs__A)
                  0081b678    00000078     rts6600_elf.lib : lowlev.obj (.fardata:_device)
                  0081b6f0    0000005c     Sys_BIOs_config_pe66.oe66 (.fardata:ti_uia_runtime_LoggerStopMode_Object__table__V)
                  0081b74c    00000004     rts6600_elf.lib : dtor_list.obj (.fardata)
                  0081b750    0000004c     Sys_BIOs_config_pe66.oe66 (.fardata:ti_sysbios_timers_timer64_Timer_Object__table__V)
                  0081b79c    00000004     --HOLE--
                  0081b7a0    00000040     rts6600_elf.lib : sin.obj (.fardata:R$1)
                  0081b7e0    00000040     Sys_BIOs_config_pe66.oe66 (.fardata:ti_sysbios_gates_GateMutex_Object__table__V)
                  0081b820    00000030     Sys_BIOs_config_pe66.oe66 (.fardata:ti_sysbios_knl_Swi_Object__table__V)
                  0081b850    00000024     Sys_BIOs_config_pe66.oe66 (.fardata:xdc_runtime_LoggerBuf_Object__table__V)
                  0081b874    00000004     --HOLE--
                  0081b878    00000018     Sys_BIOs_config_pe66.oe66 (.fardata:ti_sysbios_family_c64p_Hwi_Object__table__V)
                  0081b890    00000018     Sys_BIOs_config_pe66.oe66 (.fardata:ti_sysbios_heaps_HeapMem_Object__table__V)
                  0081b8a8    00000010     util.obj (.fardata:coef)
                  0081b8b8    00000010     Sys_BIOs_config_pe66.oe66 (.fardata:xdc_runtime_System_Module_State_0_atexitHandlers__A)
                  0081b8c8    0000000c     rts6600_elf.lib : exit.obj (.fardata)
                  0081b8d4    00000008                     : _lock.obj (.fardata)
                  0081b8dc    00000004     --HOLE--
                  0081b8e0    00000008     Sys_BIOs_config_pe66.oe66 (.fardata:ti_sysbios_hal_Hwi_Object__table__V)
                  0081b8e8    00000008     Sys_BIOs_config_pe66.oe66 (.fardata:ti_sysbios_hal_Timer_Object__table__V)
                  0081b8f0    00000004     Sys_BIOs_config_pe66.oe66 (.fardata:ti_sysbios_gates_GateHwi_Object__table__V)
                  0081b8f4    00000004     --HOLE--
                  0081b8f8    00000004     Sys_BIOs_config_pe66.oe66 (.fardata:ti_sysbios_knl_Task_Module_State_0_idleTask__A)
                  0081b8fc    00000004     --HOLE--
                  0081b900    00000004     Sys_BIOs_config_pe66.oe66 (.fardata:ti_sysbios_utils_Load_Module_State_0_runningTask__A)
                  0081b904    00000004     --HOLE--
                  0081b908    00000004     Sys_BIOs_config_pe66.oe66 (.fardata:ti_sysbios_utils_Load_Module_State_0_taskStartTime__A)

.cio       0    0081b910    00000120     UNINITIALIZED
                  0081b910    00000120     rts6600_elf.lib : trgmsg.obj (.cio)

.bss       0    0081ba30    00000034     UNINITIALIZED
                  0081ba30    00000020     util.obj (.bss)
                  0081ba50    00000014     main_gtz.obj (.bss)

.neardata 
*          0    0081ba64    00000068     
                  0081ba64    00000060     main_gtz.obj (.neardata)
                  0081bac4    00000008     ti.uia.runtime.ae66 : QueueDescriptor.oe66 (.neardata)

.rodata    0    0081bacc    00000000     UNINITIALIZED

.vecs      0    0081bc00    00000200     
                  0081bc00    00000200     Sys_BIOs_config_pe66.oe66 (.vecs)

.cinit     0    0081be00    00000834     
                  0081be00    000007ec     (.cinit..fardata.load) [load image, compression = rle]
                  0081c5ec    0000000c     (__TI_handler_table)
                  0081c5f8    00000009     (.cinit..neardata.load) [load image, compression = rle]
                  0081c601    00000003     --HOLE-- [fill = 0]
                  0081c604    00000008     (.cinit..bss.load) [load image, compression = zero_init]
[...]
00812a40   xdc_runtime_Gate_enterSystem__E
00812a40   xdc_runtime_Gate_enterSystem__F
00812aa0   xdc_runtime_LoggerBuf_Module_GateProxy_enter__E
00812ac0   xdc_runtime_LoggerBuf_Module_GateProxy_leave__E
00812ae0   xdc_runtime_LoggerBuf_disable__E
00812ae0   xdc_runtime_LoggerBuf_disable__F
00812b00   xdc_runtime_LoggerBuf_enable__E
00812b00   xdc_runtime_LoggerBuf_enable__F
00812b20   xdc_runtime_Memory_HeapProxy_alloc__E
00812b40   xdc_runtime_Memory_HeapProxy_free__E
00812b60   xdc_runtime_Startup_exec__I
00812b80   xdc_runtime_Startup_reset__I
00812ba0   xdc_runtime_SysMin_ready__E
00812ba0   xdc_runtime_SysMin_ready__F
00812ba0   xdc_runtime_System_SupportProxy_ready__E
00812bc0   xdc_runtime_System_Module_GateProxy_enter__E
00812be0   xdc_runtime_System_Module_GateProxy_leave__E
00812c00   xdc_runtime_System_Module_startup__E
00812c00   xdc_runtime_System_Module_startup__F
00812c20   xdc_runtime_System_exit__E
00812c20   xdc_runtime_System_exit__F
00812c40   xdc_runtime_System_lastFxn__I
00812c60   xdc_runtime_System_snprintf_va__E
00812c60   xdc_runtime_System_snprintf_va__F
00812c60   xdc_runtime_System_vsnprintf__E
00812c60   xdc_runtime_System_vsnprintf__F
00812c80   xdc_runtime_Text_visitRope__I
00812ca0   xdc_runtime_Timestamp_Module__startupDone__S
00812cc0   xdc_runtime_Text_charTab__A
008154ee   ti_sysbios_BIOS_Module__id__C
008154f0   ti_sysbios_family_c66_Cache_marvalues__C
008158f0   xdc_runtime_Text_nodeTab__A
00815b00   ti_uia_runtime_LoggerProbePoint_Module__FXNS__C
00815b60   ti_uia_runtime_LoggerStopMode_Module__FXNS__C
00815c60   xdc_runtime_Startup_sfxnTab__A
00815ce4   xdc_runtime_LoggerBuf_Module__FXNS__C
00815d20   ti_uia_runtime_LoggerProbePoint_Object__PARAMS__C
00815d54   ti_uia_runtime_LoggerStopMode_Object__PARAMS__C
00815d88   ti_sysbios_knl_Task_hooks__A
00815de4   ti_sysbios_heaps_HeapMem_Module__FXNS__C
00815e0c   xdc_runtime_LoggerBuf_Object__PARAMS__C
00815e34   ti_sysbios_gates_GateHwi_Module__FXNS__C
00815e58   ti_sysbios_gates_GateMutex_Module__FXNS__C
00815e7c   ti_sysbios_heaps_HeapMem_Object__PARAMS__C
00815ea0   ti_sysbios_knl_Clock_Object__PARAMS__C
00815ec4   ti_sysbios_knl_Semaphore_Object__PARAMS__C
00815ee8   xdc_runtime_Startup_sfxnRts__A
00815f0a   ti_sysbios_family_c64p_Exception_Module__id__C
00815f0c   ti_sysbios_gates_GateHwi_Object__DESC__C
00815f2c   ti_sysbios_gates_GateMutex_Object__DESC__C
00815f4c   ti_sysbios_heaps_HeapMem_Object__DESC__C
00815f6c   ti_sysbios_knl_Clock_Object__DESC__C
00815f8c   ti_sysbios_knl_Queue_Object__DESC__C
00815fac   ti_sysbios_knl_Semaphore_Object__DESC__C
00815fcc   ti_uia_runtime_LoggerProbePoint_Object__DESC__C
00815fec   ti_uia_runtime_LoggerStopMode_Object__DESC__C
0081600c   xdc_runtime_LoggerBuf_Object__DESC__C
0081602c   ti_sysbios_gates_GateHwi_Object__PARAMS__C
00816044   ti_sysbios_gates_GateMutex_Object__PARAMS__C
0081605c   ti_sysbios_knl_Queue_Object__PARAMS__C
008160a2   ti_sysbios_family_c64p_Exception_enableExternalMPC__C
008160a4   ti_sysbios_family_c66_Cache_initSize__C
008160b0   ti_sysbios_knl_Idle_coreList__A
008160b8   ti_sysbios_knl_Idle_coreList__C
008160c0   ti_sysbios_knl_Idle_funcList__A
008160c8   ti_sysbios_knl_Idle_funcList__C
008160d0   ti_sysbios_knl_Task_hooks__C
008160d8   xdc_runtime_Startup_firstFxns__A
008160e0   xdc_runtime_Startup_firstFxns__C
008160e8   xdc_runtime_Startup_lastFxns__C
008160f4   ti_sysbios_BIOS_Module__diagsEnabled__C
008160f8   ti_sysbios_BIOS_Module__diagsIncluded__C
008160fc   ti_sysbios_BIOS_Module__diagsMask__C
00816100   ti_sysbios_BIOS_installedErrorHook__C
00816104   ti_sysbios_family_c64p_Exception_E_exceptionMax__C
00816108   ti_sysbios_family_c64p_Exception_E_exceptionMin__C
0081610c   ti_sysbios_family_c64p_Exception_exceptionHook__C
00816110   ti_sysbios_family_c64p_Exception_externalHook__C
00816114   ti_sysbios_family_c64p_Exception_internalHook__C
00816118   ti_sysbios_family_c64p_Exception_nmiHook__C
0081611c   ti_sysbios_family_c64p_Hwi_LD_end__C
00816120   ti_sysbios_family_c64p_Hwi_LM_begin__C
00816124   ti_sysbios_family_c64p_Hwi_Module__diagsEnabled__C
00816128   ti_sysbios_family_c64p_Hwi_Module__diagsIncluded__C
0081612c   ti_sysbios_family_c64p_Hwi_Module__diagsMask__C
00816130   ti_sysbios_family_c64p_Hwi_Module__loggerFxn1__C
00816134   ti_sysbios_family_c64p_Hwi_Module__loggerFxn8__C
00816138   ti_sysbios_family_c64p_Hwi_Module__loggerObj__C
0081613c   ti_sysbios_gates_GateMutex_A_badContext__C
00816140   ti_sysbios_gates_GateMutex_Instance_State_sem__O
00816144   ti_sysbios_gates_GateMutex_Module__diagsEnabled__C
00816148   ti_sysbios_gates_GateMutex_Module__diagsIncluded__C
0081614c   ti_sysbios_gates_GateMutex_Module__diagsMask__C
00816150   ti_sysbios_hal_Hwi_E_stackOverflow__C
00816154   ti_sysbios_heaps_HeapMem_A_align__C
00816158   ti_sysbios_heaps_HeapMem_A_heapSize__C
0081615c   ti_sysbios_heaps_HeapMem_A_invalidFree__C
00816160   ti_sysbios_heaps_HeapMem_A_zeroBlock__C
00816164   ti_sysbios_heaps_HeapMem_E_memory__C
00816168   ti_sysbios_heaps_HeapMem_Module__diagsEnabled__C
0081616c   ti_sysbios_heaps_HeapMem_Module__diagsIncluded__C
00816170   ti_sysbios_heaps_HeapMem_Module__diagsMask__C
00816174   ti_sysbios_heaps_HeapMem_Module__gateObj__C
00816178   ti_sysbios_heaps_HeapMem_Object__count__C
0081617c   ti_sysbios_heaps_HeapMem_reqAlign__C
00816180   ti_sysbios_knl_Clock_A_badThreadType__C
00816184   ti_sysbios_knl_Clock_LM_begin__C
00816188   ti_sysbios_knl_Clock_LM_tick__C
0081618c   ti_sysbios_knl_Clock_LW_delayed__C
00816190   ti_sysbios_knl_Clock_Module_State_clockQ__O
00816194   ti_sysbios_knl_Clock_Module__diagsEnabled__C
00816198   ti_sysbios_knl_Clock_Module__diagsIncluded__C
0081619c   ti_sysbios_knl_Clock_Module__diagsMask__C
008161a0   ti_sysbios_knl_Clock_Module__loggerFxn1__C
008161a4   ti_sysbios_knl_Clock_Module__loggerFxn2__C
008161a8   ti_sysbios_knl_Clock_Module__loggerObj__C
008161ac   ti_sysbios_knl_Clock_tickMode__C
008161b0   ti_sysbios_knl_Clock_tickSource__C
008161b4   ti_sysbios_knl_Semaphore_A_badContext__C
008161b8   ti_sysbios_knl_Semaphore_A_noEvents__C
008161bc   ti_sysbios_knl_Semaphore_A_overflow__C
008161c0   ti_sysbios_knl_Semaphore_A_pendTaskDisabled__C
008161c4   ti_sysbios_knl_Semaphore_Instance_State_pendQ__O
008161c8   ti_sysbios_knl_Semaphore_LM_pend__C
008161cc   ti_sysbios_knl_Semaphore_LM_post__C
008161d0   ti_sysbios_knl_Semaphore_Module__diagsEnabled__C
008161d4   ti_sysbios_knl_Semaphore_Module__diagsIncluded__C
008161d8   ti_sysbios_knl_Semaphore_Module__diagsMask__C
008161dc   ti_sysbios_knl_Semaphore_Module__loggerFxn2__C
008161e0   ti_sysbios_knl_Semaphore_Module__loggerFxn4__C
008161e4   ti_sysbios_knl_Semaphore_Module__loggerObj__C
008161e8   ti_sysbios_knl_Swi_LD_end__C
008161ec   ti_sysbios_knl_Swi_LM_begin__C
008161f0   ti_sysbios_knl_Swi_LM_post__C
008161f4   ti_sysbios_knl_Swi_Module__diagsEnabled__C
008161f8   ti_sysbios_knl_Swi_Module__diagsIncluded__C
008161fc   ti_sysbios_knl_Swi_Module__diagsMask__C
00816200   ti_sysbios_knl_Swi_Module__loggerFxn1__C
00816204   ti_sysbios_knl_Swi_Module__loggerFxn4__C
00816208   ti_sysbios_knl_Swi_Module__loggerObj__C
0081620c   ti_sysbios_knl_Swi_Object__count__C
00816210   ti_sysbios_knl_Task_A_badTimeout__C
00816214   ti_sysbios_knl_Task_A_sleepTaskDisabled__C
00816218   ti_sysbios_knl_Task_E_spOutOfBounds__C
0081621c   ti_sysbios_knl_Task_E_stackOverflow__C
00816220   ti_sysbios_knl_Task_LD_block__C
00816224   ti_sysbios_knl_Task_LD_exit__C
00816228   ti_sysbios_knl_Task_LD_ready__C
0081622c   ti_sysbios_knl_Task_LM_sleep__C
00816230   ti_sysbios_knl_Task_LM_switch__C
00816234   ti_sysbios_knl_Task_Module_State_inactiveQ__O
00816238   ti_sysbios_knl_Task_Module_State_terminatedQ__O
0081623c   ti_sysbios_knl_Task_Module__diagsEnabled__C
00816240   ti_sysbios_knl_Task_Module__diagsIncluded__C
00816244   ti_sysbios_knl_Task_Module__diagsMask__C
00816248   ti_sysbios_knl_Task_Module__loggerFxn2__C
0081624c   ti_sysbios_knl_Task_Module__loggerFxn4__C
00816250   ti_sysbios_knl_Task_Module__loggerObj__C
00816254   ti_sysbios_knl_Task_Object__count__C
00816258   ti_sysbios_knl_Task_Object__heap__C
0081625c   ti_sysbios_knl_Task_allBlockedFunc__C
00816260   ti_sysbios_knl_Task_numConstructedTasks__C
00816264   ti_sysbios_timers_timer64_Timer_A_notAvailable__C
00816268   ti_sysbios_timers_timer64_Timer_E_cannotSupport__C
0081626c   ti_sysbios_timers_timer64_Timer_Module__diagsEnabled__C
00816270   ti_sysbios_timers_timer64_Timer_Module__diagsIncluded__C
00816274   ti_sysbios_timers_timer64_Timer_Module__diagsMask__C
00816278   ti_sysbios_timers_timer64_Timer_anyMask__C
0081627c   ti_sysbios_timers_timer64_Timer_freqDivisor__C
00816280   ti_sysbios_timers_timer64_Timer_numLocalTimers__C
00816284   ti_sysbios_timers_timer64_Timer_numTimerDevices__C
00816288   ti_sysbios_utils_Load_LS_cpuLoad__C
0081628c   ti_sysbios_utils_Load_LS_hwiLoad__C
00816290   ti_sysbios_utils_Load_LS_swiLoad__C
00816294   ti_sysbios_utils_Load_LS_taskLoad__C
00816298   ti_sysbios_utils_Load_Module_State_taskList__O
0081629c   ti_sysbios_utils_Load_Module__diagsEnabled__C
008162a0   ti_sysbios_utils_Load_Module__diagsIncluded__C
008162a4   ti_sysbios_utils_Load_Module__diagsMask__C
008162a8   ti_sysbios_utils_Load_Module__loggerFxn1__C
008162ac   ti_sysbios_utils_Load_Module__loggerFxn2__C
008162b0   ti_sysbios_utils_Load_Module__loggerFxn4__C
008162b4   ti_sysbios_utils_Load_Module__loggerObj__C
008162b8   ti_sysbios_utils_Load_postUpdate__C
008162bc   ti_sysbios_utils_Load_windowInMs__C
008162c0   ti_uia_family_c66_TimestampC66XGlobal_timerBaseAdrs__C
008162c4   ti_uia_runtime_ILoggerSnapshot_Interface__BASE__C
008162c8   ti_uia_runtime_IUIATransfer_Interface__BASE__C
008162cc   ti_uia_runtime_LoggerProbePoint_E_badLevel__C
008162d0   ti_uia_runtime_LoggerProbePoint_Object__count__C
008162d4   ti_uia_runtime_LoggerProbePoint_overflowLogger__C
008162d8   ti_uia_runtime_LoggerProbePoint_statusLogger__C
008162dc   ti_uia_runtime_LoggerStopMode_E_badLevel__C
008162e0   ti_uia_runtime_LoggerStopMode_Object__count__C
008162e4   ti_uia_runtime_LoggerStopMode_overflowLogger__C
008162e8   ti_uia_runtime_LoggerStopMode_statusLogger__C
008162ec   xdc_runtime_Assert_E_assertFailed__C
008162f0   xdc_runtime_Core_A_initializedParams__C
008162f4   xdc_runtime_Core_Module__diagsEnabled__C
008162f8   xdc_runtime_Core_Module__diagsIncluded__C
008162fc   xdc_runtime_Core_Module__diagsMask__C
00816300   xdc_runtime_Error_E_memory__C
00816304   xdc_runtime_Error_Module__diagsEnabled__C
00816308   xdc_runtime_Error_Module__diagsIncluded__C
0081630c   xdc_runtime_Error_Module__diagsMask__C
00816310   xdc_runtime_Error_Module__loggerFxn8__C
00816314   xdc_runtime_Error_Module__loggerObj__C
00816318   xdc_runtime_Error_policy__C
0081631c   xdc_runtime_Error_raiseHook__C
00816320   xdc_runtime_IFilterLogger_Interface__BASE__C
00816324   xdc_runtime_IGateProvider_Interface__BASE__C
00816328   xdc_runtime_IHeap_Interface__BASE__C
0081632c   xdc_runtime_ILogger_Interface__BASE__C
00816330   xdc_runtime_IModule_Interface__BASE__C
00816334   xdc_runtime_Log_L_error__C
00816338   xdc_runtime_LoggerBuf_E_badLevel__C
0081633c   xdc_runtime_LoggerBuf_Module__gateObj__C
00816340   xdc_runtime_LoggerBuf_Object__count__C
00816344   xdc_runtime_LoggerBuf_statusLogger__C
00816348   xdc_runtime_Memory_defaultHeapInstance__C
0081634c   xdc_runtime_Startup_execImpl__C
00816350   xdc_runtime_Startup_lastFxns__A
00816354   xdc_runtime_Startup_maxPasses__C
00816358   xdc_runtime_Startup_sfxnRts__C
0081635c   xdc_runtime_Startup_sfxnTab__C
00816360   xdc_runtime_SysMin_bufSize__C
00816364   xdc_runtime_SysMin_outputFunc__C
00816368   xdc_runtime_System_Module__gateObj__C
0081636c   xdc_runtime_System_extendFxn__C
00816370   xdc_runtime_System_maxAtexitHandlers__C
00816374   xdc_runtime_Text_charTab__C
00816378   xdc_runtime_Text_nameEmpty__C
0081637c   xdc_runtime_Text_nameStatic__C
00816380   xdc_runtime_Text_nameUnknown__C
00816384   xdc_runtime_Text_nodeTab__C
00816388   xdc_runtime_Text_visitRopeFxn__C
0081638c   ti_sysbios_family_c64p_Exception_enablePrint__C
0081638e   ti_sysbios_family_c64p_Exception_useInternalBuffer__C
00816390   ti_sysbios_family_c64p_Hwi_Module__id__C
00816392   ti_sysbios_family_c64p_Hwi_Module__loggerDefined__C
00816394   ti_sysbios_gates_GateMutex_Module__id__C
00816396   ti_sysbios_hal_Hwi_Module__id__C
00816398   ti_sysbios_heaps_HeapMem_Module__id__C
0081639a   ti_sysbios_knl_Clock_Module__id__C
0081639c   ti_sysbios_knl_Clock_Module__loggerDefined__C
0081639e   ti_sysbios_knl_Semaphore_Module__id__C
008163a0   ti_sysbios_knl_Semaphore_Module__loggerDefined__C
008163a2   ti_sysbios_knl_Swi_Module__id__C
008163a4   ti_sysbios_knl_Swi_Module__loggerDefined__C
008163a6   ti_sysbios_knl_Task_Module__id__C
008163a8   ti_sysbios_knl_Task_Module__loggerDefined__C
008163aa   ti_sysbios_knl_Task_deleteTerminatedTasks__C
008163ac   ti_sysbios_knl_Task_initStackFlag__C
008163ae   ti_sysbios_timers_timer64_Timer_Module__id__C
008163b0   ti_sysbios_timers_timer64_Timer_startupNeeded__C
008163b2   ti_sysbios_utils_Load_Module__id__C
008163b4   ti_sysbios_utils_Load_Module__loggerDefined__C
008163b6   ti_sysbios_utils_Load_autoAddTasks__C
008163b8   ti_sysbios_utils_Load_hwiEnabled__C
008163ba   ti_sysbios_utils_Load_swiEnabled__C
008163bc   ti_sysbios_utils_Load_taskEnabled__C
008163be   ti_sysbios_utils_Load_updateInIdle__C
008163c0   ti_uia_runtime_LoggerProbePoint_Module__id__C
008163c2   ti_uia_runtime_LoggerProbePoint_filterByLevel__C
008163c4   ti_uia_runtime_LoggerProbePoint_isTimestampEnabled__C
008163c6   ti_uia_runtime_LoggerStopMode_Module__id__C
008163c8   ti_uia_runtime_LoggerStopMode_filterByLevel__C
008163ca   ti_uia_runtime_LoggerStopMode_isTimestampEnabled__C
008163cc   xdc_runtime_Core_Module__id__C
008163ce   xdc_runtime_Error_Module__loggerDefined__C
008163d0   xdc_runtime_Error_maxDepth__C
008163d2   xdc_runtime_LoggerBuf_Module__id__C
008163d4   xdc_runtime_LoggerBuf_filterByLevel__C
008163d6   xdc_runtime_Memory_Module__id__C
008163d8   xdc_runtime_SysMin_flushAtExit__C
008163da   xdc_runtime_Text_charCnt__C
008163dc   xdc_runtime_Text_isLoaded__C
008163de   xdc_runtime_Text_registryModsLastId__C
008163e0   xdc_runtime_Text_unnamedModsLastId__C
008163e8   ti_sysbios_heaps_HeapMem_Instance_State_0_buf__A
008173e8   ti_sysbios_knl_Task_Instance_State_0_hookEnv__A
008173f0   ti_sysbios_knl_Task_Instance_State_1_hookEnv__A
008173f8   ti_uia_runtime_LoggerProbePoint_Instance_State_0_bufferArray__A
00817678   ti_uia_runtime_LoggerProbePoint_Instance_State_1_bufferArray__A
00817af8   ti_uia_runtime_LoggerProbePoint_Instance_State_2_bufferArray__A
00817f78   ti_uia_runtime_LoggerStopMode_Instance_State_0_bufferArray__A
008181f8   xdc_runtime_LoggerBuf_Instance_State_0_entryArr__A
008185f8   xdc_runtime_SysMin_Module_State_0_outbuf__A
008189f8   ti_sysbios_knl_Task_Instance_State_0_stack__A
008191f8   ti_sysbios_knl_Task_Instance_State_1_stack__A
008199f8   _tmpnams
00819b38   gtz_out
00819b60   _stack
0081ab60   __TI_STACK_END
0081ab60   ti_sysbios_BIOS_Module__state__V
0081ab80   ti_sysbios_family_c64p_Exception_Module__state__V
0081abb0   ti_sysbios_family_c64p_Hwi_Module__root__V
0081abb8   ti_sysbios_family_c64p_Hwi_Module__state__V
0081ac20   ti_sysbios_gates_GateHwi_Module__root__V
0081ac28   ti_sysbios_gates_GateMutex_Module__root__V
0081ac30   ti_sysbios_hal_Hwi_Module__root__V
0081ac38   ti_sysbios_hal_Timer_Module__root__V
0081ac40   ti_sysbios_heaps_HeapMem_Module__root__V
0081ac48   ti_sysbios_knl_Clock_Module__root__V
0081ac50   ti_sysbios_knl_Clock_Module__state__V
0081ac78   ti_sysbios_knl_Event_Module__root__V
0081ac84   ti_sysbios_knl_Queue_Module__root__V
0081ac8c   ti_sysbios_knl_Semaphore_Module__root__V
0081ac98   ti_sysbios_knl_Swi_Module__root__V
0081aca4   ti_sysbios_knl_Swi_Module__state__V
0081acc0   ti_sysbios_knl_Task_Module__root__V
0081accc   ti_sysbios_knl_Task_Module__state__V
0081ad10   ti_sysbios_timers_timer64_Timer_Module__root__V
0081ad18   ti_sysbios_timers_timer64_Timer_Module__state__V
0081ad2c   ti_sysbios_utils_Load_Module__root__V
0081ad30   ti_sysbios_utils_Load_Module__state__V
0081adac   ti_uia_family_c66_TimestampC66XGlobal_Module__root__V
0081adb4   ti_uia_runtime_LogSync_Module__root__V
0081adbc   ti_uia_runtime_LogSync_Module__state__V
0081adc8   ti_uia_runtime_LoggerProbePoint_Module__root__V
0081add0   ti_uia_runtime_LoggerProbePoint_Module__state__V
0081add8   ti_uia_runtime_LoggerStopMode_Module__root__V
0081ade0   ti_uia_runtime_LoggerStopMode_Module__state__V
0081ade8   ti_uia_runtime_QueueDescriptor_Module__state__V
0081adf4   xdc_runtime_Error_Module__state__V
0081adf8   xdc_runtime_LoggerBuf_Module__root__V
0081ae00   xdc_runtime_LoggerBuf_Module__state__V
0081ae06   xdc_runtime_Main_Module__root__V
0081ae08   xdc_runtime_Memory_Module__state__V
0081ae0c   xdc_runtime_Registry_Module__state__V
0081ae14   xdc_runtime_Startup_Module__state__V
0081ae1c   xdc_runtime_SysMin_Module__state__V
0081ae28   xdc_runtime_System_Module__state__V
0081ae34   xdc_runtime_Text_Module__state__V
0081ae3c   __xdc__init__addr
0081ae40   _ftable
0081b020   ti_sysbios_timers_timer64_Timer_Module_State_0_device__A
0081b1a0   ti_uia_runtime_LoggerProbePoint_Object__table__V
0081b2b4   _ft_end
0081b358   ti_sysbios_knl_Task_Object__table__V
0081b3a8   TSK_idle
0081b3f8   ti_sysbios_knl_Swi_Module_State_0_readyQ__A
0081b478   ti_sysbios_knl_Task_Module_State_0_readyQ__A
0081b4f8   ti_sysbios_timers_timer64_Timer_Module_State_0_gctrl__A
0081b578   ti_sysbios_timers_timer64_Timer_Module_State_0_handles__A
0081b5f8   ti_sysbios_timers_timer64_Timer_Module_State_0_intFreqs__A
0081b6f0   ti_uia_runtime_LoggerStopMode_Object__table__V
0081b750   ti_sysbios_timers_timer64_Timer_Object__table__V
0081b7e0   ti_sysbios_gates_GateMutex_Object__table__V
0081b820   ti_sysbios_knl_Swi_Object__table__V
0081b850   xdc_runtime_LoggerBuf_Object__table__V
0081b878   ti_sysbios_family_c64p_Hwi_Object__table__V
0081b890   ti_sysbios_heaps_HeapMem_Object__table__V
0081b8a8   coef
0081b8b8   xdc_runtime_System_Module_State_0_atexitHandlers__A
0081b8c8   _cleanup_ptr
0081b8cc   _dtors_ptr
0081b8d0   __TI_enable_exit_profile_output
0081b8d4   _lock
0081b8d8   _unlock
0081b8e0   ti_sysbios_hal_Hwi_Object__table__V
0081b8e8   ti_sysbios_hal_Timer_Object__table__V
0081b8f0   ti_sysbios_gates_GateHwi_Object__table__V
0081b8f8   ti_sysbios_knl_Task_Module_State_0_idleTask__A
0081b900   ti_sysbios_utils_Load_Module_State_0_runningTask__A
0081b908   ti_sysbios_utils_Load_Module_State_0_taskStartTime__A
0081b910   __CIOBUF_
0081ba30   __TI_STATIC_BASE
0081ba30   time1
0081ba34   time2
0081ba38   digit
0081ba3c   freq1
0081ba40   freq2
0081ba44   mag1
0081ba48   mag2
0081ba4c   sample
0081bac4   ti_uia_runtime_QueueDescriptor_gPtrToFirstDescriptor
0081bac8   ti_uia_runtime_QueueDescriptor_gUpdateCount
0081bc00   ti_sysbios_family_c64p_Hwi0
0081bc00   ti_sysbios_family_c64p_Hwi_int0
0081bc20   ti_sysbios_family_c64p_Hwi_int1
0081bc40   ti_sysbios_family_c64p_Hwi_int2
0081bc60   ti_sysbios_family_c64p_Hwi_int3
0081bc80   ti_sysbios_family_c64p_Hwi_int4
0081bca0   ti_sysbios_family_c64p_Hwi_int5
0081bcc0   ti_sysbios_family_c64p_Hwi_int6
0081bce0   ti_sysbios_family_c64p_Hwi_int7
0081bd00   ti_sysbios_family_c64p_Hwi_int8
0081bd20   ti_sysbios_family_c64p_Hwi_int9
0081bd40   ti_sysbios_family_c64p_Hwi_int10
0081bd60   ti_sysbios_family_c64p_Hwi_int11
0081bd80   ti_sysbios_family_c64p_Hwi_int12
0081bda0   ti_sysbios_family_c64p_Hwi_int13
0081bdc0   ti_sysbios_family_c64p_Hwi_int14
0081bde0   ti_sysbios_family_c64p_Hwi_int15
0081c5ec   __TI_Handler_Table_Base
0081c5f8   __TI_Handler_Table_Limit
0081c614   __TI_CINIT_Base
0081c634   __TI_CINIT_Limit
ffffffff   __TI_pprof_out_hndl
ffffffff   __TI_prof_data_size
ffffffff   __TI_prof_data_start
ffffffff   __binit__
ffffffff   __c_args__
ffffffff   binit
UNDEFED    __TI_INITARRAY_Base
UNDEFED    __TI_INITARRAY_Limit

[871 symbols]
